Component: Arm Compiler for Embedded 6.18 Tool: armlink [5e4cc100]

==============================================================================

Section Cross References

    startup_stm32f103xe.o(STACK) refers (Special) to heapauxi.o(.text) for __use_two_region_memory
    startup_stm32f103xe.o(HEAP) refers (Special) to heapauxi.o(.text) for __use_two_region_memory
    startup_stm32f103xe.o(RESET) refers (Special) to heapauxi.o(.text) for __use_two_region_memory
    startup_stm32f103xe.o(RESET) refers to startup_stm32f103xe.o(STACK) for __initial_sp
    startup_stm32f103xe.o(RESET) refers to startup_stm32f103xe.o(.text) for Reset_Handler
    startup_stm32f103xe.o(RESET) refers to stm32f1xx_it.o(.text.NMI_Handler) for NMI_Handler
    startup_stm32f103xe.o(RESET) refers to stm32f1xx_it.o(.text.HardFault_Handler) for HardFault_Handler
    startup_stm32f103xe.o(RESET) refers to stm32f1xx_it.o(.text.MemManage_Handler) for MemManage_Handler
    startup_stm32f103xe.o(RESET) refers to stm32f1xx_it.o(.text.BusFault_Handler) for BusFault_Handler
    startup_stm32f103xe.o(RESET) refers to stm32f1xx_it.o(.text.UsageFault_Handler) for UsageFault_Handler
    startup_stm32f103xe.o(RESET) refers to stm32f1xx_it.o(.text.SVC_Handler) for SVC_Handler
    startup_stm32f103xe.o(RESET) refers to stm32f1xx_it.o(.text.DebugMon_Handler) for DebugMon_Handler
    startup_stm32f103xe.o(RESET) refers to stm32f1xx_it.o(.text.PendSV_Handler) for PendSV_Handler
    startup_stm32f103xe.o(RESET) refers to stm32f1xx_it.o(.text.SysTick_Handler) for SysTick_Handler
    startup_stm32f103xe.o(RESET) refers to stm32f1xx_it.o(.text.PVD_IRQHandler) for PVD_IRQHandler
    startup_stm32f103xe.o(RESET) refers to stm32f1xx_it.o(.text.EXTI2_IRQHandler) for EXTI2_IRQHandler
    startup_stm32f103xe.o(RESET) refers to stm32f1xx_it.o(.text.EXTI3_IRQHandler) for EXTI3_IRQHandler
    startup_stm32f103xe.o(RESET) refers to stm32f1xx_it.o(.text.DMA1_Channel1_IRQHandler) for DMA1_Channel1_IRQHandler
    startup_stm32f103xe.o(RESET) refers to stm32f1xx_it.o(.text.DMA1_Channel2_IRQHandler) for DMA1_Channel2_IRQHandler
    startup_stm32f103xe.o(RESET) refers to stm32f1xx_it.o(.text.DMA1_Channel3_IRQHandler) for DMA1_Channel3_IRQHandler
    startup_stm32f103xe.o(RESET) refers to stm32f1xx_it.o(.text.DMA1_Channel4_IRQHandler) for DMA1_Channel4_IRQHandler
    startup_stm32f103xe.o(RESET) refers to stm32f1xx_it.o(.text.DMA1_Channel5_IRQHandler) for DMA1_Channel5_IRQHandler
    startup_stm32f103xe.o(RESET) refers to stm32f1xx_it.o(.text.DMA1_Channel6_IRQHandler) for DMA1_Channel6_IRQHandler
    startup_stm32f103xe.o(RESET) refers to stm32f1xx_it.o(.text.DMA1_Channel7_IRQHandler) for DMA1_Channel7_IRQHandler
    startup_stm32f103xe.o(RESET) refers to stm32f1xx_it.o(.text.ADC1_2_IRQHandler) for ADC1_2_IRQHandler
    startup_stm32f103xe.o(RESET) refers to stm32f1xx_it.o(.text.I2C1_EV_IRQHandler) for I2C1_EV_IRQHandler
    startup_stm32f103xe.o(RESET) refers to stm32f1xx_it.o(.text.I2C1_ER_IRQHandler) for I2C1_ER_IRQHandler
    startup_stm32f103xe.o(RESET) refers to stm32f1xx_it.o(.text.USART1_IRQHandler) for USART1_IRQHandler
    startup_stm32f103xe.o(RESET) refers to stm32f1xx_it.o(.text.USART2_IRQHandler) for USART2_IRQHandler
    startup_stm32f103xe.o(RESET) refers to stm32f1xx_it.o(.text.USART3_IRQHandler) for USART3_IRQHandler
    startup_stm32f103xe.o(RESET) refers to stm32f1xx_it.o(.text.UART4_IRQHandler) for UART4_IRQHandler
    startup_stm32f103xe.o(RESET) refers to stm32f1xx_it.o(.text.UART5_IRQHandler) for UART5_IRQHandler
    startup_stm32f103xe.o(RESET) refers to stm32f1xx_it.o(.text.DMA2_Channel3_IRQHandler) for DMA2_Channel3_IRQHandler
    startup_stm32f103xe.o(RESET) refers to stm32f1xx_it.o(.text.DMA2_Channel4_5_IRQHandler) for DMA2_Channel4_5_IRQHandler
    startup_stm32f103xe.o(.text) refers (Special) to heapauxi.o(.text) for __use_two_region_memory
    startup_stm32f103xe.o(.text) refers to system_stm32f1xx.o(.text.SystemInit) for SystemInit
    startup_stm32f103xe.o(.text) refers to __main.o(!!!main) for __main
    startup_stm32f103xe.o(.text) refers to startup_stm32f103xe.o(HEAP) for Heap_Mem
    startup_stm32f103xe.o(.text) refers to startup_stm32f103xe.o(STACK) for Stack_Mem
    backup.o(.text.Backup_register_write) refers to stm32f1xx_hal_rtc_ex.o(.text.HAL_RTCEx_BKUPWrite) for HAL_RTCEx_BKUPWrite
    backup.o(.ARM.exidx.text.Backup_register_write) refers to backup.o(.text.Backup_register_write) for [Anonymous Symbol]
    backup.o(.text.Backup_register_read) refers to stm32f1xx_hal_rtc_ex.o(.text.HAL_RTCEx_BKUPRead) for HAL_RTCEx_BKUPRead
    backup.o(.ARM.exidx.text.Backup_register_read) refers to backup.o(.text.Backup_register_read) for [Anonymous Symbol]
    backup.o(.text.Backup_all_data) refers to backup.o(.text.Prepare_e2p_buf) for Prepare_e2p_buf
    backup.o(.text.Backup_all_data) refers to backup.o(.bss.e2p_temp_buf) for e2p_temp_buf
[...]
    _signal_init                              - Undefined Weak Reference
    _terminate_alloc                          - Undefined Weak Reference
    _terminate_user_alloc                     - Undefined Weak Reference
    _terminateio                              - Undefined Weak Reference
    __Vectors_Size                           0x00000130   Number         0  startup_stm32f103xe.o ABSOLUTE
    __Vectors                                0x08000000   Data           4  startup_stm32f103xe.o(RESET)
    __Vectors_End                            0x08000130   Data           0  startup_stm32f103xe.o(RESET)
    __main                                   0x08000131   Thumb Code     8  __main.o(!!!main)
    __scatterload                            0x08000139   Thumb Code     0  __scatter.o(!!!scatter)
    __scatterload_rt2                        0x08000139   Thumb Code    44  __scatter.o(!!!scatter)
    __scatterload_rt2_thumb_only             0x08000139   Thumb Code     0  __scatter.o(!!!scatter)
    __scatterload_null                       0x08000147   Thumb Code     0  __scatter.o(!!!scatter)
    __scatterload_copy                       0x0800016d   Thumb Code    26  __scatter_copy.o(!!handler_copy)
    __scatterload_zeroinit                   0x08000189   Thumb Code    28  __scatter_zi.o(!!handler_zi)
    __rt_lib_init                            0x080001a5   Thumb Code     0  libinit.o(.ARM.Collect$$libinit$$00000000)
    __rt_lib_init_alloca_1                   0x080001a7   Thumb Code     0  libinit2.o(.ARM.Collect$$libinit$$00000030)
    __rt_lib_init_argv_1                     0x080001a7   Thumb Code     0  libinit2.o(.ARM.Collect$$libinit$$0000002E)
    __rt_lib_init_atexit_1                   0x080001a7   Thumb Code     0  libinit2.o(.ARM.Collect$$libinit$$0000001D)
    __rt_lib_init_clock_1                    0x080001a7   Thumb Code     0  libinit2.o(.ARM.Collect$$libinit$$00000023)
    __rt_lib_init_cpp_1                      0x080001a7   Thumb Code     0  libinit2.o(.ARM.Collect$$libinit$$00000034)
    __rt_lib_init_exceptions_1               0x080001a7   Thumb Code     0  libinit2.o(.ARM.Collect$$libinit$$00000032)
    __rt_lib_init_fp_1                       0x080001a7   Thumb Code     0  libinit2.o(.ARM.Collect$$libinit$$00000002)
    __rt_lib_init_fp_trap_1                  0x080001a7   Thumb Code     0  libinit2.o(.ARM.Collect$$libinit$$00000021)
    __rt_lib_init_getenv_1                   0x080001a7   Thumb Code     0  libinit2.o(.ARM.Collect$$libinit$$00000025)
    __rt_lib_init_heap_1                     0x080001a7   Thumb Code     0  libinit2.o(.ARM.Collect$$libinit$$0000000C)
    __rt_lib_init_lc_collate_1               0x080001a7   Thumb Code     0  libinit2.o(.ARM.Collect$$libinit$$00000013)
    __rt_lib_init_lc_ctype_1                 0x080001a7   Thumb Code     0  libinit2.o(.ARM.Collect$$libinit$$00000015)
    __rt_lib_init_lc_monetary_1              0x080001a7   Thumb Code     0  libinit2.o(.ARM.Collect$$libinit$$00000017)
    __rt_lib_init_lc_numeric_1               0x080001a7   Thumb Code     0  libinit2.o(.ARM.Collect$$libinit$$00000019)
    __rt_lib_init_lc_time_1                  0x080001a7   Thumb Code     0  libinit2.o(.ARM.Collect$$libinit$$0000001B)
    __rt_lib_init_preinit_1                  0x080001a7   Thumb Code     0  libinit2.o(.ARM.Collect$$libinit$$00000006)
    __rt_lib_init_rand_1                     0x080001a7   Thumb Code     0  libinit2.o(.ARM.Collect$$libinit$$00000010)
    __rt_lib_init_relocate_pie_1             0x080001a7   Thumb Code     0  libinit2.o(.ARM.Collect$$libinit$$00000004)
    __rt_lib_init_return                     0x080001a7   Thumb Code     0  libinit2.o(.ARM.Collect$$libinit$$00000035)
    __rt_lib_init_signal_1                   0x080001a7   Thumb Code     0  libinit2.o(.ARM.Collect$$libinit$$0000001F)
    __rt_lib_init_stdio_1                    0x080001a7   Thumb Code     0  libinit2.o(.ARM.Collect$$libinit$$00000027)
    __rt_lib_init_user_alloc_1               0x080001a7   Thumb Code     0  libinit2.o(.ARM.Collect$$libinit$$0000000E)
    __rt_lib_shutdown                        0x080001a9   Thumb Code     0  libshutdown.o(.ARM.Collect$$libshutdown$$00000000)
    __rt_lib_shutdown_cpp_1                  0x080001ab   Thumb Code     0  libshutdown2.o(.ARM.Collect$$libshutdown$$00000002)
    __rt_lib_shutdown_fp_trap_1              0x080001ab   Thumb Code     0  libshutdown2.o(.ARM.Collect$$libshutdown$$00000007)
    __rt_lib_shutdown_heap_1                 0x080001ab   Thumb Code     0  libshutdown2.o(.ARM.Collect$$libshutdown$$0000000F)
    __rt_lib_shutdown_return                 0x080001ab   Thumb Code     0  libshutdown2.o(.ARM.Collect$$libshutdown$$00000010)
    __rt_lib_shutdown_signal_1               0x080001ab   Thumb Code     0  libshutdown2.o(.ARM.Collect$$libshutdown$$0000000A)
    __rt_lib_shutdown_stdio_1                0x080001ab   Thumb Code     0  libshutdown2.o(.ARM.Collect$$libshutdown$$00000004)
    __rt_lib_shutdown_user_alloc_1           0x080001ab   Thumb Code     0  libshutdown2.o(.ARM.Collect$$libshutdown$$0000000C)
    __rt_entry                               0x080001ad   Thumb Code     0  __rtentry.o(.ARM.Collect$$rtentry$$00000000)
    __rt_entry_presh_1                       0x080001ad   Thumb Code     0  __rtentry2.o(.ARM.Collect$$rtentry$$00000002)
    __rt_entry_sh                            0x080001ad   Thumb Code     0  __rtentry4.o(.ARM.Collect$$rtentry$$00000004)
    __rt_entry_li                            0x080001b3   Thumb Code     0  __rtentry2.o(.ARM.Collect$$rtentry$$0000000A)
    __rt_entry_postsh_1                      0x080001b3   Thumb Code     0  __rtentry2.o(.ARM.Collect$$rtentry$$00000009)
    __rt_entry_main                          0x080001b7   Thumb Code     0  __rtentry2.o(.ARM.Collect$$rtentry$$0000000D)
    __rt_entry_postli_1                      0x080001b7   Thumb Code     0  __rtentry2.o(.ARM.Collect$$rtentry$$0000000C)
    __rt_exit                                0x080001bf   Thumb Code     0  rtexit.o(.ARM.Collect$$rtexit$$00000000)
    __rt_exit_ls                             0x080001c1   Thumb Code     0  rtexit2.o(.ARM.Collect$$rtexit$$00000003)
    __rt_exit_prels_1                        0x080001c1   Thumb Code     0  rtexit2.o(.ARM.Collect$$rtexit$$00000002)
    __rt_exit_exit                           0x080001c5   Thumb Code     0  rtexit2.o(.ARM.Collect$$rtexit$$00000004)
    Reset_Handler                            0x080001cd   Thumb Code     8  startup_stm32f103xe.o(.text)
    ADC3_IRQHandler                          0x080001e7   Thumb Code     0  startup_stm32f103xe.o(.text)
    CAN1_RX1_IRQHandler                      0x080001e7   Thumb Code     0  startup_stm32f103xe.o(.text)
    CAN1_SCE_IRQHandler                      0x080001e7   Thumb Code     0  startup_stm32f103xe.o(.text)
    DMA2_Channel1_IRQHandler                 0x080001e7   Thumb Code     0  startup_stm32f103xe.o(.text)
    DMA2_Channel2_IRQHandler                 0x080001e7   Thumb Code     0  startup_stm32f103xe.o(.text)
    EXTI0_IRQHandler                         0x080001e7   Thumb Code     0  startup_stm32f103xe.o(.text)
    EXTI15_10_IRQHandler                     0x080001e7   Thumb Code     0  startup_stm32f103xe.o(.text)
    EXTI1_IRQHandler                         0x080001e7   Thumb Code     0  startup_stm32f103xe.o(.text)
    EXTI4_IRQHandler                         0x080001e7   Thumb Code     0  startup_stm32f103xe.o(.text)
    EXTI9_5_IRQHandler                       0x080001e7   Thumb Code     0  startup_stm32f103xe.o(.text)
    FLASH_IRQHandler                         0x080001e7   Thumb Code     0  startup_stm32f103xe.o(.text)
    FSMC_IRQHandler                          0x080001e7   Thumb Code     0  startup_stm32f103xe.o(.text)
    I2C2_ER_IRQHandler                       0x080001e7   Thumb Code     0  startup_stm32f103xe.o(.text)
    I2C2_EV_IRQHandler                       0x080001e7   Thumb Code     0  startup_stm32f103xe.o(.text)
    RCC_IRQHandler                           0x080001e7   Thumb Code     0  startup_stm32f103xe.o(.text)
    RTC_Alarm_IRQHandler                     0x080001e7   Thumb Code     0  startup_stm32f103xe.o(.text)
    RTC_IRQHandler                           0x080001e7   Thumb Code     0  startup_stm32f103xe.o(.text)
    SDIO_IRQHandler                          0x080001e7   Thumb Code     0  startup_stm32f103xe.o(.text)
    SPI1_IRQHandler                          0x080001e7   Thumb Code     0  startup_stm32f103xe.o(.text)
    SPI2_IRQHandler                          0x080001e7   Thumb Code     0  startup_stm32f103xe.o(.text)
    SPI3_IRQHandler                          0x080001e7   Thumb Code     0  startup_stm32f103xe.o(.text)
    TAMPER_IRQHandler                        0x080001e7   Thumb Code     0  startup_stm32f103xe.o(.text)
    TIM1_BRK_IRQHandler                      0x080001e7   Thumb Code     0  startup_stm32f103xe.o(.text)
    TIM1_CC_IRQHandler                       0x080001e7   Thumb Code     0  startup_stm32f103xe.o(.text)
    TIM1_TRG_COM_IRQHandler                  0x080001e7   Thumb Code     0  startup_stm32f103xe.o(.text)
    TIM1_UP_IRQHandler                       0x080001e7   Thumb Code     0  startup_stm32f103xe.o(.text)
    TIM2_IRQHandler                          0x080001e7   Thumb Code     0  startup_stm32f103xe.o(.text)
    TIM3_IRQHandler                          0x080001e7   Thumb Code     0  startup_stm32f103xe.o(.text)
    TIM4_IRQHandler                          0x080001e7   Thumb Code     0  startup_stm32f103xe.o(.text)
    TIM5_IRQHandler                          0x080001e7   Thumb Code     0  startup_stm32f103xe.o(.text)
    TIM6_IRQHandler                          0x080001e7   Thumb Code     0  startup_stm32f103xe.o(.text)
    TIM7_IRQHandler                          0x080001e7   Thumb Code     0  startup_stm32f103xe.o(.text)
    TIM8_BRK_IRQHandler                      0x080001e7   Thumb Code     0  startup_stm32f103xe.o(.text)
    TIM8_CC_IRQHandler                       0x080001e7   Thumb Code     0  startup_stm32f103xe.o(.text)
    TIM8_TRG_COM_IRQHandler                  0x080001e7   Thumb Code     0  startup_stm32f103xe.o(.text)
    TIM8_UP_IRQHandler                       0x080001e7   Thumb Code     0  startup_stm32f103xe.o(.text)
    USBWakeUp_IRQHandler                     0x080001e7   Thumb Code     0  startup_stm32f103xe.o(.text)
    USB_HP_CAN1_TX_IRQHandler                0x080001e7   Thumb Code     0  startup_stm32f103xe.o(.text)
    USB_LP_CAN1_RX0_IRQHandler               0x080001e7   Thumb Code     0  startup_stm32f103xe.o(.text)
    WWDG_IRQHandler                          0x080001e7   Thumb Code     0  startup_stm32f103xe.o(.text)
    __user_initial_stackheap                 0x080001e9   Thumb Code     0  startup_stm32f103xe.o(.text)
    __aeabi_memclr                           0x0800020d   Thumb Code     0  rt_memclr.o(.text)
    __rt_memclr                              0x0800020d   Thumb Code     0  rt_memclr.o(.text)
    _memset                                  0x08000211   Thumb Code    64  rt_memclr.o(.text)
    __aeabi_memclr4                          0x08000251   Thumb Code     0  rt_memclr_w.o(.text)
    __aeabi_memclr8                          0x08000251   Thumb Code     0  rt_memclr_w.o(.text)
    __rt_memclr_w                            0x08000251   Thumb Code     0  rt_memclr_w.o(.text)
    _memset_w                                0x08000255   Thumb Code    74  rt_memclr_w.o(.text)
    __use_two_region_memory                  0x0800029f   Thumb Code     2  heapauxi.o(.text)
    __rt_heap_escrow$2region                 0x080002a1   Thumb Code     2  heapauxi.o(.text)
    __rt_heap_expand$2region                 0x080002a3   Thumb Code     2  heapauxi.o(.text)
    __user_setup_stackheap                   0x080002a5   Thumb Code    74  sys_stackheap_outer.o(.text)
    exit                                     0x080002ef   Thumb Code    18  exit.o(.text)
    __user_libspace                          0x08000301   Thumb Code     8  libspace.o(.text)
    __user_perproc_libspace                  0x08000301   Thumb Code     0  libspace.o(.text)
    __user_perthread_libspace                0x08000301   Thumb Code     0  libspace.o(.text)
    _sys_exit                                0x08000309   Thumb Code     8  sys_exit.o(.text)
    __I$use$semihosting                      0x08000315   Thumb Code     0  use_no_semi.o(.text)
    __use_no_semihosting_swi                 0x08000315   Thumb Code     2  use_no_semi.o(.text)
    __semihosting_library_function           0x08000317   Thumb Code     0  indicate_semi.o(.text)
    ADC1_2_IRQHandler                        0x08000319   Thumb Code    30  stm32f1xx_it.o(.text.ADC1_2_IRQHandler)
    ADC_ConversionStop_Disable               0x08000339   Thumb Code    84  stm32f1xx_hal_adc.o(.text.ADC_ConversionStop_Disable)
    ADC_DMAConvCplt                          0x0800038d   Thumb Code    82  stm32f1xx_hal_adc.o(.text.ADC_DMAConvCplt)
    ADC_DMAError                             0x080003e1   Thumb Code    22  stm32f1xx_hal_adc.o(.text.ADC_DMAError)
    ADC_DMAHalfConvCplt                      0x080003f9   Thumb Code     6  stm32f1xx_hal_adc.o(.text.ADC_DMAHalfConvCplt)
    ADC_Enable                               0x08000401   Thumb Code   182  stm32f1xx_hal_adc.o(.text.ADC_Enable)
    Add_termination_to_nextion_command_and_push_to_ring_buf 0x080004b9   Thumb Code    88  main.o(.text.Add_termination_to_nextion_command_and_push_to_ring_buf)
    Backup_all_data                          0x08000511   Thumb Code   402  backup.o(.text.Backup_all_data)
    Buffer_bytes_swap                        0x080006a5   Thumb Code   126  hex2ascii.o(.text.Buffer_bytes_swap)
    BusFault_Handler                         0x08000725   Thumb Code     2  stm32f1xx_it.o(.text.BusFault_Handler)
    Copy_buf_random_address                  0x08000729   Thumb Code   138  main.o(.text.Copy_buf_random_address)
    DMA1_Channel1_IRQHandler                 0x080007b5   Thumb Code    12  stm32f1xx_it.o(.text.DMA1_Channel1_IRQHandler)
    DMA1_Channel2_IRQHandler                 0x080007c1   Thumb Code    12  stm32f1xx_it.o(.text.DMA1_Channel2_IRQHandler)
    DMA1_Channel3_IRQHandler                 0x080007cd   Thumb Code    12  stm32f1xx_it.o(.text.DMA1_Channel3_IRQHandler)
    DMA1_Channel4_IRQHandler                 0x080007d9   Thumb Code    12  stm32f1xx_it.o(.text.DMA1_Channel4_IRQHandler)
    DMA1_Channel5_IRQHandler                 0x080007e5   Thumb Code    12  stm32f1xx_it.o(.text.DMA1_Channel5_IRQHandler)
    DMA1_Channel6_IRQHandler                 0x080007f1   Thumb Code    12  stm32f1xx_it.o(.text.DMA1_Channel6_IRQHandler)
    DMA1_Channel7_IRQHandler                 0x080007fd   Thumb Code    12  stm32f1xx_it.o(.text.DMA1_Channel7_IRQHandler)
    DMA2_Channel3_IRQHandler                 0x08000809   Thumb Code    12  stm32f1xx_it.o(.text.DMA2_Channel3_IRQHandler)
    DMA2_Channel4_5_IRQHandler               0x08000815   Thumb Code    12  stm32f1xx_it.o(.text.DMA2_Channel4_5_IRQHandler)
    DebugMon_Handler                         0x08000821   Thumb Code     2  stm32f1xx_it.o(.text.DebugMon_Handler)
    EXTI2_IRQHandler                         0x08000825   Thumb Code     6  stm32f1xx_it.o(.text.EXTI2_IRQHandler)
    EXTI3_IRQHandler                         0x0800082d   Thumb Code     6  stm32f1xx_it.o(.text.EXTI3_IRQHandler)
    Error_Handler                            0x08000835   Thumb Code   114  main.o(.text.Error_Handler)
    Get_time_in_sec                          0x080008a9   Thumb Code    62  backup.o(.text.Get_time_in_sec)
    HAL_ADCEx_Calibration_Start              0x080008e9   Thumb Code   272  stm32f1xx_hal_adc_ex.o(.text.HAL_ADCEx_Calibration_Start)
    HAL_ADCEx_InjectedConvCpltCallback       0x080009f9   Thumb Code     2  stm32f1xx_hal_adc_ex.o(.text.HAL_ADCEx_InjectedConvCpltCallback)
    HAL_ADC_AnalogWDGConfig                  0x080009fd   Thumb Code    84  stm32f1xx_hal_adc.o(.text.HAL_ADC_AnalogWDGConfig)
    HAL_ADC_ConfigChannel                    0x08000a51   Thumb Code   404  stm32f1xx_hal_adc.o(.text.HAL_ADC_ConfigChannel)
    HAL_ADC_ConvCpltCallback                 0x08000be5   Thumb Code    32  main.o(.text.HAL_ADC_ConvCpltCallback)
    HAL_ADC_ConvHalfCpltCallback             0x08000c05   Thumb Code     2  stm32f1xx_hal_adc.o(.text.HAL_ADC_ConvHalfCpltCallback)
    HAL_ADC_DeInit                           0x08000c09   Thumb Code   274  stm32f1xx_hal_adc.o(.text.HAL_ADC_DeInit)
    HAL_ADC_ErrorCallback                    0x08000d1d   Thumb Code     2  stm32f1xx_hal_adc.o(.text.HAL_ADC_ErrorCallback)
    HAL_ADC_GetValue                         0x08000d21   Thumb Code     6  stm32f1xx_hal_adc.o(.text.HAL_ADC_GetValue)
    HAL_ADC_IRQHandler                       0x08000d29   Thumb Code   238  stm32f1xx_hal_adc.o(.text.HAL_ADC_IRQHandler)
    HAL_ADC_Init                             0x08000e19   Thumb Code   368  stm32f1xx_hal_adc.o(.text.HAL_ADC_Init)
    HAL_ADC_LevelOutOfWindowCallback         0x08000f89   Thumb Code    90  main.o(.text.HAL_ADC_LevelOutOfWindowCallback)
    HAL_ADC_MspDeInit                        0x08000fe5   Thumb Code   106  stm32f1xx_hal_msp.o(.text.HAL_ADC_MspDeInit)
    HAL_ADC_MspInit                          0x08001051   Thumb Code   266  stm32f1xx_hal_msp.o(.text.HAL_ADC_MspInit)
    HAL_ADC_Start                            0x0800115d   Thumb Code   204  stm32f1xx_hal_adc.o(.text.HAL_ADC_Start)
    HAL_ADC_Start_DMA                        0x08001229   Thumb Code   280  stm32f1xx_hal_adc.o(.text.HAL_ADC_Start_DMA)
    HAL_CRC_Init                             0x08001341   Thumb Code    42  stm32f1xx_hal_crc.o(.text.HAL_CRC_Init)
    HAL_CRC_MspInit                          0x0800136d   Thumb Code    50  stm32f1xx_hal_msp.o(.text.HAL_CRC_MspInit)
    HAL_DMA_Abort                            0x080013a1   Thumb Code    70  stm32f1xx_hal_dma.o(.text.HAL_DMA_Abort)
    HAL_DMA_Abort_IT                         0x080013e9   Thumb Code   302  stm32f1xx_hal_dma.o(.text.HAL_DMA_Abort_IT)
    HAL_DMA_DeInit                           0x08001519   Thumb Code   150  stm32f1xx_hal_dma.o(.text.HAL_DMA_DeInit)
    HAL_DMA_GetState                         0x080015b1   Thumb Code     6  stm32f1xx_hal_dma.o(.text.HAL_DMA_GetState)
    HAL_DMA_IRQHandler                       0x080015b9   Thumb Code   666  stm32f1xx_hal_dma.o(.text.HAL_DMA_IRQHandler)
    HAL_DMA_Init                             0x08001855   Thumb Code   158  stm32f1xx_hal_dma.o(.text.HAL_DMA_Init)
    HAL_DMA_Start_IT                         0x080018f5   Thumb Code   156  stm32f1xx_hal_dma.o(.text.HAL_DMA_Start_IT)
    HAL_Delay                                0x08001991   Thumb Code    52  main.o(.text.HAL_Delay)
    HAL_GPIO_DeInit                          0x080019c5   Thumb Code   254  stm32f1xx_hal_gpio.o(.text.HAL_GPIO_DeInit)
    HAL_GPIO_EXTI_Callback                   0x08001ac5   Thumb Code   166  main.o(.text.HAL_GPIO_EXTI_Callback)
    HAL_GPIO_EXTI_IRQHandler                 0x08001b6d   Thumb Code    22  stm32f1xx_hal_gpio.o(.text.HAL_GPIO_EXTI_IRQHandler)
    HAL_GPIO_Init                            0x08001b85   Thumb Code   518  stm32f1xx_hal_gpio.o(.text.HAL_GPIO_Init)
    HAL_GPIO_ReadPin                         0x08001d8d   Thumb Code    10  stm32f1xx_hal_gpio.o(.text.HAL_GPIO_ReadPin)
    HAL_GPIO_WritePin                        0x08001d99   Thumb Code    10  stm32f1xx_hal_gpio.o(.text.HAL_GPIO_WritePin)
    HAL_GetTick                              0x08001da5   Thumb Code    12  stm32f1xx_hal.o(.text.HAL_GetTick)
    HAL_HalfDuplex_Init                      0x08001db1   Thumb Code   230  stm32f1xx_hal_uart.o(.text.HAL_HalfDuplex_Init)
    HAL_I2C_AbortCpltCallback                0x08001e99   Thumb Code     2  stm32f1xx_hal_i2c.o(.text.HAL_I2C_AbortCpltCallback)
    HAL_I2C_AddrCallback                     0x08001e9d   Thumb Code     2  stm32f1xx_hal_i2c.o(.text.HAL_I2C_AddrCallback)
    HAL_I2C_ER_IRQHandler                    0x08001ea1   Thumb Code   340  stm32f1xx_hal_i2c.o(.text.HAL_I2C_ER_IRQHandler)
    HAL_I2C_EV_IRQHandler                    0x08001ff5   Thumb Code  1632  stm32f1xx_hal_i2c.o(.text.HAL_I2C_EV_IRQHandler)
    HAL_I2C_ErrorCallback                    0x08002655   Thumb Code     2  stm32f1xx_hal_i2c.o(.text.HAL_I2C_ErrorCallback)
    HAL_I2C_Init                             0x08002659   Thumb Code   374  stm32f1xx_hal_i2c.o(.text.HAL_I2C_Init)
    HAL_I2C_IsDeviceReady                    0x080027d1   Thumb Code   526  stm32f1xx_hal_i2c.o(.text.HAL_I2C_IsDeviceReady)
    HAL_I2C_ListenCpltCallback               0x080029e1   Thumb Code     2  stm32f1xx_hal_i2c.o(.text.HAL_I2C_ListenCpltCallback)
    HAL_I2C_MasterRxCpltCallback             0x080029e5   Thumb Code     2  stm32f1xx_hal_i2c.o(.text.HAL_I2C_MasterRxCpltCallback)
    HAL_I2C_MasterTxCpltCallback             0x080029e9   Thumb Code     2  stm32f1xx_hal_i2c.o(.text.HAL_I2C_MasterTxCpltCallback)
    HAL_I2C_MemRxCpltCallback                0x080029ed   Thumb Code     2  stm32f1xx_hal_i2c.o(.text.HAL_I2C_MemRxCpltCallback)
    HAL_I2C_MemTxCpltCallback                0x080029f1   Thumb Code     2  stm32f1xx_hal_i2c.o(.text.HAL_I2C_MemTxCpltCallback)
    HAL_I2C_Mem_Read                         0x080029f5   Thumb Code   842  stm32f1xx_hal_i2c.o(.text.HAL_I2C_Mem_Read)
    HAL_I2C_Mem_Write                        0x08002d41   Thumb Code   344  stm32f1xx_hal_i2c.o(.text.HAL_I2C_Mem_Write)
    HAL_I2C_MspInit                          0x08002e99   Thumb Code   130  stm32f1xx_hal_msp.o(.text.HAL_I2C_MspInit)
    HAL_I2C_SlaveRxCpltCallback              0x08002f1d   Thumb Code     2  stm32f1xx_hal_i2c.o(.text.HAL_I2C_SlaveRxCpltCallback)
    HAL_I2C_SlaveTxCpltCallback              0x08002f21   Thumb Code     2  stm32f1xx_hal_i2c.o(.text.HAL_I2C_SlaveTxCpltCallback)
    HAL_IWDG_Init                            0x08002f25   Thumb Code    88  stm32f1xx_hal_iwdg.o(.text.HAL_IWDG_Init)
    HAL_IncTick                              0x08002f7d   Thumb Code    26  stm32f1xx_hal.o(.text.HAL_IncTick)
    HAL_Init                                 0x08002f99   Thumb Code    38  stm32f1xx_hal.o(.text.HAL_Init)
    HAL_InitTick                             0x08002fc1   Thumb Code    72  stm32f1xx_hal.o(.text.HAL_InitTick)
    HAL_MspInit                              0x08003009   Thumb Code    84  stm32f1xx_hal_msp.o(.text.HAL_MspInit)
    HAL_NVIC_DisableIRQ                      0x0800305d   Thumb Code    40  stm32f1xx_hal_cortex.o(.text.HAL_NVIC_DisableIRQ)
    HAL_NVIC_EnableIRQ                       0x08003085   Thumb Code    32  stm32f1xx_hal_cortex.o(.text.HAL_NVIC_EnableIRQ)
    HAL_NVIC_SetPriority                     0x080030a5   Thumb Code    86  stm32f1xx_hal_cortex.o(.text.HAL_NVIC_SetPriority)
    HAL_NVIC_SetPriorityGrouping             0x080030fd   Thumb Code    32  stm32f1xx_hal_cortex.o(.text.HAL_NVIC_SetPriorityGrouping)
    HAL_NVIC_SystemReset                     0x0800311d   Thumb Code     4  stm32f1xx_hal_cortex.o(.text.HAL_NVIC_SystemReset)
    HAL_PWR_EnableBkUpAccess                 0x08003121   Thumb Code    12  stm32f1xx_hal_pwr.o(.text.HAL_PWR_EnableBkUpAccess)
    HAL_PWR_PVDCallback                      0x0800312d   Thumb Code    14  main.o(.text.HAL_PWR_PVDCallback)
    HAL_PWR_PVD_IRQHandler                   0x0800313d   Thumb Code    30  stm32f1xx_hal_pwr.o(.text.HAL_PWR_PVD_IRQHandler)
    HAL_RCCEx_GetPeriphCLKFreq               0x0800315d   Thumb Code   256  stm32f1xx_hal_rcc_ex.o(.text.HAL_RCCEx_GetPeriphCLKFreq)
    HAL_RCCEx_PeriphCLKConfig                0x08003271   Thumb Code   266  stm32f1xx_hal_rcc_ex.o(.text.HAL_RCCEx_PeriphCLKConfig)
    HAL_RCC_ClockConfig                      0x0800337d   Thumb Code   462  stm32f1xx_hal_rcc.o(.text.HAL_RCC_ClockConfig)
    HAL_RCC_GetPCLK1Freq                     0x0800354d   Thumb Code    38  stm32f1xx_hal_rcc.o(.text.HAL_RCC_GetPCLK1Freq)
    HAL_RCC_GetPCLK2Freq                     0x08003575   Thumb Code    38  stm32f1xx_hal_rcc.o(.text.HAL_RCC_GetPCLK2Freq)
    HAL_RCC_GetSysClockFreq                  0x0800359d   Thumb Code   100  stm32f1xx_hal_rcc.o(.text.HAL_RCC_GetSysClockFreq)
    HAL_RCC_OscConfig                        0x08003601   Thumb Code   948  stm32f1xx_hal_rcc.o(.text.HAL_RCC_OscConfig)
    HAL_RTCEx_SetSmoothCalib                 0x080039b5   Thumb Code    50  stm32f1xx_hal_rtc_ex.o(.text.HAL_RTCEx_SetSmoothCalib)
    HAL_RTC_GetTime                          0x080039e9   Thumb Code   562  stm32f1xx_hal_rtc.o(.text.HAL_RTC_GetTime)
    HAL_RTC_Init                             0x08003c1d   Thumb Code   244  stm32f1xx_hal_rtc.o(.text.HAL_RTC_Init)
    HAL_RTC_MspInit                          0x08003d11   Thumb Code    70  stm32f1xx_hal_msp.o(.text.HAL_RTC_MspInit)
    HAL_RTC_SetTime                          0x08003d59   Thumb Code   352  stm32f1xx_hal_rtc.o(.text.HAL_RTC_SetTime)
    HAL_RTC_WaitForSynchro                   0x08003eb9   Thumb Code    56  stm32f1xx_hal_rtc.o(.text.HAL_RTC_WaitForSynchro)
    HAL_SYSTICK_Callback                     0x08003ef1   Thumb Code   370  main.o(.text.HAL_SYSTICK_Callback)
    HAL_SYSTICK_Config                       0x08004065   Thumb Code    44  stm32f1xx_hal_cortex.o(.text.HAL_SYSTICK_Config)
    HAL_SYSTICK_IRQHandler                   0x08004091   Thumb Code     4  stm32f1xx_hal_cortex.o(.text.HAL_SYSTICK_IRQHandler)
    HAL_TIMEx_MasterConfigSynchronization    0x08004095   Thumb Code   146  stm32f1xx_hal_tim_ex.o(.text.HAL_TIMEx_MasterConfigSynchronization)
    HAL_TIM_Base_DeInit                      0x08004129   Thumb Code    96  stm32f1xx_hal_tim.o(.text.HAL_TIM_Base_DeInit)
    HAL_TIM_Base_Init                        0x08004189   Thumb Code   294  stm32f1xx_hal_tim.o(.text.HAL_TIM_Base_Init)
    HAL_TIM_Base_MspDeInit                   0x080042b1   Thumb Code    34  stm32f1xx_hal_msp.o(.text.HAL_TIM_Base_MspDeInit)
    HAL_TIM_Base_MspInit                     0x080042d5   Thumb Code    50  stm32f1xx_hal_msp.o(.text.HAL_TIM_Base_MspInit)
    HAL_TIM_ConfigClockSource                0x08004309   Thumb Code   412  stm32f1xx_hal_tim.o(.text.HAL_TIM_ConfigClockSource)
    HAL_TIM_OC_ConfigChannel                 0x080044a5   Thumb Code   504  stm32f1xx_hal_tim.o(.text.HAL_TIM_OC_ConfigChannel)
    HAL_TIM_OC_Init                          0x0800469d   Thumb Code   294  stm32f1xx_hal_tim.o(.text.HAL_TIM_OC_Init)
    HAL_TIM_OC_MspInit                       0x080047c5   Thumb Code     2  stm32f1xx_hal_tim.o(.text.HAL_TIM_OC_MspInit)
    HAL_TIM_OC_Start                         0x080047c9   Thumb Code   226  stm32f1xx_hal_tim.o(.text.HAL_TIM_OC_Start)
    HAL_UARTEx_RxEventCallback               0x080048ad   Thumb Code     2  stm32f1xx_hal_uart.o(.text.HAL_UARTEx_RxEventCallback)
    HAL_UART_DeInit                          0x080048b1   Thumb Code    56  stm32f1xx_hal_uart.o(.text.HAL_UART_DeInit)
    HAL_UART_ErrorCallback                   0x080048e9   Thumb Code   100  main.o(.text.HAL_UART_ErrorCallback)
    HAL_UART_IRQHandler                      0x0800494d   Thumb Code  1380  stm32f1xx_hal_uart.o(.text.HAL_UART_IRQHandler)
    HAL_UART_Init                            0x08004eb1   Thumb Code   222  stm32f1xx_hal_uart.o(.text.HAL_UART_Init)
    HAL_UART_MspDeInit                       0x08004f91   Thumb Code   362  stm32f1xx_hal_msp.o(.text.HAL_UART_MspDeInit)
    HAL_UART_MspInit                         0x080050fd   Thumb Code  1074  stm32f1xx_hal_msp.o(.text.HAL_UART_MspInit)
    HAL_UART_Receive_DMA                     0x08005531   Thumb Code   352  stm32f1xx_hal_uart.o(.text.HAL_UART_Receive_DMA)
    HAL_UART_Receive_IT                      0x08005691   Thumb Code    82  stm32f1xx_hal_uart.o(.text.HAL_UART_Receive_IT)
    HAL_UART_RxCpltCallback                  0x080056e5   Thumb Code   258  main.o(.text.HAL_UART_RxCpltCallback)
    HAL_UART_RxHalfCpltCallback              0x080057e9   Thumb Code     2  stm32f1xx_hal_uart.o(.text.HAL_UART_RxHalfCpltCallback)
    HAL_UART_Transmit                        0x080057ed   Thumb Code   614  stm32f1xx_hal_uart.o(.text.HAL_UART_Transmit)
    HAL_UART_Transmit_DMA                    0x08005a55   Thumb Code   200  stm32f1xx_hal_uart.o(.text.HAL_UART_Transmit_DMA)
    HAL_UART_TxCpltCallback                  0x08005b1d   Thumb Code   170  main.o(.text.HAL_UART_TxCpltCallback)
    HAL_UART_TxHalfCpltCallback              0x08005bc9   Thumb Code     2  stm32f1xx_hal_uart.o(.text.HAL_UART_TxHalfCpltCallback)
    HardFault_Handler                        0x08005bcd   Thumb Code     2  stm32f1xx_it.o(.text.HardFault_Handler)
    Hex2Dec2ASCII                            0x08005bd1   Thumb Code   216  hex2ascii.o(.text.Hex2Dec2ASCII)
    I2C1_ER_IRQHandler                       0x08005ca9   Thumb Code    12  stm32f1xx_it.o(.text.I2C1_ER_IRQHandler)
    I2C1_EV_IRQHandler                       0x08005cb5   Thumb Code    12  stm32f1xx_it.o(.text.I2C1_EV_IRQHandler)
    Init_sequence                            0x08006a39   Thumb Code   810  main.o(.text.Init_sequence)
    Is_all_data_popped_from_ring_buffer      0x08006d65   Thumb Code    16  ring_buffer.o(.text.Is_all_data_popped_from_ring_buffer)
    Leds_on_off                              0x08006d75   Thumb Code   196  main.o(.text.Leds_on_off)
    Link_ow_com_port_to_real                 0x08006e39   Thumb Code    84  onewire.o(.text.Link_ow_com_port_to_real)
    Make_temperature_statistics              0x08006e8d   Thumb Code   156  backup.o(.text.Make_temperature_statistics)
    Make_time_correction_and_day_inc         0x08006f29   Thumb Code   346  backup.o(.text.Make_time_correction_and_day_inc)
    Make_water_using_statistics              0x08007085   Thumb Code   124  backup.o(.text.Make_water_using_statistics)
    MemManage_Handler                        0x08007101   Thumb Code     2  stm32f1xx_it.o(.text.MemManage_Handler)
    NMI_Handler                              0x08007105   Thumb Code     2  stm32f1xx_it.o(.text.NMI_Handler)
    OW_Init                                  0x08007109   Thumb Code    54  onewire.o(.text.OW_Init)
    OW_Reset                                 0x08007141   Thumb Code   182  onewire.o(.text.OW_Reset)
    OW_Search                                0x080071f9   Thumb Code   550  onewire.o(.text.OW_Search)
    OW_Send                                  0x08007421   Thumb Code   396  onewire.o(.text.OW_Send)
    PVD_IRQHandler                           0x080075ad   Thumb Code     4  stm32f1xx_it.o(.text.PVD_IRQHandler)
    Parsing_nextion_display_string           0x080075b1   Thumb Code  3188  main.o(.text.Parsing_nextion_display_string)
    PendSV_Handler                           0x08008225   Thumb Code     2  stm32f1xx_it.o(.text.PendSV_Handler)
    Polling_termosensors                     0x08008229   Thumb Code   210  ds18b20.o(.text.Polling_termosensors)
    Pop_string_from_ring_buffer              0x080082fd   Thumb Code   272  ring_buffer.o(.text.Pop_string_from_ring_buffer)
    Prepare_e2p_buf                          0x0800840d   Thumb Code   196  backup.o(.text.Prepare_e2p_buf)
    Prepare_params_and_send_to_nextion       0x080084d1   Thumb Code 13234  main.o(.text.Prepare_params_and_send_to_nextion)
    Pump_on_off                              0x0800b885   Thumb Code   632  main.o(.text.Pump_on_off)
    Push_string_to_ring_buffer               0x0800bafd   Thumb Code   418  ring_buffer.o(.text.Push_string_to_ring_buffer)
    Reduce_mcu_power                         0x0800bfa5   Thumb Code   306  main.o(.text.Reduce_mcu_power)
    Restore_all_data                         0x0800c0d9   Thumb Code   488  backup.o(.text.Restore_all_data)
    SVC_Handler                              0x0800c2c1   Thumb Code     2  stm32f1xx_it.o(.text.SVC_Handler)
    Set_all_variables_to_default             0x0800c2c5   Thumb Code    96  backup.o(.text.Set_all_variables_to_default)
    SysTick_Handler                          0x0800c325   Thumb Code    14  stm32f1xx_it.o(.text.SysTick_Handler)
    SystemClock_Config                       0x0800c335   Thumb Code   402  main.o(.text.SystemClock_Config)
    SystemInit                               0x0800c4c9   Thumb Code     2  system_stm32f1xx.o(.text.SystemInit)
    UART4_IRQHandler                         0x0800c4cd   Thumb Code    12  stm32f1xx_it.o(.text.UART4_IRQHandler)
    UART5_IRQHandler                         0x0800c4d9   Thumb Code    12  stm32f1xx_it.o(.text.UART5_IRQHandler)
    USART1_IRQHandler                        0x0800c99d   Thumb Code    12  stm32f1xx_it.o(.text.USART1_IRQHandler)
    USART2_IRQHandler                        0x0800c9a9   Thumb Code    12  stm32f1xx_it.o(.text.USART2_IRQHandler)
    USART3_IRQHandler                        0x0800c9b5   Thumb Code    12  stm32f1xx_it.o(.text.USART3_IRQHandler)
    UsageFault_Handler                       0x0800c9c1   Thumb Code     2  stm32f1xx_it.o(.text.UsageFault_Handler)
    Watering_on_off                          0x0800c9c5   Thumb Code  1406  main.o(.text.Watering_on_off)
    Write_time_to_RTC                        0x0800cf45   Thumb Code    98  backup.o(.text.Write_time_to_RTC)
    ds18b20_crc8                             0x0800cfd5   Thumb Code   408  ds18b20.o(.text.ds18b20_crc8)
    ds18b20_init                             0x0800d16d   Thumb Code    86  ds18b20.o(.text.ds18b20_init)
    main                                     0x0800d1c5   Thumb Code  5794  main.o(.text.main)
    roundf                                   0x0800e867   Thumb Code   114  roundf.o(i.roundf)
    __aeabi_d2f                              0x0800e8d9   Thumb Code     0  d2f.o(x$fpl$d2f)
    _d2f                                     0x0800e8d9   Thumb Code    98  d2f.o(x$fpl$d2f)
    __aeabi_d2iz                             0x0800e93d   Thumb Code     0  dfix.o(x$fpl$dfix)
    _dfix                                    0x0800e93d   Thumb Code    94  dfix.o(x$fpl$dfix)
    __aeabi_i2d                              0x0800e99b   Thumb Code     0  dflt_clz.o(x$fpl$dflt)
    _dflt                                    0x0800e99b   Thumb Code    46  dflt_clz.o(x$fpl$dflt)
    __aeabi_dmul                             0x0800e9c9   Thumb Code     0  dmul.o(x$fpl$dmul)
    _dmul                                    0x0800e9c9   Thumb Code   332  dmul.o(x$fpl$dmul)
    __fpl_dnaninf                            0x0800eb1d   Thumb Code   156  dnaninf.o(x$fpl$dnaninf)
    __fpl_dretinf                            0x0800ebb9   Thumb Code    12  dretinf.o(x$fpl$dretinf)
    __aeabi_fadd                             0x0800ebc5   Thumb Code     0  faddsub_clz.o(x$fpl$fadd)
    _fadd                                    0x0800ebc5   Thumb Code   196  faddsub_clz.o(x$fpl$fadd)
    __aeabi_fcmpeq                           0x0800ec89   Thumb Code     0  fcmp.o(x$fpl$fcmp)
    _feq                                     0x0800ec89   Thumb Code    14  fcmp.o(x$fpl$fcmp)
    _fneq                                    0x0800ec97   Thumb Code    14  fcmp.o(x$fpl$fcmp)
    __aeabi_fcmpgt                           0x0800eca5   Thumb Code     0  fcmp.o(x$fpl$fcmp)
    _fgr                                     0x0800eca5   Thumb Code    14  fcmp.o(x$fpl$fcmp)
    __aeabi_fcmpge                           0x0800ecb3   Thumb Code     0  fcmp.o(x$fpl$fcmp)
    _fgeq                                    0x0800ecb3   Thumb Code    14  fcmp.o(x$fpl$fcmp)
    __aeabi_fcmple                           0x0800ecc1   Thumb Code     0  fcmp.o(x$fpl$fcmp)
    _fleq                                    0x0800ecc1   Thumb Code    14  fcmp.o(x$fpl$fcmp)
    __aeabi_fcmplt                           0x0800eccf   Thumb Code     0  fcmp.o(x$fpl$fcmp)
    _fls                                     0x0800eccf   Thumb Code    14  fcmp.o(x$fpl$fcmp)
    __fpl_fcmp_Inf                           0x0800ecdd   Thumb Code    24  fcmpi.o(x$fpl$fcmpinf)
    __aeabi_fdiv                             0x0800ecf5   Thumb Code     0  fdiv.o(x$fpl$fdiv)
    _fdiv                                    0x0800ecf5   Thumb Code   384  fdiv.o(x$fpl$fdiv)
    __aeabi_cfcmpeq                          0x0800ee79   Thumb Code     0  feqf.o(x$fpl$feqf)
    _fcmpeq                                  0x0800ee79   Thumb Code   104  feqf.o(x$fpl$feqf)
    __aeabi_f2iz                             0x0800eee1   Thumb Code     0  ffix.o(x$fpl$ffix)
    _ffix                                    0x0800eee1   Thumb Code    54  ffix.o(x$fpl$ffix)
    __aeabi_i2f                              0x0800ef19   Thumb Code     0  fflt_clz.o(x$fpl$fflt)
    _fflt                                    0x0800ef19   Thumb Code    48  fflt_clz.o(x$fpl$fflt)
    __aeabi_ui2f                             0x0800ef49   Thumb Code     0  fflt_clz.o(x$fpl$ffltu)
    _ffltu                                   0x0800ef49   Thumb Code    38  fflt_clz.o(x$fpl$ffltu)
    _fcmpge                                  0x0800ef71   Thumb Code   104  fgeqf.o(x$fpl$fgeqf)
    __aeabi_cfcmple                          0x0800efd9   Thumb Code     0  fleqf.o(x$fpl$fleqf)
    _fcmple                                  0x0800efd9   Thumb Code   104  fleqf.o(x$fpl$fleqf)
    __fpl_fcmple_InfNaN                      0x0800f02b   Thumb Code     0  fleqf.o(x$fpl$fleqf)
    __aeabi_fmul                             0x0800f041   Thumb Code     0  fmul.o(x$fpl$fmul)
    _fmul                                    0x0800f041   Thumb Code   258  fmul.o(x$fpl$fmul)
    __fpl_fnaninf                            0x0800f143   Thumb Code   140  fnaninf.o(x$fpl$fnaninf)
    __fpl_fretinf                            0x0800f1cf   Thumb Code    10  fretinf.o(x$fpl$fretinf)
    _frnd                                    0x0800f1d9   Thumb Code    96  frnd.o(x$fpl$frnd)
    __aeabi_fsub                             0x0800f239   Thumb Code     0  faddsub_clz.o(x$fpl$fsub)
    _fsub                                    0x0800f239   Thumb Code   234  faddsub_clz.o(x$fpl$fsub)
    AHBPrescTable                            0x0800f322   Data          16  system_stm32f1xx.o(.rodata.AHBPrescTable)
    __I$use$fp                               0x0800f322   Number         0  usenofp.o(x$fpl$usenofp)
    APBPrescTable                            0x0800f332   Data           8  system_stm32f1xx.o(.rodata.APBPrescTable)
    Region$$Table$$Base                      0x0800f34c   Number         0  anon$$obj.o(Region$$Table)
    Region$$Table$$Limit                     0x0800f36c   Number         0  anon$$obj.o(Region$$Table)
    uwTickFreq                               0x20000000   Data           1  stm32f1xx_hal.o(.data..L_MergedGlobals)
    uwTickPrio                               0x20000004   Data           4  stm32f1xx_hal.o(.data..L_MergedGlobals)
    SystemCoreClock                          0x20000008   Data           4  system_stm32f1xx.o(.data.SystemCoreClock)
    __libspace_start                         0x20000010   Data          96  libspace.o(.bss)
    __temporary_stack_top$libspace           0x20000070   Data           0  libspace.o(.bss)
    power_down_detected                      0x200000c8   Data           1  main.o(.bss..L_MergedGlobals)
    periph_scan_enabled                      0x200000c9   Data           1  main.o(.bss..L_MergedGlobals)
    time_led_is_on                           0x200000ca   Data           1  main.o(.bss..L_MergedGlobals)
    uv_lamp_is_on                            0x200000cd   Data           1  main.o(.bss..L_MergedGlobals)
    control_link_is_lost                     0x200000ce   Data           1  main.o(.bss..L_MergedGlobals)
    power_up_detected                        0x200000cf   Data           1  main.o(.bss..L_MergedGlobals)
    display_brightness_timer                 0x200000ea   Data           2  main.o(.bss..L_MergedGlobals)
    display_brightness                       0x200000ec   Data           2  main.o(.bss..L_MergedGlobals)
    func_err_counter                         0x200000f0   Data           4  main.o(.bss..L_MergedGlobals)
    temp_sensors_err_counter                 0x200000f4   Data           4  main.o(.bss..L_MergedGlobals)
    hcrc                                     0x20000124   Data           8  main.o(.bss..L_MergedGlobals)
    ds18b20                                  0x20000138   Data          12  main.o(.bss..L_MergedGlobals)
    hiwdg                                    0x20000144   Data          12  main.o(.bss..L_MergedGlobals.1)
    hrtc                                     0x20000150   Data          20  main.o(.bss..L_MergedGlobals.1)
    e2p                                      0x20000164   Data          20  main.o(.bss..L_MergedGlobals.1)
    adc1                                     0x20000178   Data          20  main.o(.bss..L_MergedGlobals.1)
    calib                                    0x2000018c   Data          36  main.o(.bss..L_MergedGlobals.1)
    water_ctrl                               0x200001b0   Data          42  main.o(.bss..L_MergedGlobals.2)
    com1                                     0x200001dc   Data          44  main.o(.bss..L_MergedGlobals.2)
    com3                                     0x20000208   Data          44  main.o(.bss..L_MergedGlobals.3)
    com2                                     0x20000234   Data          44  main.o(.bss..L_MergedGlobals.3)
    com5                                     0x20000260   Data          44  main.o(.bss..L_MergedGlobals.4)
    com4                                     0x2000028c   Data          44  main.o(.bss..L_MergedGlobals.4)
    hadc2                                    0x200002b8   Data          48  main.o(.bss..L_MergedGlobals.5)
    hadc1                                    0x200002e8   Data          48  main.o(.bss..L_MergedGlobals.5)
    com1_ring_buf                            0x2000031c   Data        1052  main.o(.bss.com1_ring_buf)
    com2_ring_buf                            0x20000738   Data        1052  main.o(.bss.com2_ring_buf)
    e2p_temp_buf                             0x20000b54   Data        1024  backup.o(.bss.e2p_temp_buf)
    external                                 0x20000f54   Data         400  main.o(.bss.external)
    hdma_adc1                                0x200010e4   Data          68  main.o(.bss.hdma_adc1)
    hdma_uart4_rx                            0x20001128   Data          68  main.o(.bss.hdma_uart4_rx)
    hdma_uart4_tx                            0x2000116c   Data          68  main.o(.bss.hdma_uart4_tx)
    hdma_usart1_rx                           0x200011b0   Data          68  main.o(.bss.hdma_usart1_rx)
    hdma_usart1_tx                           0x200011f4   Data          68  main.o(.bss.hdma_usart1_tx)
    hdma_usart2_rx                           0x20001238   Data          68  main.o(.bss.hdma_usart2_rx)
    hdma_usart2_tx                           0x2000127c   Data          68  main.o(.bss.hdma_usart2_tx)
    hdma_usart3_rx                           0x200012c0   Data          68  main.o(.bss.hdma_usart3_rx)
    hdma_usart3_tx                           0x20001304   Data          68  main.o(.bss.hdma_usart3_tx)
    hi2c1                                    0x20001348   Data          84  main.o(.bss.hi2c1)
    htim4                                    0x2000139c   Data          72  main.o(.bss.htim4)
    huart1                                   0x200013e4   Data          72  main.o(.bss.huart1)
    huart2                                   0x2000142c   Data          72  main.o(.bss.huart2)
    huart3                                   0x20001474   Data          72  main.o(.bss.huart3)
    huart4                                   0x200014bc   Data          72  main.o(.bss.huart4)
    huart5                                   0x20001504   Data          72  main.o(.bss.huart5)
    jetson                                   0x2000154c   Data         400  main.o(.bss.jetson)
    last_pump_cycle                          0x200016dc   Data          64  main.o(.bss.last_pump_cycle)
    nextion                                  0x2000171c   Data          84  main.o(.bss.nextion)
    stats                                    0x20001770   Data          68  main.o(.bss.stats)
    uwTick                                   0x200017b4   Data           4  stm32f1xx_hal.o(.bss.uwTick)



==============================================================================

Memory Map of the image

  Image Entry point : 0x08000131

  Load Region LR_IROM1 (Base: 0x08000000, Size: 0x0000f380, Max: 0x00040000, ABSOLUTE)

    Execution Region ER_IROM1 (Exec base: 0x08000000, Load base: 0x08000000, Size: 0x0000f36c, Max: 0x00040000, ABSOLUTE)

    Exec Addr    Load Addr    Size         Type   Attr      Idx    E Section Name        Object

    0x08000000   0x08000000   0x00000130   Data   RO            3    RESET               startup_stm32f103xe.o
    0x08000130   0x08000130   0x00000008   Code   RO         1503  * !!!main             c_w.l(__main.o)
    0x08000138   0x08000138   0x00000034   Code   RO         1727    !!!scatter          c_w.l(__scatter.o)
    0x0800016c   0x0800016c   0x0000001a   Code   RO         1729    !!handler_copy      c_w.l(__scatter_copy.o)
    0x08000186   0x08000186   0x00000002   PAD
    0x08000188   0x08000188   0x0000001c   Code   RO         1731    !!handler_zi        c_w.l(__scatter_zi.o)
    0x080001a4   0x080001a4   0x00000002   Code   RO         1589    .ARM.Collect$$libinit$$00000000  c_w.l(libinit.o)
    0x080001a6   0x080001a6   0x00000000   Code   RO         1596    .ARM.Collect$$libinit$$00000002  c_w.l(libinit2.o)
    0x080001a6   0x080001a6   0x00000000   Code   RO         1598    .ARM.Collect$$libinit$$00000004  c_w.l(libinit2.o)
    0x080001a6   0x080001a6   0x00000000   Code   RO         1600    .ARM.Collect$$libinit$$00000006  c_w.l(libinit2.o)
    0x080001a6   0x080001a6   0x00000000   Code   RO         1603    .ARM.Collect$$libinit$$0000000C  c_w.l(libinit2.o)
    0x080001a6   0x080001a6   0x00000000   Code   RO         1605    .ARM.Collect$$libinit$$0000000E  c_w.l(libinit2.o)
    0x080001a6   0x080001a6   0x00000000   Code   RO         1607    .ARM.Collect$$libinit$$00000010  c_w.l(libinit2.o)
    0x080001a6   0x080001a6   0x00000000   Code   RO         1610    .ARM.Collect$$libinit$$00000013  c_w.l(libinit2.o)
    0x080001a6   0x080001a6   0x00000000   Code   RO         1612    .ARM.Collect$$libinit$$00000015  c_w.l(libinit2.o)
    0x080001a6   0x080001a6   0x00000000   Code   RO         1614    .ARM.Collect$$libinit$$00000017  c_w.l(libinit2.o)
    0x080001a6   0x080001a6   0x00000000   Code   RO         1616    .ARM.Collect$$libinit$$00000019  c_w.l(libinit2.o)
    0x080001a6   0x080001a6   0x00000000   Code   RO         1618    .ARM.Collect$$libinit$$0000001B  c_w.l(libinit2.o)
    0x080001a6   0x080001a6   0x00000000   Code   RO         1620    .ARM.Collect$$libinit$$0000001D  c_w.l(libinit2.o)
    0x080001a6   0x080001a6   0x00000000   Code   RO         1622    .ARM.Collect$$libinit$$0000001F  c_w.l(libinit2.o)
    0x080001a6   0x080001a6   0x00000000   Code   RO         1624    .ARM.Collect$$libinit$$00000021  c_w.l(libinit2.o)
    0x080001a6   0x080001a6   0x00000000   Code   RO         1626    .ARM.Collect$$libinit$$00000023  c_w.l(libinit2.o)
    0x080001a6   0x080001a6   0x00000000   Code   RO         1628    .ARM.Collect$$libinit$$00000025  c_w.l(libinit2.o)
    0x080001a6   0x080001a6   0x00000000   Code   RO         1630    .ARM.Collect$$libinit$$00000027  c_w.l(libinit2.o)
    0x080001a6   0x080001a6   0x00000000   Code   RO         1634    .ARM.Collect$$libinit$$0000002E  c_w.l(libinit2.o)
    0x080001a6   0x080001a6   0x00000000   Code   RO         1636    .ARM.Collect$$libinit$$00000030  c_w.l(libinit2.o)
    0x080001a6   0x080001a6   0x00000000   Code   RO         1638    .ARM.Collect$$libinit$$00000032  c_w.l(libinit2.o)
    0x080001a6   0x080001a6   0x00000000   Code   RO         1640    .ARM.Collect$$libinit$$00000034  c_w.l(libinit2.o)
    0x080001a6   0x080001a6   0x00000002   Code   RO         1641    .ARM.Collect$$libinit$$00000035  c_w.l(libinit2.o)
    0x080001a8   0x080001a8   0x00000002   Code   RO         1663    .ARM.Collect$$libshutdown$$00000000  c_w.l(libshutdown.o)
    0x080001aa   0x080001aa   0x00000000   Code   RO         1678    .ARM.Collect$$libshutdown$$00000002  c_w.l(libshutdown2.o)
    0x080001aa   0x080001aa   0x00000000   Code   RO         1680    .ARM.Collect$$libshutdown$$00000004  c_w.l(libshutdown2.o)
    0x080001aa   0x080001aa   0x00000000   Code   RO         1683    .ARM.Collect$$libshutdown$$00000007  c_w.l(libshutdown2.o)
    0x080001aa   0x080001aa   0x00000000   Code   RO         1686    .ARM.Collect$$libshutdown$$0000000A  c_w.l(libshutdown2.o)
    0x080001aa   0x080001aa   0x00000000   Code   RO         1688    .ARM.Collect$$libshutdown$$0000000C  c_w.l(libshutdown2.o)
    0x080001aa   0x080001aa   0x00000000   Code   RO         1691    .ARM.Collect$$libshutdown$$0000000F  c_w.l(libshutdown2.o)
    0x080001aa   0x080001aa   0x00000002   Code   RO         1692    .ARM.Collect$$libshutdown$$00000010  c_w.l(libshutdown2.o)
    0x080001ac   0x080001ac   0x00000000   Code   RO         1545    .ARM.Collect$$rtentry$$00000000  c_w.l(__rtentry.o)
    0x080001ac   0x080001ac   0x00000000   Code   RO         1564    .ARM.Collect$$rtentry$$00000002  c_w.l(__rtentry2.o)
    0x080001ac   0x080001ac   0x00000006   Code   RO         1576    .ARM.Collect$$rtentry$$00000004  c_w.l(__rtentry4.o)
    0x080001b2   0x080001b2   0x00000000   Code   RO         1566    .ARM.Collect$$rtentry$$00000009  c_w.l(__rtentry2.o)
    0x080001b2   0x080001b2   0x00000004   Code   RO         1567    .ARM.Collect$$rtentry$$0000000A  c_w.l(__rtentry2.o)
    0x080001b6   0x080001b6   0x00000000   Code   RO         1569    .ARM.Collect$$rtentry$$0000000C  c_w.l(__rtentry2.o)
    0x080001b6   0x080001b6   0x00000008   Code   RO         1570    .ARM.Collect$$rtentry$$0000000D  c_w.l(__rtentry2.o)
    0x080001be   0x080001be   0x00000002   Code   RO         1593    .ARM.Collect$$rtexit$$00000000  c_w.l(rtexit.o)
    0x080001c0   0x080001c0   0x00000000   Code   RO         1643    .ARM.Collect$$rtexit$$00000002  c_w.l(rtexit2.o)
    0x080001c0   0x080001c0   0x00000004   Code   RO         1644    .ARM.Collect$$rtexit$$00000003  c_w.l(rtexit2.o)
    0x080001c4   0x080001c4   0x00000006   Code   RO         1645    .ARM.Collect$$rtexit$$00000004  c_w.l(rtexit2.o)
    0x080001ca   0x080001ca   0x00000002   PAD
    0x080001cc   0x080001cc   0x00000040   Code   RO            4    .text               startup_stm32f103xe.o
    0x0800020c   0x0800020c   0x00000044   Code   RO         1497    .text               c_w.l(rt_memclr.o)
    0x08000250   0x08000250   0x0000004e   Code   RO         1499    .text               c_w.l(rt_memclr_w.o)
    0x0800029e   0x0800029e   0x00000006   Code   RO         1501    .text               c_w.l(heapauxi.o)
    0x080002a4   0x080002a4   0x0000004a   Code   RO         1580    .text               c_w.l(sys_stackheap_outer.o)
    0x080002ee   0x080002ee   0x00000012   Code   RO         1582    .text               c_w.l(exit.o)
    0x08000300   0x08000300   0x00000008   Code   RO         1590    .text               c_w.l(libspace.o)
    0x08000308   0x08000308   0x0000000c   Code   RO         1653    .text               c_w.l(sys_exit.o)
    0x08000314   0x08000314   0x00000002   Code   RO         1668    .text               c_w.l(use_no_semi.o)
    0x08000316   0x08000316   0x00000000   Code   RO         1670    .text               c_w.l(indicate_semi.o)
    0x08000316   0x08000316   0x00000002   PAD
    0x08000318   0x08000318   0x0000001e   Code   RO          284    .text.ADC1_2_IRQHandler  stm32f1xx_it.o
    0x08000336   0x08000336   0x00000002   PAD
    0x08000338   0x08000338   0x00000054   Code   RO          363    .text.ADC_ConversionStop_Disable  stm32f1xx_hal_adc.o
    0x0800038c   0x0800038c   0x00000052   Code   RO          385    .text.ADC_DMAConvCplt  stm32f1xx_hal_adc.o
    0x080003de   0x080003de   0x00000002   PAD
    0x080003e0   0x080003e0   0x00000016   Code   RO          389    .text.ADC_DMAError  stm32f1xx_hal_adc.o
    0x080003f6   0x080003f6   0x00000002   PAD
    0x080003f8   0x080003f8   0x00000006   Code   RO          387    .text.ADC_DMAHalfConvCplt  stm32f1xx_hal_adc.o
    0x080003fe   0x080003fe   0x00000002   PAD
    0x08000400   0x08000400   0x000000b6   Code   RO          371    .text.ADC_Enable    stm32f1xx_hal_adc.o
    0x080004b6   0x080004b6   0x00000002   PAD
    0x080004b8   0x080004b8   0x00000058   Code   RO          188    .text.Add_termination_to_nextion_command_and_push_to_ring_buf  main.o
    0x08000510   0x08000510   0x00000192   Code   RO           15    .text.Backup_all_data  backup.o
    0x080006a2   0x080006a2   0x00000002   PAD
    0x080006a4   0x080006a4   0x0000007e   Code   RO           93    .text.Buffer_bytes_swap  hex2ascii.o
    0x08000722   0x08000722   0x00000002   PAD
    0x08000724   0x08000724   0x00000002   Code   RO          252    .text.BusFault_Handler  stm32f1xx_it.o
    0x08000726   0x08000726   0x00000002   PAD
    0x08000728   0x08000728   0x0000008a   Code   RO          206    .text.Copy_buf_random_address  main.o
    0x080007b2   0x080007b2   0x00000002   PAD
    0x080007b4   0x080007b4   0x0000000c   Code   RO          270    .text.DMA1_Channel1_IRQHandler  stm32f1xx_it.o
    0x080007c0   0x080007c0   0x0000000c   Code   RO          272    .text.DMA1_Channel2_IRQHandler  stm32f1xx_it.o
    0x080007cc   0x080007cc   0x0000000c   Code   RO          274    .text.DMA1_Channel3_IRQHandler  stm32f1xx_it.o
    0x080007d8   0x080007d8   0x0000000c   Code   RO          276    .text.DMA1_Channel4_IRQHandler  stm32f1xx_it.o
    0x080007e4   0x080007e4   0x0000000c   Code   RO          278    .text.DMA1_Channel5_IRQHandler  stm32f1xx_it.o
    0x080007f0   0x080007f0   0x0000000c   Code   RO          280    .text.DMA1_Channel6_IRQHandler  stm32f1xx_it.o
    0x080007fc   0x080007fc   0x0000000c   Code   RO          282    .text.DMA1_Channel7_IRQHandler  stm32f1xx_it.o
    0x08000808   0x08000808   0x0000000c   Code   RO          300    .text.DMA2_Channel3_IRQHandler  stm32f1xx_it.o
    0x08000814   0x08000814   0x0000000c   Code   RO          302    .text.DMA2_Channel4_5_IRQHandler  stm32f1xx_it.o
    0x08000820   0x08000820   0x00000002   Code   RO          258    .text.DebugMon_Handler  stm32f1xx_it.o
    0x08000822   0x08000822   0x00000002   PAD
    0x08000824   0x08000824   0x00000006   Code   RO          266    .text.EXTI2_IRQHandler  stm32f1xx_it.o
    0x0800082a   0x0800082a   0x00000002   PAD
    0x0800082c   0x0800082c   0x00000006   Code   RO          268    .text.EXTI3_IRQHandler  stm32f1xx_it.o
    0x08000832   0x08000832   0x00000002   PAD
    0x08000834   0x08000834   0x00000072   Code   RO          146    .text.Error_Handler  main.o
    0x080008a6   0x080008a6   0x00000002   PAD
    0x080008a8   0x080008a8   0x0000003e   Code   RO           27    .text.Get_time_in_sec  backup.o
    0x080008e6   0x080008e6   0x00000002   PAD
    0x080008e8   0x080008e8   0x00000110   Code   RO          421    .text.HAL_ADCEx_Calibration_Start  stm32f1xx_hal_adc_ex.o
    0x080009f8   0x080009f8   0x00000002   Code   RO          441    .text.HAL_ADCEx_InjectedConvCpltCallback  stm32f1xx_hal_adc_ex.o
    0x080009fa   0x080009fa   0x00000002   PAD
    0x080009fc   0x080009fc   0x00000054   Code   RO          407    .text.HAL_ADC_AnalogWDGConfig  stm32f1xx_hal_adc.o
    0x08000a50   0x08000a50   0x00000194   Code   RO          405    .text.HAL_ADC_ConfigChannel  stm32f1xx_hal_adc.o
    0x08000be4   0x08000be4   0x00000020   Code   RO          182    .text.HAL_ADC_ConvCpltCallback  main.o
    0x08000c04   0x08000c04   0x00000002   Code   RO          401    .text.HAL_ADC_ConvHalfCpltCallback  stm32f1xx_hal_adc.o
    0x08000c06   0x08000c06   0x00000002   PAD
    0x08000c08   0x08000c08   0x00000112   Code   RO          365    .text.HAL_ADC_DeInit  stm32f1xx_hal_adc.o
    0x08000d1a   0x08000d1a   0x00000002   PAD
    0x08000d1c   0x08000d1c   0x00000002   Code   RO          403    .text.HAL_ADC_ErrorCallback  stm32f1xx_hal_adc.o
    0x08000d1e   0x08000d1e   0x00000002   PAD
    0x08000d20   0x08000d20   0x00000006   Code   RO          393    .text.HAL_ADC_GetValue  stm32f1xx_hal_adc.o
    0x08000d26   0x08000d26   0x00000002   PAD
    0x08000d28   0x08000d28   0x000000ee   Code   RO          395    .text.HAL_ADC_IRQHandler  stm32f1xx_hal_adc.o
    0x08000e16   0x08000e16   0x00000002   PAD
    0x08000e18   0x08000e18   0x00000170   Code   RO          359    .text.HAL_ADC_Init  stm32f1xx_hal_adc.o
    0x08000f88   0x08000f88   0x0000005a   Code   RO          202    .text.HAL_ADC_LevelOutOfWindowCallback  main.o
    0x08000fe2   0x08000fe2   0x00000002   PAD
    0x08000fe4   0x08000fe4   0x0000006a   Code   RO          315    .text.HAL_ADC_MspDeInit  stm32f1xx_hal_msp.o
    0x0800104e   0x0800104e   0x00000002   PAD
    0x08001050   0x08001050   0x0000010a   Code   RO          313    .text.HAL_ADC_MspInit  stm32f1xx_hal_msp.o
    0x0800115a   0x0800115a   0x00000002   PAD
    0x0800115c   0x0800115c   0x000000cc   Code   RO          369    .text.HAL_ADC_Start  stm32f1xx_hal_adc.o
    0x08001228   0x08001228   0x00000118   Code   RO          383    .text.HAL_ADC_Start_DMA  stm32f1xx_hal_adc.o
    0x08001340   0x08001340   0x0000002a   Code   RO          788    .text.HAL_CRC_Init  stm32f1xx_hal_crc.o
    0x0800136a   0x0800136a   0x00000002   PAD
    0x0800136c   0x0800136c   0x00000032   Code   RO          317    .text.HAL_CRC_MspInit  stm32f1xx_hal_msp.o
    0x0800139e   0x0800139e   0x00000002   PAD
    0x080013a0   0x080013a0   0x00000046   Code   RO          599    .text.HAL_DMA_Abort  stm32f1xx_hal_dma.o
    0x080013e6   0x080013e6   0x00000002   PAD
    0x080013e8   0x080013e8   0x0000012e   Code   RO          601    .text.HAL_DMA_Abort_IT  stm32f1xx_hal_dma.o
    0x08001516   0x08001516   0x00000002   PAD
    0x08001518   0x08001518   0x00000096   Code   RO          593    .text.HAL_DMA_DeInit  stm32f1xx_hal_dma.o
    0x080015ae   0x080015ae   0x00000002   PAD
    0x080015b0   0x080015b0   0x00000006   Code   RO          611    .text.HAL_DMA_GetState  stm32f1xx_hal_dma.o
    0x080015b6   0x080015b6   0x00000002   PAD
    0x080015b8   0x080015b8   0x0000029a   Code   RO          605    .text.HAL_DMA_IRQHandler  stm32f1xx_hal_dma.o
    0x08001852   0x08001852   0x00000002   PAD
    0x08001854   0x08001854   0x0000009e   Code   RO          591    .text.HAL_DMA_Init  stm32f1xx_hal_dma.o
    0x080018f2   0x080018f2   0x00000002   PAD
    0x080018f4   0x080018f4   0x0000009c   Code   RO          597    .text.HAL_DMA_Start_IT  stm32f1xx_hal_dma.o
    0x08001990   0x08001990   0x00000034   Code   RO          164    .text.HAL_Delay     main.o
    0x080019c4   0x080019c4   0x000000fe   Code   RO          569    .text.HAL_GPIO_DeInit  stm32f1xx_hal_gpio.o
    0x08001ac2   0x08001ac2   0x00000002   PAD
    0x08001ac4   0x08001ac4   0x000000a6   Code   RO          176    .text.HAL_GPIO_EXTI_Callback  main.o
    0x08001b6a   0x08001b6a   0x00000002   PAD
    0x08001b6c   0x08001b6c   0x00000016   Code   RO          579    .text.HAL_GPIO_EXTI_IRQHandler  stm32f1xx_hal_gpio.o
    0x08001b82   0x08001b82   0x00000002   PAD
    0x08001b84   0x08001b84   0x00000206   Code   RO          567    .text.HAL_GPIO_Init  stm32f1xx_hal_gpio.o
    0x08001d8a   0x08001d8a   0x00000002   PAD
    0x08001d8c   0x08001d8c   0x0000000a   Code   RO          571    .text.HAL_GPIO_ReadPin  stm32f1xx_hal_gpio.o
    0x08001d96   0x08001d96   0x00000002   PAD
    0x08001d98   0x08001d98   0x0000000a   Code   RO          573    .text.HAL_GPIO_WritePin  stm32f1xx_hal_gpio.o
    0x08001da2   0x08001da2   0x00000002   PAD
    0x08001da4   0x08001da4   0x0000000c   Code   RO          467    .text.HAL_GetTick   stm32f1xx_hal.o
    0x08001db0   0x08001db0   0x000000e6   Code   RO         1365    .text.HAL_HalfDuplex_Init  stm32f1xx_hal_uart.o
    0x08001e96   0x08001e96   0x00000002   PAD
    0x08001e98   0x08001e98   0x00000002   Code   RO          930    .text.HAL_I2C_AbortCpltCallback  stm32f1xx_hal_i2c.o
    0x08001e9a   0x08001e9a   0x00000002   PAD
    0x08001e9c   0x08001e9c   0x00000002   Code   RO          920    .text.HAL_I2C_AddrCallback  stm32f1xx_hal_i2c.o
    0x08001e9e   0x08001e9e   0x00000002   PAD
    0x08001ea0   0x08001ea0   0x00000154   Code   RO          910    .text.HAL_I2C_ER_IRQHandler  stm32f1xx_hal_i2c.o
    0x08001ff4   0x08001ff4   0x00000660   Code   RO          898    .text.HAL_I2C_EV_IRQHandler  stm32f1xx_hal_i2c.o
    0x08002654   0x08002654   0x00000002   Code   RO          928    .text.HAL_I2C_ErrorCallback  stm32f1xx_hal_i2c.o
    0x08002656   0x08002656   0x00000002   PAD
    0x08002658   0x08002658   0x00000176   Code   RO          810    .text.HAL_I2C_Init  stm32f1xx_hal_i2c.o
    0x080027ce   0x080027ce   0x00000002   PAD
    0x080027d0   0x080027d0   0x0000020e   Code   RO          870    .text.HAL_I2C_IsDeviceReady  stm32f1xx_hal_i2c.o
    0x080029de   0x080029de   0x00000002   PAD
    0x080029e0   0x080029e0   0x00000002   Code   RO          922    .text.HAL_I2C_ListenCpltCallback  stm32f1xx_hal_i2c.o
    0x080029e2   0x080029e2   0x00000002   PAD
    0x080029e4   0x080029e4   0x00000002   Code   RO          914    .text.HAL_I2C_MasterRxCpltCallback  stm32f1xx_hal_i2c.o
    0x080029e6   0x080029e6   0x00000002   PAD
    0x080029e8   0x080029e8   0x00000002   Code   RO          912    .text.HAL_I2C_MasterTxCpltCallback  stm32f1xx_hal_i2c.o
    0x080029ea   0x080029ea   0x00000002   PAD
    0x080029ec   0x080029ec   0x00000002   Code   RO          926    .text.HAL_I2C_MemRxCpltCallback  stm32f1xx_hal_i2c.o
    0x080029ee   0x080029ee   0x00000002   PAD
    0x080029f0   0x080029f0   0x00000002   Code   RO          924    .text.HAL_I2C_MemTxCpltCallback  stm32f1xx_hal_i2c.o
    0x080029f2   0x080029f2   0x00000002   PAD
    0x080029f4   0x080029f4   0x0000034a   Code   RO          858    .text.HAL_I2C_Mem_Read  stm32f1xx_hal_i2c.o
    0x08002d3e   0x08002d3e   0x00000002   PAD
    0x08002d40   0x08002d40   0x00000158   Code   RO          854    .text.HAL_I2C_Mem_Write  stm32f1xx_hal_i2c.o
    0x08002e98   0x08002e98   0x00000082   Code   RO          321    .text.HAL_I2C_MspInit  stm32f1xx_hal_msp.o
    0x08002f1a   0x08002f1a   0x00000002   PAD
    0x08002f1c   0x08002f1c   0x00000002   Code   RO          918    .text.HAL_I2C_SlaveRxCpltCallback  stm32f1xx_hal_i2c.o
    0x08002f1e   0x08002f1e   0x00000002   PAD
    0x08002f20   0x08002f20   0x00000002   Code   RO          916    .text.HAL_I2C_SlaveTxCpltCallback  stm32f1xx_hal_i2c.o
    0x08002f22   0x08002f22   0x00000002   PAD
    0x08002f24   0x08002f24   0x00000058   Code   RO          948    .text.HAL_IWDG_Init  stm32f1xx_hal_iwdg.o
    0x08002f7c   0x08002f7c   0x0000001a   Code   RO          465    .text.HAL_IncTick   stm32f1xx_hal.o
    0x08002f96   0x08002f96   0x00000002   PAD
    0x08002f98   0x08002f98   0x00000026   Code   RO          455    .text.HAL_Init      stm32f1xx_hal.o
    0x08002fbe   0x08002fbe   0x00000002   PAD
    0x08002fc0   0x08002fc0   0x00000048   Code   RO          457    .text.HAL_InitTick  stm32f1xx_hal.o
    0x08003008   0x08003008   0x00000054   Code   RO          311    .text.HAL_MspInit   stm32f1xx_hal_msp.o
    0x0800305c   0x0800305c   0x00000028   Code   RO          629    .text.HAL_NVIC_DisableIRQ  stm32f1xx_hal_cortex.o
    0x08003084   0x08003084   0x00000020   Code   RO          627    .text.HAL_NVIC_EnableIRQ  stm32f1xx_hal_cortex.o
    0x080030a4   0x080030a4   0x00000056   Code   RO          625    .text.HAL_NVIC_SetPriority  stm32f1xx_hal_cortex.o
    0x080030fa   0x080030fa   0x00000002   PAD
    0x080030fc   0x080030fc   0x00000020   Code   RO          623    .text.HAL_NVIC_SetPriorityGrouping  stm32f1xx_hal_cortex.o
    0x0800311c   0x0800311c   0x00000004   Code   RO          631    .text.HAL_NVIC_SystemReset  stm32f1xx_hal_cortex.o
    0x08003120   0x08003120   0x0000000c   Code   RO          665    .text.HAL_PWR_EnableBkUpAccess  stm32f1xx_hal_pwr.o
    0x0800312c   0x0800312c   0x0000000e   Code   RO          200    .text.HAL_PWR_PVDCallback  main.o
    0x0800313a   0x0800313a   0x00000002   PAD
    0x0800313c   0x0800313c   0x0000001e   Code   RO          695    .text.HAL_PWR_PVD_IRQHandler  stm32f1xx_hal_pwr.o
    0x0800315a   0x0800315a   0x00000002   PAD
    0x0800315c   0x0800315c   0x00000114   Code   RO          557    .text.HAL_RCCEx_GetPeriphCLKFreq  stm32f1xx_hal_rcc_ex.o
    0x08003270   0x08003270   0x0000010a   Code   RO          553    .text.HAL_RCCEx_PeriphCLKConfig  stm32f1xx_hal_rcc_ex.o
    0x0800337a   0x0800337a   0x00000002   PAD
    0x0800337c   0x0800337c   0x000001ce   Code   RO          519    .text.HAL_RCC_ClockConfig  stm32f1xx_hal_rcc.o
    0x0800354a   0x0800354a   0x00000002   PAD
    0x0800354c   0x0800354c   0x00000026   Code   RO          531    .text.HAL_RCC_GetPCLK1Freq  stm32f1xx_hal_rcc.o
    0x08003572   0x08003572   0x00000002   PAD
    0x08003574   0x08003574   0x00000026   Code   RO          533    .text.HAL_RCC_GetPCLK2Freq  stm32f1xx_hal_rcc.o
    0x0800359a   0x0800359a   0x00000002   PAD
    0x0800359c   0x0800359c   0x00000064   Code   RO          521    .text.HAL_RCC_GetSysClockFreq  stm32f1xx_hal_rcc.o
    0x08003600   0x08003600   0x000003b4   Code   RO          517    .text.HAL_RCC_OscConfig  stm32f1xx_hal_rcc.o
    0x080039b4   0x080039b4   0x00000032   Code   RO         1032    .text.HAL_RTCEx_SetSmoothCalib  stm32f1xx_hal_rtc_ex.o
    0x080039e6   0x080039e6   0x00000002   PAD
    0x080039e8   0x080039e8   0x00000232   Code   RO          974    .text.HAL_RTC_GetTime  stm32f1xx_hal_rtc.o
    0x08003c1a   0x08003c1a   0x00000002   PAD
    0x08003c1c   0x08003c1c   0x000000f4   Code   RO          960    .text.HAL_RTC_Init  stm32f1xx_hal_rtc.o
    0x08003d10   0x08003d10   0x00000046   Code   RO          325    .text.HAL_RTC_MspInit  stm32f1xx_hal_msp.o
    0x08003d56   0x08003d56   0x00000002   PAD
    0x08003d58   0x08003d58   0x00000160   Code   RO          970    .text.HAL_RTC_SetTime  stm32f1xx_hal_rtc.o
    0x08003eb8   0x08003eb8   0x00000038   Code   RO          964    .text.HAL_RTC_WaitForSynchro  stm32f1xx_hal_rtc.o
    0x08003ef0   0x08003ef0   0x00000172   Code   RO          178    .text.HAL_SYSTICK_Callback  main.o
    0x08004062   0x08004062   0x00000002   PAD
    0x08004064   0x08004064   0x0000002c   Code   RO          635    .text.HAL_SYSTICK_Config  stm32f1xx_hal_cortex.o
    0x08004090   0x08004090   0x00000004   Code   RO          651    .text.HAL_SYSTICK_IRQHandler  stm32f1xx_hal_cortex.o
    0x08004094   0x08004094   0x00000092   Code   RO         1337    .text.HAL_TIMEx_MasterConfigSynchronization  stm32f1xx_hal_tim_ex.o
    0x08004126   0x08004126   0x00000002   PAD
    0x08004128   0x08004128   0x00000060   Code   RO         1048    .text.HAL_TIM_Base_DeInit  stm32f1xx_hal_tim.o
    0x08004188   0x08004188   0x00000126   Code   RO         1042    .text.HAL_TIM_Base_Init  stm32f1xx_hal_tim.o
    0x080042ae   0x080042ae   0x00000002   PAD
    0x080042b0   0x080042b0   0x00000022   Code   RO          331    .text.HAL_TIM_Base_MspDeInit  stm32f1xx_hal_msp.o
    0x080042d2   0x080042d2   0x00000002   PAD
    0x080042d4   0x080042d4   0x00000032   Code   RO          329    .text.HAL_TIM_Base_MspInit  stm32f1xx_hal_msp.o
    0x08004306   0x08004306   0x00000002   PAD
    0x08004308   0x08004308   0x0000019c   Code   RO         1222    .text.HAL_TIM_ConfigClockSource  stm32f1xx_hal_tim.o
    0x080044a4   0x080044a4   0x000001f8   Code   RO         1188    .text.HAL_TIM_OC_ConfigChannel  stm32f1xx_hal_tim.o
    0x0800469c   0x0800469c   0x00000126   Code   RO         1070    .text.HAL_TIM_OC_Init  stm32f1xx_hal_tim.o
    0x080047c2   0x080047c2   0x00000002   PAD
    0x080047c4   0x080047c4   0x00000002   Code   RO         1072    .text.HAL_TIM_OC_MspInit  stm32f1xx_hal_tim.o
    0x080047c6   0x080047c6   0x00000002   PAD
    0x080047c8   0x080047c8   0x000000e2   Code   RO         1078    .text.HAL_TIM_OC_Start  stm32f1xx_hal_tim.o
    0x080048aa   0x080048aa   0x00000002   PAD
    0x080048ac   0x080048ac   0x00000002   Code   RO         1445    .text.HAL_UARTEx_RxEventCallback  stm32f1xx_hal_uart.o
    0x080048ae   0x080048ae   0x00000002   PAD
    0x080048b0   0x080048b0   0x00000038   Code   RO         1371    .text.HAL_UART_DeInit  stm32f1xx_hal_uart.o
    0x080048e8   0x080048e8   0x00000064   Code   RO          172    .text.HAL_UART_ErrorCallback  main.o
    0x0800494c   0x0800494c   0x00000564   Code   RO         1437    .text.HAL_UART_IRQHandler  stm32f1xx_hal_uart.o
    0x08004eb0   0x08004eb0   0x000000de   Code   RO         1361    .text.HAL_UART_Init  stm32f1xx_hal_uart.o
    0x08004f8e   0x08004f8e   0x00000002   PAD
    0x08004f90   0x08004f90   0x0000016a   Code   RO          335    .text.HAL_UART_MspDeInit  stm32f1xx_hal_msp.o
    0x080050fa   0x080050fa   0x00000002   PAD
    0x080050fc   0x080050fc   0x00000432   Code   RO          333    .text.HAL_UART_MspInit  stm32f1xx_hal_msp.o
    0x0800552e   0x0800552e   0x00000002   PAD
    0x08005530   0x08005530   0x00000160   Code   RO         1393    .text.HAL_UART_Receive_DMA  stm32f1xx_hal_uart.o
    0x08005690   0x08005690   0x00000052   Code   RO         1381    .text.HAL_UART_Receive_IT  stm32f1xx_hal_uart.o
    0x080056e2   0x080056e2   0x00000002   PAD
    0x080056e4   0x080056e4   0x00000102   Code   RO          170    .text.HAL_UART_RxCpltCallback  main.o
    0x080057e6   0x080057e6   0x00000002   PAD
    0x080057e8   0x080057e8   0x00000002   Code   RO         1453    .text.HAL_UART_RxHalfCpltCallback  stm32f1xx_hal_uart.o
    0x080057ea   0x080057ea   0x00000002   PAD
    0x080057ec   0x080057ec   0x00000266   Code   RO         1375    .text.HAL_UART_Transmit  stm32f1xx_hal_uart.o
    0x08005a52   0x08005a52   0x00000002   PAD
    0x08005a54   0x08005a54   0x000000c8   Code   RO         1385    .text.HAL_UART_Transmit_DMA  stm32f1xx_hal_uart.o
    0x08005b1c   0x08005b1c   0x000000aa   Code   RO          168    .text.HAL_UART_TxCpltCallback  main.o
    0x08005bc6   0x08005bc6   0x00000002   PAD
    0x08005bc8   0x08005bc8   0x00000002   Code   RO         1449    .text.HAL_UART_TxHalfCpltCallback  stm32f1xx_hal_uart.o
    0x08005bca   0x08005bca   0x00000002   PAD
    0x08005bcc   0x08005bcc   0x00000002   Code   RO          248    .text.HardFault_Handler  stm32f1xx_it.o
    0x08005bce   0x08005bce   0x00000002   PAD
    0x08005bd0   0x08005bd0   0x000000d8   Code   RO           81    .text.Hex2Dec2ASCII  hex2ascii.o
    0x08005ca8   0x08005ca8   0x0000000c   Code   RO          288    .text.I2C1_ER_IRQHandler  stm32f1xx_it.o
    0x08005cb4   0x08005cb4   0x0000000c   Code   RO          286    .text.I2C1_EV_IRQHandler  stm32f1xx_it.o
    0x08005cc0   0x08005cc0   0x00000122   Code   RO          884    .text.I2C_DMAAbort  stm32f1xx_hal_i2c.o
    0x08005de2   0x08005de2   0x00000002   PAD
    0x08005de4   0x08005de4   0x0000018c   Code   RO          896    .text.I2C_ITError   stm32f1xx_hal_i2c.o
    0x08005f70   0x08005f70   0x000000e8   Code   RO          908    .text.I2C_MasterReceive_BTF  stm32f1xx_hal_i2c.o
    0x08006058   0x08006058   0x00000142   Code   RO          906    .text.I2C_MasterReceive_RXNE  stm32f1xx_hal_i2c.o
    0x0800619a   0x0800619a   0x00000002   PAD
    0x0800619c   0x0800619c   0x00000082   Code   RO          902    .text.I2C_MasterTransmit_BTF  stm32f1xx_hal_i2c.o
    0x0800621e   0x0800621e   0x00000002   PAD
    0x08006220   0x08006220   0x000000b2   Code   RO          900    .text.I2C_MasterTransmit_TXE  stm32f1xx_hal_i2c.o
    0x080062d2   0x080062d2   0x00000002   PAD
    0x080062d4   0x080062d4   0x000000be   Code   RO          904    .text.I2C_MemoryTransmit_TXE_BTF  stm32f1xx_hal_i2c.o
    0x08006392   0x08006392   0x00000002   PAD
    0x08006394   0x08006394   0x00000118   Code   RO          860    .text.I2C_RequestMemoryRead  stm32f1xx_hal_i2c.o
    0x080064ac   0x080064ac   0x000000c8   Code   RO          856    .text.I2C_RequestMemoryWrite  stm32f1xx_hal_i2c.o
    0x08006574   0x08006574   0x000000be   Code   RO          824    .text.I2C_WaitOnBTFFlagUntilTimeout  stm32f1xx_hal_i2c.o
    0x08006632   0x08006632   0x00000002   PAD
    0x08006634   0x08006634   0x000001d2   Code   RO          820    .text.I2C_WaitOnFlagUntilTimeout  stm32f1xx_hal_i2c.o
    0x08006806   0x08006806   0x00000002   PAD
    0x08006808   0x08006808   0x000000e0   Code   RO          938    .text.I2C_WaitOnMasterAddressFlagUntilTimeout  stm32f1xx_hal_i2c.o
    0x080068e8   0x080068e8   0x00000090   Code   RO          828    .text.I2C_WaitOnRXNEFlagUntilTimeout  stm32f1xx_hal_i2c.o
    0x08006978   0x08006978   0x000000be   Code   RO          822    .text.I2C_WaitOnTXEFlagUntilTimeout  stm32f1xx_hal_i2c.o
    0x08006a36   0x08006a36   0x00000002   PAD
    0x08006a38   0x08006a38   0x0000032a   Code   RO          142    .text.Init_sequence  main.o
    0x08006d62   0x08006d62   0x00000002   PAD
    0x08006d64   0x08006d64   0x00000010   Code   RO          128    .text.Is_all_data_popped_from_ring_buffer  ring_buffer.o
    0x08006d74   0x08006d74   0x000000c4   Code   RO          166    .text.Leds_on_off   main.o
    0x08006e38   0x08006e38   0x00000054   Code   RO          103    .text.Link_ow_com_port_to_real  onewire.o
    0x08006e8c   0x08006e8c   0x0000009c   Code   RO           43    .text.Make_temperature_statistics  backup.o
    0x08006f28   0x08006f28   0x0000015a   Code   RO           41    .text.Make_time_correction_and_day_inc  backup.o
    0x08007082   0x08007082   0x00000002   PAD
    0x08007084   0x08007084   0x0000007c   Code   RO           45    .text.Make_water_using_statistics  backup.o
    0x08007100   0x08007100   0x00000002   Code   RO          250    .text.MemManage_Handler  stm32f1xx_it.o
    0x08007102   0x08007102   0x00000002   PAD
    0x08007104   0x08007104   0x00000002   Code   RO          246    .text.NMI_Handler   stm32f1xx_it.o
    0x08007106   0x08007106   0x00000002   PAD
    0x08007108   0x08007108   0x00000036   Code   RO          105    .text.OW_Init       onewire.o
    0x0800713e   0x0800713e   0x00000002   PAD
    0x08007140   0x08007140   0x000000b6   Code   RO          107    .text.OW_Reset      onewire.o
    0x080071f6   0x080071f6   0x00000002   PAD
    0x080071f8   0x080071f8   0x00000226   Code   RO          113    .text.OW_Search     onewire.o
    0x0800741e   0x0800741e   0x00000002   PAD
    0x08007420   0x08007420   0x0000018c   Code   RO          109    .text.OW_Send       onewire.o
    0x080075ac   0x080075ac   0x00000004   Code   RO          264    .text.PVD_IRQHandler  stm32f1xx_it.o
    0x080075b0   0x080075b0   0x00000c74   Code   RO          158    .text.Parsing_nextion_display_string  main.o
    0x08008224   0x08008224   0x00000002   Code   RO          260    .text.PendSV_Handler  stm32f1xx_it.o
    0x08008226   0x08008226   0x00000002   PAD
    0x08008228   0x08008228   0x000000d2   Code   RO           70    .text.Polling_termosensors  ds18b20.o
    0x080082fa   0x080082fa   0x00000002   PAD
    0x080082fc   0x080082fc   0x00000110   Code   RO          126    .text.Pop_string_from_ring_buffer  ring_buffer.o
    0x0800840c   0x0800840c   0x000000c4   Code   RO           17    .text.Prepare_e2p_buf  backup.o
    0x080084d0   0x080084d0   0x000033b2   Code   RO          156    .text.Prepare_params_and_send_to_nextion  main.o
    0x0800b882   0x0800b882   0x00000002   PAD
    0x0800b884   0x0800b884   0x00000278   Code   RO          160    .text.Pump_on_off   main.o
    0x0800bafc   0x0800bafc   0x000001a2   Code   RO          124    .text.Push_string_to_ring_buffer  ring_buffer.o
    0x0800bc9e   0x0800bc9e   0x00000002   PAD
    0x0800bca0   0x0800bca0   0x000002a4   Code   RO          976    .text.RTC_DateUpdate  stm32f1xx_hal_rtc.o
    0x0800bf44   0x0800bf44   0x00000060   Code   RO          972    .text.RTC_WriteAlarmCounter  stm32f1xx_hal_rtc.o
    0x0800bfa4   0x0800bfa4   0x00000132   Code   RO          204    .text.Reduce_mcu_power  main.o
    0x0800c0d6   0x0800c0d6   0x00000002   PAD
    0x0800c0d8   0x0800c0d8   0x000001e8   Code   RO           37    .text.Restore_all_data  backup.o
    0x0800c2c0   0x0800c2c0   0x00000002   Code   RO          256    .text.SVC_Handler   stm32f1xx_it.o
    0x0800c2c2   0x0800c2c2   0x00000002   PAD
    0x0800c2c4   0x0800c2c4   0x00000060   Code   RO           39    .text.Set_all_variables_to_default  backup.o
    0x0800c324   0x0800c324   0x0000000e   Code   RO          262    .text.SysTick_Handler  stm32f1xx_it.o
    0x0800c332   0x0800c332   0x00000002   PAD
    0x0800c334   0x0800c334   0x00000192   Code   RO          140    .text.SystemClock_Config  main.o
    0x0800c4c6   0x0800c4c6   0x00000002   PAD
    0x0800c4c8   0x0800c4c8   0x00000002   Code   RO         1481    .text.SystemInit    system_stm32f1xx.o
    0x0800c4ca   0x0800c4ca   0x00000002   PAD
    0x0800c4cc   0x0800c4cc   0x0000000c   Code   RO          296    .text.UART4_IRQHandler  stm32f1xx_it.o
    0x0800c4d8   0x0800c4d8   0x0000000c   Code   RO          298    .text.UART5_IRQHandler  stm32f1xx_it.o
    0x0800c4e4   0x0800c4e4   0x0000000c   Code   RO         1441    .text.UART_DMAAbortOnError  stm32f1xx_hal_uart.o
    0x0800c4f0   0x0800c4f0   0x0000017c   Code   RO         1391    .text.UART_DMAError  stm32f1xx_hal_uart.o
    0x0800c66c   0x0800c66c   0x0000015e   Code   RO         1469    .text.UART_DMAReceiveCplt  stm32f1xx_hal_uart.o
    0x0800c7ca   0x0800c7ca   0x00000002   PAD
    0x0800c7cc   0x0800c7cc   0x00000018   Code   RO         1471    .text.UART_DMARxHalfCplt  stm32f1xx_hal_uart.o
    0x0800c7e4   0x0800c7e4   0x000000b0   Code   RO         1387    .text.UART_DMATransmitCplt  stm32f1xx_hal_uart.o
    0x0800c894   0x0800c894   0x00000006   Code   RO         1389    .text.UART_DMATxHalfCplt  stm32f1xx_hal_uart.o
    0x0800c89a   0x0800c89a   0x00000002   PAD
    0x0800c89c   0x0800c89c   0x000000fe   Code   RO         1439    .text.UART_Receive_IT  stm32f1xx_hal_uart.o
    0x0800c99a   0x0800c99a   0x00000002   PAD
    0x0800c99c   0x0800c99c   0x0000000c   Code   RO          290    .text.USART1_IRQHandler  stm32f1xx_it.o
    0x0800c9a8   0x0800c9a8   0x0000000c   Code   RO          292    .text.USART2_IRQHandler  stm32f1xx_it.o
    0x0800c9b4   0x0800c9b4   0x0000000c   Code   RO          294    .text.USART3_IRQHandler  stm32f1xx_it.o
    0x0800c9c0   0x0800c9c0   0x00000002   Code   RO          254    .text.UsageFault_Handler  stm32f1xx_it.o
    0x0800c9c2   0x0800c9c2   0x00000002   PAD
    0x0800c9c4   0x0800c9c4   0x0000057e   Code   RO          162    .text.Watering_on_off  main.o
    0x0800cf42   0x0800cf42   0x00000002   PAD
    0x0800cf44   0x0800cf44   0x00000062   Code   RO           31    .text.Write_time_to_RTC  backup.o
    0x0800cfa6   0x0800cfa6   0x00000002   PAD
    0x0800cfa8   0x0800cfa8   0x0000002a   Code   RO          633    .text.__NVIC_SystemReset  stm32f1xx_hal_cortex.o
    0x0800cfd2   0x0800cfd2   0x00000002   PAD
    0x0800cfd4   0x0800cfd4   0x00000198   Code   RO           62    .text.ds18b20_crc8  ds18b20.o
    0x0800d16c   0x0800d16c   0x00000056   Code   RO           60    .text.ds18b20_init  ds18b20.o
    0x0800d1c2   0x0800d1c2   0x00000002   PAD
    0x0800d1c4   0x0800d1c4   0x000016a2   Code   RO          138    .text.main          main.o
    0x0800e866   0x0800e866   0x00000072   Code   RO         1543    i.roundf            m_ws.l(roundf.o)
    0x0800e8d8   0x0800e8d8   0x00000062   Code   RO         1505    x$fpl$d2f           fz_ws.l(d2f.o)
    0x0800e93a   0x0800e93a   0x00000002   PAD
    0x0800e93c   0x0800e93c   0x0000005e   Code   RO         1507    x$fpl$dfix          fz_ws.l(dfix.o)
    0x0800e99a   0x0800e99a   0x0000002e   Code   RO         1512    x$fpl$dflt          fz_ws.l(dflt_clz.o)
    0x0800e9c8   0x0800e9c8   0x00000154   Code   RO         1517    x$fpl$dmul          fz_ws.l(dmul.o)
    0x0800eb1c   0x0800eb1c   0x0000009c   Code   RO         1546    x$fpl$dnaninf       fz_ws.l(dnaninf.o)
    0x0800ebb8   0x0800ebb8   0x0000000c   Code   RO         1548    x$fpl$dretinf       fz_ws.l(dretinf.o)
    0x0800ebc4   0x0800ebc4   0x000000c4   Code   RO         1519    x$fpl$fadd          fz_ws.l(faddsub_clz.o)
    0x0800ec88   0x0800ec88   0x00000054   Code   RO         1525    x$fpl$fcmp          fz_ws.l(fcmp.o)
    0x0800ecdc   0x0800ecdc   0x00000018   Code   RO         1578    x$fpl$fcmpinf       fz_ws.l(fcmpi.o)
    0x0800ecf4   0x0800ecf4   0x00000184   Code   RO         1528    x$fpl$fdiv          fz_ws.l(fdiv.o)
    0x0800ee78   0x0800ee78   0x00000068   Code   RO         1550    x$fpl$feqf          fz_ws.l(feqf.o)
    0x0800eee0   0x0800eee0   0x00000036   Code   RO         1531    x$fpl$ffix          fz_ws.l(ffix.o)
    0x0800ef16   0x0800ef16   0x00000002   PAD
    0x0800ef18   0x0800ef18   0x00000030   Code   RO         1536    x$fpl$fflt          fz_ws.l(fflt_clz.o)
    0x0800ef48   0x0800ef48   0x00000026   Code   RO         1535    x$fpl$ffltu         fz_ws.l(fflt_clz.o)
    0x0800ef6e   0x0800ef6e   0x00000002   PAD
    0x0800ef70   0x0800ef70   0x00000068   Code   RO         1552    x$fpl$fgeqf         fz_ws.l(fgeqf.o)
    0x0800efd8   0x0800efd8   0x00000068   Code   RO         1554    x$fpl$fleqf         fz_ws.l(fleqf.o)
    0x0800f040   0x0800f040   0x00000102   Code   RO         1541    x$fpl$fmul          fz_ws.l(fmul.o)
    0x0800f142   0x0800f142   0x0000008c   Code   RO         1556    x$fpl$fnaninf       fz_ws.l(fnaninf.o)
    0x0800f1ce   0x0800f1ce   0x0000000a   Code   RO         1558    x$fpl$fretinf       fz_ws.l(fretinf.o)
    0x0800f1d8   0x0800f1d8   0x00000060   Code   RO         1560    x$fpl$frnd          fz_ws.l(frnd.o)
    0x0800f238   0x0800f238   0x000000ea   Code   RO         1521    x$fpl$fsub          fz_ws.l(faddsub_clz.o)
    0x0800f322   0x0800f322   0x00000000   Code   RO         1562    x$fpl$usenofp       fz_ws.l(usenofp.o)
    0x0800f322   0x0800f322   0x00000010   Data   RO         1486    .rodata.AHBPrescTable  system_stm32f1xx.o
    0x0800f332   0x0800f332   0x00000008   Data   RO         1487    .rodata.APBPrescTable  system_stm32f1xx.o
    0x0800f33a   0x0800f33a   0x00000002   Data   RO          544    .rodata.HAL_RCC_GetSysClockFreq.aPredivFactorTable  stm32f1xx_hal_rcc.o
    0x0800f33c   0x0800f33c   0x00000010   Data   RO          543    .rodata.cst16       stm32f1xx_hal_rcc.o
    0x0800f34c   0x0800f34c   0x00000020   Data   RO         1726    Region$$Table       anon$$obj.o


    Execution Region RW_IRAM1 (Exec base: 0x20000000, Load base: 0x0800f370, Size: 0x000023b8, Max: 0x0000c000, ABSOLUTE)

    Exec Addr    Load Addr    Size         Type   Attr      Idx    E Section Name        Object

    0x20000000   0x0800f370   0x00000008   Data   RW          506    .data..L_MergedGlobals  stm32f1xx_hal.o
    0x20000008   0x0800f378   0x00000004   Data   RW         1485    .data.SystemCoreClock  system_stm32f1xx.o
    0x2000000c   0x0800f37c   0x00000004   PAD
    0x20000010        -       0x00000060   Zero   RW         1591    .bss                c_w.l(libspace.o)
    0x20000070        -       0x0000001c   Zero   RW           51    .bss..L_MergedGlobals  backup.o
    0x2000008c   0x0800f37c   0x00000004   PAD
    0x20000090        -       0x00000011   Zero   RW           72    .bss..L_MergedGlobals  ds18b20.o
    0x200000a1   0x0800f37c   0x00000007   PAD
    0x200000a8        -       0x00000020   Zero   RW          115    .bss..L_MergedGlobals  onewire.o
    0x200000c8        -       0x0000007c   Zero   RW          232    .bss..L_MergedGlobals  main.o
    0x20000144        -       0x0000006c   Zero   RW          233    .bss..L_MergedGlobals.1  main.o
    0x200001b0        -       0x00000058   Zero   RW          234    .bss..L_MergedGlobals.2  main.o
    0x20000208        -       0x00000058   Zero   RW          235    .bss..L_MergedGlobals.3  main.o
    0x20000260        -       0x00000058   Zero   RW          236    .bss..L_MergedGlobals.4  main.o
    0x200002b8        -       0x00000060   Zero   RW          237    .bss..L_MergedGlobals.5  main.o
    0x20000318        -       0x00000004   Zero   RW           50    .bss.Restore_all_data.struct_size  backup.o
    0x2000031c        -       0x0000041c   Zero   RW          211    .bss.com1_ring_buf  main.o
    0x20000738        -       0x0000041c   Zero   RW          214    .bss.com2_ring_buf  main.o
    0x20000b54        -       0x00000400   Zero   RW           49    .bss.e2p_temp_buf   backup.o
    0x20000f54        -       0x00000190   Zero   RW          213    .bss.external       main.o
    0x200010e4        -       0x00000044   Zero   RW          221    .bss.hdma_adc1      main.o
    0x20001128        -       0x00000044   Zero   RW          223    .bss.hdma_uart4_rx  main.o
    0x2000116c        -       0x00000044   Zero   RW          224    .bss.hdma_uart4_tx  main.o
    0x200011b0        -       0x00000044   Zero   RW          225    .bss.hdma_usart1_rx  main.o
    0x200011f4        -       0x00000044   Zero   RW          226    .bss.hdma_usart1_tx  main.o
    0x20001238        -       0x00000044   Zero   RW          227    .bss.hdma_usart2_rx  main.o
    0x2000127c        -       0x00000044   Zero   RW          228    .bss.hdma_usart2_tx  main.o
    0x200012c0        -       0x00000044   Zero   RW          229    .bss.hdma_usart3_rx  main.o
    0x20001304        -       0x00000044   Zero   RW          230    .bss.hdma_usart3_tx  main.o
    0x20001348        -       0x00000054   Zero   RW          208    .bss.hi2c1          main.o
    0x2000139c        -       0x00000048   Zero   RW          219    .bss.htim4          main.o
    0x200013e4        -       0x00000048   Zero   RW          212    .bss.huart1         main.o
    0x2000142c        -       0x00000048   Zero   RW          215    .bss.huart2         main.o
    0x20001474        -       0x00000048   Zero   RW          220    .bss.huart3         main.o
    0x200014bc        -       0x00000048   Zero   RW          222    .bss.huart4         main.o
    0x20001504        -       0x00000048   Zero   RW          217    .bss.huart5         main.o
    0x2000154c        -       0x00000190   Zero   RW          209    .bss.jetson         main.o
    0x200016dc        -       0x00000040   Zero   RW          216    .bss.last_pump_cycle  main.o
    0x2000171c        -       0x00000054   Zero   RW          210    .bss.nextion        main.o
    0x20001770        -       0x00000044   Zero   RW          218    .bss.stats          main.o
    0x200017b4        -       0x00000004   Zero   RW          505    .bss.uwTick         stm32f1xx_hal.o
    0x200017b8        -       0x00000400   Zero   RW            2    HEAP                startup_stm32f103xe.o
    0x20001bb8        -       0x00000800   Zero   RW            1    STACK               startup_stm32f103xe.o


==============================================================================

Image component sizes


      Code (inc. data)   RO Data    RW Data    ZI Data      Debug   Object Name

      1968          0          0          0       1056      22219   backup.o
       704          0          0          0         17       7422   ds18b20.o
       342          0          0          0          0       5128   hex2ascii.o
     27560        262          0          0       4840      60759   main.o
      1266          6          0          0         32       8631   onewire.o
       706          0          0          0          0       4416   ring_buffer.o
        64         26        304          0       3072        804   startup_stm32f103xe.o
       148          0          0          8          4       6096   stm32f1xx_hal.o
      2238          0          0          0          0      13177   stm32f1xx_hal_adc.o
       274          0          0          0          0       9485   stm32f1xx_hal_adc_ex.o
       284          0          0          0          0       8819   stm32f1xx_hal_cortex.o
        42          0          0          0          0       3831   stm32f1xx_hal_crc.o
      1508          0          0          0          0       8554   stm32f1xx_hal_dma.o
       814         22          0          0          0       4563   stm32f1xx_hal_gpio.o
      7510         16          0          0          0      42499   stm32f1xx_hal_i2c.o
        88          0          0          0          0       1670   stm32f1xx_hal_iwdg.o
      2226          0          0          0          0      14326   stm32f1xx_hal_msp.o
        42          0          0          0          0       4220   stm32f1xx_hal_pwr.o
      1586          0         18          0          0       7741   stm32f1xx_hal_rcc.o
       542         36          0          0          0       3815   stm32f1xx_hal_rcc_ex.o
      1986          0          0          0          0      19880   stm32f1xx_hal_rtc.o
        50          0          0          0          0       6170   stm32f1xx_hal_rtc_ex.o
      1828          4          0          0          0      55836   stm32f1xx_hal_tim.o
       146          0          0          0          0      20910   stm32f1xx_hal_tim_ex.o
      4344          0          0          0          0      32569   stm32f1xx_hal_uart.o
       268          0          0          0          0       8115   stm32f1xx_it.o
         2          0         24          4          0       1704   system_stm32f1xx.o

    ----------------------------------------------------------------------
     58766        372        378         12       9036     383359   Object Totals
         0          0         32          0          0          0   (incl. Generated)
       230          0          0          0         15          0   (incl. Padding)

    ----------------------------------------------------------------------

      Code (inc. data)   RO Data    RW Data    ZI Data      Debug   Library Member Name

         8          0          0          0          0         68   __main.o
         0          0          0          0          0          0   __rtentry.o
        12          0          0          0          0          0   __rtentry2.o
         6          0          0          0          0          0   __rtentry4.o
        52          8          0          0          0          0   __scatter.o
        26          0          0          0          0          0   __scatter_copy.o
        28          0          0          0          0          0   __scatter_zi.o
        18          0          0          0          0         80   exit.o
         6          0          0          0          0        152   heapauxi.o
         0          0          0          0          0          0   indicate_semi.o
         2          0          0          0          0          0   libinit.o
         2          0          0          0          0          0   libinit2.o
         2          0          0          0          0          0   libshutdown.o
         2          0          0          0          0          0   libshutdown2.o
         8          4          0          0         96         68   libspace.o
        68          0          0          0          0         68   rt_memclr.o
        78          0          0          0          0         80   rt_memclr_w.o
         2          0          0          0          0          0   rtexit.o
        10          0          0          0          0          0   rtexit2.o
        12          4          0          0          0         68   sys_exit.o
        74          0          0          0          0         80   sys_stackheap_outer.o
         2          0          0          0          0         68   use_no_semi.o
        98          4          0          0          0         92   d2f.o
        94          4          0          0          0         92   dfix.o
        46          0          0          0          0         68   dflt_clz.o
       340         12          0          0          0        104   dmul.o
       156          4          0          0          0         92   dnaninf.o
        12          0          0          0          0         68   dretinf.o
       430          8          0          0          0        168   faddsub_clz.o
        84          0          0          0          0        196   fcmp.o
        24          0          0          0          0         68   fcmpi.o
       388         76          0          0          0         96   fdiv.o
       104          4          0          0          0         84   feqf.o
        54          4          0          0          0         84   ffix.o
        86          0          0          0          0        136   fflt_clz.o
       104          4          0          0          0         84   fgeqf.o
       104          4          0          0          0         84   fleqf.o
       258          4          0          0          0         84   fmul.o
       140          4          0          0          0         84   fnaninf.o
        10          0          0          0          0         68   fretinf.o
        96          4          0          0          0         76   frnd.o
         0          0          0          0          0          0   usenofp.o
       114          0          0          0          0         80   roundf.o

    ----------------------------------------------------------------------
      3172        152          0          0         96       2640   Library Totals
        12          0          0          0          0          0   (incl. Padding)

    ----------------------------------------------------------------------

      Code (inc. data)   RO Data    RW Data    ZI Data      Debug   Library Name

       418         16          0          0         96        732   c_w.l
      2628        136          0          0          0       1828   fz_ws.l
       114          0          0          0          0         80   m_ws.l

    ----------------------------------------------------------------------
      3172        152          0          0         96       2640   Library Totals

    ----------------------------------------------------------------------

==============================================================================


      Code (inc. data)   RO Data    RW Data    ZI Data      Debug   

     61938        524        378         12       9132     384143   Grand Totals
     61938        524        378         12       9132     384143   ELF Image Totals
     61938        524        378         12          0          0   ROM Totals

==============================================================================

    Total RO  Size (Code + RO Data)                62316 (  60.86kB)
    Total RW  Size (RW Data + ZI Data)              9144 (   8.93kB)
    Total ROM Size (Code + RO Data + RW Data)      62328 (  60.87kB)

==============================================================================

