Component: Arm Compiler for Embedded 6.21 Tool: armlink [5ec1fa00]

==============================================================================

Section Cross References

    startup_stm32f103xe.o(STACK) refers (Special) to heapauxi.o(.text) for __use_two_region_memory
    startup_stm32f103xe.o(HEAP) refers (Special) to heapauxi.o(.text) for __use_two_region_memory
    startup_stm32f103xe.o(RESET) refers (Special) to heapauxi.o(.text) for __use_two_region_memory
    startup_stm32f103xe.o(RESET) refers to startup_stm32f103xe.o(STACK) for __initial_sp
    startup_stm32f103xe.o(RESET) refers to startup_stm32f103xe.o(.text) for Reset_Handler
    startup_stm32f103xe.o(RESET) refers to stm32f1xx_it.o(.text.NMI_Handler) for NMI_Handler
    startup_stm32f103xe.o(RESET) refers to stm32f1xx_it.o(.text.HardFault_Handler) for HardFault_Handler
    startup_stm32f103xe.o(RESET) refers to stm32f1xx_it.o(.text.MemManage_Handler) for MemManage_Handler
    startup_stm32f103xe.o(RESET) refers to stm32f1xx_it.o(.text.BusFault_Handler) for BusFault_Handler
    startup_stm32f103xe.o(RESET) refers to stm32f1xx_it.o(.text.UsageFault_Handler) for UsageFault_Handler
    startup_stm32f103xe.o(RESET) refers to stm32f1xx_it.o(.text.SVC_Handler) for SVC_Handler
    startup_stm32f103xe.o(RESET) refers to stm32f1xx_it.o(.text.DebugMon_Handler) for DebugMon_Handler
    startup_stm32f103xe.o(RESET) refers to stm32f1xx_it.o(.text.PendSV_Handler) for PendSV_Handler
    startup_stm32f103xe.o(RESET) refers to stm32f1xx_it.o(.text.SysTick_Handler) for SysTick_Handler
    startup_stm32f103xe.o(RESET) refers to stm32f1xx_it.o(.text.PVD_IRQHandler) for PVD_IRQHandler
    startup_stm32f103xe.o(RESET) refers to stm32f1xx_it.o(.text.EXTI2_IRQHandler) for EXTI2_IRQHandler
    startup_stm32f103xe.o(RESET) refers to stm32f1xx_it.o(.text.EXTI3_IRQHandler) for EXTI3_IRQHandler
    startup_stm32f103xe.o(RESET) refers to stm32f1xx_it.o(.text.DMA1_Channel1_IRQHandler) for DMA1_Channel1_IRQHandler
    startup_stm32f103xe.o(RESET) refers to stm32f1xx_it.o(.text.DMA1_Channel2_IRQHandler) for DMA1_Channel2_IRQHandler
    startup_stm32f103xe.o(RESET) refers to stm32f1xx_it.o(.text.DMA1_Channel3_IRQHandler) for DMA1_Channel3_IRQHandler
    startup_stm32f103xe.o(RESET) refers to stm32f1xx_it.o(.text.DMA1_Channel4_IRQHandler) for DMA1_Channel4_IRQHandler
    startup_stm32f103xe.o(RESET) refers to stm32f1xx_it.o(.text.DMA1_Channel5_IRQHandler) for DMA1_Channel5_IRQHandler
    startup_stm32f103xe.o(RESET) refers to stm32f1xx_it.o(.text.DMA1_Channel6_IRQHandler) for DMA1_Channel6_IRQHandler
    startup_stm32f103xe.o(RESET) refers to stm32f1xx_it.o(.text.DMA1_Channel7_IRQHandler) for DMA1_Channel7_IRQHandler
    startup_stm32f103xe.o(RESET) refers to stm32f1xx_it.o(.text.ADC1_2_IRQHandler) for ADC1_2_IRQHandler
    startup_stm32f103xe.o(RESET) refers to stm32f1xx_it.o(.text.I2C1_EV_IRQHandler) for I2C1_EV_IRQHandler
    startup_stm32f103xe.o(RESET) refers to stm32f1xx_it.o(.text.I2C1_ER_IRQHandler) for I2C1_ER_IRQHandler
    startup_stm32f103xe.o(RESET) refers to stm32f1xx_it.o(.text.USART1_IRQHandler) for USART1_IRQHandler
    startup_stm32f103xe.o(RESET) refers to stm32f1xx_it.o(.text.USART2_IRQHandler) for USART2_IRQHandler
    startup_stm32f103xe.o(RESET) refers to stm32f1xx_it.o(.text.USART3_IRQHandler) for USART3_IRQHandler
    startup_stm32f103xe.o(RESET) refers to stm32f1xx_it.o(.text.UART4_IRQHandler) for UART4_IRQHandler
    startup_stm32f103xe.o(RESET) refers to stm32f1xx_it.o(.text.UART5_IRQHandler) for UART5_IRQHandler
    startup_stm32f103xe.o(RESET) refers to stm32f1xx_it.o(.text.DMA2_Channel3_IRQHandler) for DMA2_Channel3_IRQHandler
    startup_stm32f103xe.o(RESET) refers to stm32f1xx_it.o(.text.DMA2_Channel4_5_IRQHandler) for DMA2_Channel4_5_IRQHandler
    startup_stm32f103xe.o(.text) refers (Special) to heapauxi.o(.text) for __use_two_region_memory
    startup_stm32f103xe.o(.text) refers to system_stm32f1xx.o(.text.SystemInit) for SystemInit
    startup_stm32f103xe.o(.text) refers to __main.o(!!!main) for __main
    startup_stm32f103xe.o(.text) refers to startup_stm32f103xe.o(HEAP) for Heap_Mem
    startup_stm32f103xe.o(.text) refers to startup_stm32f103xe.o(STACK) for Stack_Mem
    backup.o(.text.Backup_register_write) refers to stm32f1xx_hal_rtc_ex.o(.text.HAL_RTCEx_BKUPWrite) for HAL_RTCEx_BKUPWrite
    backup.o(.ARM.exidx.text.Backup_register_write) refers to backup.o(.text.Backup_register_write) for [Anonymous Symbol]
    backup.o(.text.Backup_register_read) refers to stm32f1xx_hal_rtc_ex.o(.text.HAL_RTCEx_BKUPRead) for HAL_RTCEx_BKUPRead
    backup.o(.ARM.exidx.text.Backup_register_read) refers to backup.o(.text.Backup_register_read) for [Anonymous Symbol]
    backup.o(.text.Backup_all_data) refers to backup.o(.text.Prepare_e2p_buf) for Prepare_e2p_buf
    backup.o(.text.Backup_all_data) refers to backup.o(.bss.e2p_temp_buf) for e2p_temp_buf
    backup.o(.text.Backup_all_data) refers to backup.o(.text.Write_to_e2p) for Write_to_e2p
[...]
    HAL_TIM_Base_MspDeInit                   0x08005fcd   Thumb Code    44  stm32f1xx_hal_msp.o(.text.HAL_TIM_Base_MspDeInit)
    HAL_TIM_Base_MspInit                     0x08005ff9   Thumb Code    58  stm32f1xx_hal_msp.o(.text.HAL_TIM_Base_MspInit)
    HAL_TIM_ConfigClockSource                0x08006035   Thumb Code   388  stm32f1xx_hal_tim.o(.text.HAL_TIM_ConfigClockSource)
    HAL_TIM_OC_ConfigChannel                 0x080061b9   Thumb Code   164  stm32f1xx_hal_tim.o(.text.HAL_TIM_OC_ConfigChannel)
    HAL_TIM_OC_Init                          0x0800625d   Thumb Code   156  stm32f1xx_hal_tim.o(.text.HAL_TIM_OC_Init)
    HAL_TIM_OC_MspInit                       0x080062f9   Thumb Code     8  stm32f1xx_hal_tim.o(.text.HAL_TIM_OC_MspInit)
    HAL_TIM_OC_Start                         0x08006301   Thumb Code   426  stm32f1xx_hal_tim.o(.text.HAL_TIM_OC_Start)
    HAL_UARTEx_RxEventCallback               0x080064ad   Thumb Code    12  stm32f1xx_hal_uart.o(.text.HAL_UARTEx_RxEventCallback)
    HAL_UART_DeInit                          0x080064b9   Thumb Code   100  stm32f1xx_hal_uart.o(.text.HAL_UART_DeInit)
    HAL_UART_ErrorCallback                   0x0800651d   Thumb Code   112  main.o(.text.HAL_UART_ErrorCallback)
    HAL_UART_IRQHandler                      0x0800658d   Thumb Code  1066  stm32f1xx_hal_uart.o(.text.HAL_UART_IRQHandler)
    HAL_UART_Init                            0x080069b9   Thumb Code   158  stm32f1xx_hal_uart.o(.text.HAL_UART_Init)
    HAL_UART_MspDeInit                       0x08006a59   Thumb Code   370  stm32f1xx_hal_msp.o(.text.HAL_UART_MspDeInit)
    HAL_UART_MspInit                         0x08006bcd   Thumb Code  1370  stm32f1xx_hal_msp.o(.text.HAL_UART_MspInit)
    HAL_UART_Receive_DMA                     0x08007129   Thumb Code    86  stm32f1xx_hal_uart.o(.text.HAL_UART_Receive_DMA)
    HAL_UART_Receive_IT                      0x08007181   Thumb Code    86  stm32f1xx_hal_uart.o(.text.HAL_UART_Receive_IT)
    HAL_UART_RxCpltCallback                  0x080071d9   Thumb Code   556  main.o(.text.HAL_UART_RxCpltCallback)
    HAL_UART_RxHalfCpltCallback              0x08007405   Thumb Code     8  stm32f1xx_hal_uart.o(.text.HAL_UART_RxHalfCpltCallback)
    HAL_UART_Transmit                        0x0800740d   Thumb Code   286  stm32f1xx_hal_uart.o(.text.HAL_UART_Transmit)
    HAL_UART_Transmit_DMA                    0x0800752d   Thumb Code   226  stm32f1xx_hal_uart.o(.text.HAL_UART_Transmit_DMA)
    HAL_UART_TxCpltCallback                  0x08007611   Thumb Code   212  main.o(.text.HAL_UART_TxCpltCallback)
    HAL_UART_TxHalfCpltCallback              0x080076e5   Thumb Code     8  stm32f1xx_hal_uart.o(.text.HAL_UART_TxHalfCpltCallback)
    HardFault_Handler                        0x080076ed   Thumb Code     4  stm32f1xx_it.o(.text.HardFault_Handler)
    Hex2Dec2ASCII                            0x080076f1   Thumb Code   324  hex2ascii.o(.text.Hex2Dec2ASCII)
    I2C1_ER_IRQHandler                       0x08007835   Thumb Code    16  stm32f1xx_it.o(.text.I2C1_ER_IRQHandler)
    I2C1_EV_IRQHandler                       0x08007845   Thumb Code    16  stm32f1xx_it.o(.text.I2C1_EV_IRQHandler)
    Init_sequence                            0x080094e1   Thumb Code  1272  main.o(.text.Init_sequence)
    Is_all_data_popped_from_ring_buffer      0x080099d9   Thumb Code    44  ring_buffer.o(.text.Is_all_data_popped_from_ring_buffer)
    Jetson_rxd_handler                       0x08009a05   Thumb Code    50  main.o(.text.Jetson_rxd_handler)
    Leds_on_off                              0x08009a39   Thumb Code    94  main.o(.text.Leds_on_off)
    Link_ow_com_port_to_real                 0x08009a99   Thumb Code   224  onewire.o(.text.Link_ow_com_port_to_real)
    Make_temperature_statistics              0x0800a20d   Thumb Code   322  backup.o(.text.Make_temperature_statistics)
    Make_time_correction_and_day_inc         0x0800a351   Thumb Code   514  backup.o(.text.Make_time_correction_and_day_inc)
    Make_water_using_statistics              0x0800a555   Thumb Code   160  backup.o(.text.Make_water_using_statistics)
    MemManage_Handler                        0x0800a5f5   Thumb Code     4  stm32f1xx_it.o(.text.MemManage_Handler)
    NMI_Handler                              0x0800a5f9   Thumb Code     4  stm32f1xx_it.o(.text.NMI_Handler)
    Nextion_received_data_handler            0x0800a669   Thumb Code   124  main.o(.text.Nextion_received_data_handler)
    OW_Init                                  0x0800a6e5   Thumb Code    86  onewire.o(.text.OW_Init)
    OW_Reset                                 0x0800a779   Thumb Code   312  onewire.o(.text.OW_Reset)
    OW_Search                                0x0800a8b1   Thumb Code   650  onewire.o(.text.OW_Search)
    OW_Send                                  0x0800ab3d   Thumb Code   358  onewire.o(.text.OW_Send)
    PVD_IRQHandler                           0x0800ade9   Thumb Code     8  stm32f1xx_it.o(.text.PVD_IRQHandler)
    Parsing_nextion_display_string           0x0800adf1   Thumb Code  8436  main.o(.text.Parsing_nextion_display_string)
    PendSV_Handler                           0x0800cee5   Thumb Code     2  stm32f1xx_it.o(.text.PendSV_Handler)
    Polling_termosensors                     0x0800cee9   Thumb Code   132  ds18b20.o(.text.Polling_termosensors)
    Pop_string_from_ring_buffer              0x0800cf6d   Thumb Code   124  ring_buffer.o(.text.Pop_string_from_ring_buffer)
    Power_down_handler                       0x0800cfe9   Thumb Code    32  main.o(.text.Power_down_handler)
    Prepare_e2p_buf                          0x0800d009   Thumb Code   200  backup.o(.text.Prepare_e2p_buf)
    Prepare_params_and_send_to_nextion       0x0800d0d1   Thumb Code 22576  main.o(.text.Prepare_params_and_send_to_nextion)
    Push_new_data_to_weekly_stat             0x08012901   Thumb Code    64  backup.o(.text.Push_new_data_to_weekly_stat)
    Push_string_to_ring_buffer               0x08012941   Thumb Code   184  ring_buffer.o(.text.Push_string_to_ring_buffer)
    Reduce_mcu_power                         0x08012f9d   Thumb Code   324  main.o(.text.Reduce_mcu_power)
    Restore_all_data                         0x080130e1   Thumb Code   360  backup.o(.text.Restore_all_data)
    SVC_Handler                              0x08013249   Thumb Code     2  stm32f1xx_it.o(.text.SVC_Handler)
    Set_all_variables_to_default             0x0801324d   Thumb Code   404  backup.o(.text.Set_all_variables_to_default)
    Set_crc32_checksum                       0x080133e1   Thumb Code   296  backup.o(.text.Set_crc32_checksum)
    SpecWateringModePumpOnOff                0x08013509   Thumb Code   212  main.o(.text.SpecWateringModePumpOnOff)
    Switch_on_pump_by_time                   0x080135dd   Thumb Code   162  main.o(.text.Switch_on_pump_by_time)
    SysControlLogic                          0x08013681   Thumb Code   976  main.o(.text.SysControlLogic)
    SysTick_Handler                          0x08013aa5   Thumb Code    12  stm32f1xx_it.o(.text.SysTick_Handler)
    SystemClock_Config                       0x08013ab1   Thumb Code   164  main.o(.text.SystemClock_Config)
    SystemInit                               0x08013b55   Thumb Code     2  system_stm32f1xx.o(.text.SystemInit)
    TIM_Base_SetConfig                       0x08013b59   Thumb Code   320  stm32f1xx_hal_tim.o(.text.TIM_Base_SetConfig)
    TIM_CCxChannelCmd                        0x08013c99   Thumb Code    54  stm32f1xx_hal_tim.o(.text.TIM_CCxChannelCmd)
    TIM_ETR_SetConfig                        0x08013cd1   Thumb Code    52  stm32f1xx_hal_tim.o(.text.TIM_ETR_SetConfig)
    TIM_OC2_SetConfig                        0x08013e21   Thumb Code   248  stm32f1xx_hal_tim.o(.text.TIM_OC2_SetConfig)
    UART4_IRQHandler                         0x0801415d   Thumb Code    16  stm32f1xx_it.o(.text.UART4_IRQHandler)
    UART5_IRQHandler                         0x0801416d   Thumb Code    16  stm32f1xx_it.o(.text.UART5_IRQHandler)
    UART_Start_Receive_DMA                   0x080146f1   Thumb Code   268  stm32f1xx_hal_uart.o(.text.UART_Start_Receive_DMA)
    UART_Start_Receive_IT                    0x080147fd   Thumb Code    98  stm32f1xx_hal_uart.o(.text.UART_Start_Receive_IT)
    USART1_IRQHandler                        0x080149c9   Thumb Code    16  stm32f1xx_it.o(.text.USART1_IRQHandler)
    USART2_IRQHandler                        0x080149d9   Thumb Code    16  stm32f1xx_it.o(.text.USART2_IRQHandler)
    USART3_IRQHandler                        0x080149e9   Thumb Code    16  stm32f1xx_it.o(.text.USART3_IRQHandler)
    UsageFault_Handler                       0x080149f9   Thumb Code     4  stm32f1xx_it.o(.text.UsageFault_Handler)
    Voltage_calc_from_adc_value              0x080149fd   Thumb Code   318  main.o(.text.Voltage_calc_from_adc_value)
    Watering_on_off                          0x08014b3d   Thumb Code  2176  main.o(.text.Watering_on_off)
    Write_time_to_RTC                        0x080153bd   Thumb Code   166  backup.o(.text.Write_time_to_RTC)
    Write_to_e2p                             0x08015465   Thumb Code   250  backup.o(.text.Write_to_e2p)
    ds18b20_crc8                             0x080156c9   Thumb Code   142  ds18b20.o(.text.ds18b20_crc8)
    ds18b20_get_temp                         0x08015759   Thumb Code   116  ds18b20.o(.text.ds18b20_get_temp)
    ds18b20_init                             0x080157cd   Thumb Code   166  ds18b20.o(.text.ds18b20_init)
    ds18b20_start_convert                    0x08015875   Thumb Code    44  ds18b20.o(.text.ds18b20_start_convert)
    ds18b20_tconvert                         0x080158a1   Thumb Code   120  ds18b20.o(.text.ds18b20_tconvert)
    main                                     0x08015919   Thumb Code  1656  main.o(.text.main)
    roundf                                   0x08015f91   Thumb Code   114  roundf.o(i.roundf)
    __aeabi_d2f                              0x08016005   Thumb Code     0  d2f.o(x$fpl$d2f)
    _d2f                                     0x08016005   Thumb Code    98  d2f.o(x$fpl$d2f)
    __fpl_dcmp_Inf                           0x08016067   Thumb Code    24  dcmpi.o(x$fpl$dcmpinf)
    __aeabi_ddiv                             0x08016081   Thumb Code     0  ddiv.o(x$fpl$ddiv)
    _ddiv                                    0x08016081   Thumb Code   556  ddiv.o(x$fpl$ddiv)
    __aeabi_cdcmpeq                          0x08016335   Thumb Code     0  deqf.o(x$fpl$deqf)
    _dcmpeq                                  0x08016335   Thumb Code   120  deqf.o(x$fpl$deqf)
    __aeabi_d2iz                             0x080163ad   Thumb Code     0  dfix.o(x$fpl$dfix)
    _dfix                                    0x080163ad   Thumb Code    94  dfix.o(x$fpl$dfix)
    __aeabi_i2d                              0x0801640b   Thumb Code     0  dflt_clz.o(x$fpl$dflt)
    _dflt                                    0x0801640b   Thumb Code    46  dflt_clz.o(x$fpl$dflt)
    __aeabi_ui2d                             0x08016439   Thumb Code     0  dflt_clz.o(x$fpl$dfltu)
    _dfltu                                   0x08016439   Thumb Code    38  dflt_clz.o(x$fpl$dfltu)
    __aeabi_cdcmpge                          0x08016461   Thumb Code     0  dgeqf.o(x$fpl$dgeqf)
    _dcmpge                                  0x08016461   Thumb Code   120  dgeqf.o(x$fpl$dgeqf)
    __aeabi_cdcmple                          0x080164d9   Thumb Code     0  dleqf.o(x$fpl$dleqf)
    _dcmple                                  0x080164d9   Thumb Code   120  dleqf.o(x$fpl$dleqf)
    __fpl_dcmple_InfNaN                      0x0801653b   Thumb Code     0  dleqf.o(x$fpl$dleqf)
    __fpl_dnaninf                            0x08016551   Thumb Code   156  dnaninf.o(x$fpl$dnaninf)
    __fpl_dretinf                            0x080165ed   Thumb Code    12  dretinf.o(x$fpl$dretinf)
    __aeabi_f2d                              0x080165f9   Thumb Code     0  f2d.o(x$fpl$f2d)
    _f2d                                     0x080165f9   Thumb Code    86  f2d.o(x$fpl$f2d)
    __aeabi_fadd                             0x08016651   Thumb Code     0  faddsub_clz.o(x$fpl$fadd)
    _fadd                                    0x08016651   Thumb Code   196  faddsub_clz.o(x$fpl$fadd)
    __aeabi_dcmpeq                           0x08016715   Thumb Code     0  dcmp.o(x$fpl$fcmp)
    _deq                                     0x08016715   Thumb Code    14  dcmp.o(x$fpl$fcmp)
    _dneq                                    0x08016723   Thumb Code    14  dcmp.o(x$fpl$fcmp)
    __aeabi_dcmpgt                           0x08016731   Thumb Code     0  dcmp.o(x$fpl$fcmp)
    _dgr                                     0x08016731   Thumb Code    14  dcmp.o(x$fpl$fcmp)
    __aeabi_dcmpge                           0x0801673f   Thumb Code     0  dcmp.o(x$fpl$fcmp)
    _dgeq                                    0x0801673f   Thumb Code    14  dcmp.o(x$fpl$fcmp)
    __aeabi_dcmple                           0x0801674d   Thumb Code     0  dcmp.o(x$fpl$fcmp)
    _dleq                                    0x0801674d   Thumb Code    14  dcmp.o(x$fpl$fcmp)
    __aeabi_dcmplt                           0x0801675b   Thumb Code     0  dcmp.o(x$fpl$fcmp)
    _dls                                     0x0801675b   Thumb Code    14  dcmp.o(x$fpl$fcmp)
    __aeabi_fcmpeq                           0x08016769   Thumb Code     0  fcmp.o(x$fpl$fcmp)
    _feq                                     0x08016769   Thumb Code    14  fcmp.o(x$fpl$fcmp)
    _fneq                                    0x08016777   Thumb Code    14  fcmp.o(x$fpl$fcmp)
    __aeabi_fcmpgt                           0x08016785   Thumb Code     0  fcmp.o(x$fpl$fcmp)
    _fgr                                     0x08016785   Thumb Code    14  fcmp.o(x$fpl$fcmp)
    __aeabi_fcmpge                           0x08016793   Thumb Code     0  fcmp.o(x$fpl$fcmp)
    _fgeq                                    0x08016793   Thumb Code    14  fcmp.o(x$fpl$fcmp)
    __aeabi_fcmple                           0x080167a1   Thumb Code     0  fcmp.o(x$fpl$fcmp)
    _fleq                                    0x080167a1   Thumb Code    14  fcmp.o(x$fpl$fcmp)
    __aeabi_fcmplt                           0x080167af   Thumb Code     0  fcmp.o(x$fpl$fcmp)
    _fls                                     0x080167af   Thumb Code    14  fcmp.o(x$fpl$fcmp)
    __fpl_fcmp_Inf                           0x080167bd   Thumb Code    24  fcmpi.o(x$fpl$fcmpinf)
    __aeabi_fdiv                             0x080167d5   Thumb Code     0  fdiv.o(x$fpl$fdiv)
    _fdiv                                    0x080167d5   Thumb Code   384  fdiv.o(x$fpl$fdiv)
    __aeabi_cfcmpeq                          0x08016959   Thumb Code     0  feqf.o(x$fpl$feqf)
    _fcmpeq                                  0x08016959   Thumb Code   104  feqf.o(x$fpl$feqf)
    __aeabi_f2iz                             0x080169c1   Thumb Code     0  ffix.o(x$fpl$ffix)
    _ffix                                    0x080169c1   Thumb Code    54  ffix.o(x$fpl$ffix)
    __aeabi_i2f                              0x080169f9   Thumb Code     0  fflt_clz.o(x$fpl$fflt)
    _fflt                                    0x080169f9   Thumb Code    48  fflt_clz.o(x$fpl$fflt)
    __aeabi_ui2f                             0x08016a29   Thumb Code     0  fflt_clz.o(x$fpl$ffltu)
    _ffltu                                   0x08016a29   Thumb Code    38  fflt_clz.o(x$fpl$ffltu)
    _fcmpge                                  0x08016a51   Thumb Code   104  fgeqf.o(x$fpl$fgeqf)
    __aeabi_cfcmple                          0x08016ab9   Thumb Code     0  fleqf.o(x$fpl$fleqf)
    _fcmple                                  0x08016ab9   Thumb Code   104  fleqf.o(x$fpl$fleqf)
    __fpl_fcmple_InfNaN                      0x08016b0b   Thumb Code     0  fleqf.o(x$fpl$fleqf)
    __aeabi_fmul                             0x08016b21   Thumb Code     0  fmul.o(x$fpl$fmul)
    _fmul                                    0x08016b21   Thumb Code   258  fmul.o(x$fpl$fmul)
    __fpl_fnaninf                            0x08016c23   Thumb Code   140  fnaninf.o(x$fpl$fnaninf)
    __fpl_fretinf                            0x08016caf   Thumb Code    10  fretinf.o(x$fpl$fretinf)
    _frnd                                    0x08016cb9   Thumb Code    96  frnd.o(x$fpl$frnd)
    __aeabi_fsub                             0x08016d19   Thumb Code     0  faddsub_clz.o(x$fpl$fsub)
    _fsub                                    0x08016d19   Thumb Code   234  faddsub_clz.o(x$fpl$fsub)
    AHBPrescTable                            0x08016e02   Data          16  system_stm32f1xx.o(.rodata.AHBPrescTable)
    __I$use$fp                               0x08016e02   Number         0  usenofp.o(x$fpl$usenofp)
    APBPrescTable                            0x08016e12   Data           8  system_stm32f1xx.o(.rodata.APBPrescTable)
    Region$$Table$$Base                      0x08016e40   Number         0  anon$$obj.o(Region$$Table)
    Region$$Table$$Limit                     0x08016e60   Number         0  anon$$obj.o(Region$$Table)
    SystemCoreClock                          0x20000000   Data           4  system_stm32f1xx.o(.data.SystemCoreClock)
    uwTickFreq                               0x20000004   Data           1  stm32f1xx_hal.o(.data.uwTickFreq)
    uwTickPrio                               0x20000008   Data           4  stm32f1xx_hal.o(.data.uwTickPrio)
    __libspace_start                         0x20000010   Data          96  libspace.o(.bss)
    __temporary_stack_top$libspace           0x20000070   Data           0  libspace.o(.bss)
    adc1                                     0x2000010c   Data          20  main.o(.bss.adc1)
    calib                                    0x20000120   Data          36  main.o(.bss.calib)
    com1                                     0x20000144   Data          44  main.o(.bss.com1)
    com1_ring_buf                            0x20000170   Data        1052  main.o(.bss.com1_ring_buf)
    com2                                     0x2000058c   Data          44  main.o(.bss.com2)
    com2_ring_buf                            0x200005b8   Data        1052  main.o(.bss.com2_ring_buf)
    com3                                     0x200009d4   Data          44  main.o(.bss.com3)
    com4                                     0x20000a00   Data          44  main.o(.bss.com4)
    com5                                     0x20000a2c   Data          44  main.o(.bss.com5)
    control_link_is_lost                     0x20000a58   Data           1  main.o(.bss.control_link_is_lost)
    display_brightness                       0x20000a5a   Data           2  main.o(.bss.display_brightness)
    display_brightness_timer                 0x20000a5c   Data           2  main.o(.bss.display_brightness_timer)
    ds18b20                                  0x20000a68   Data          12  main.o(.bss.ds18b20)
    e2p                                      0x20000a74   Data          20  main.o(.bss.e2p)
    e2p_temp_buf                             0x20000a88   Data        1024  backup.o(.bss.e2p_temp_buf)
    external                                 0x20000e88   Data         400  main.o(.bss.external)
    func_err_counter                         0x20001018   Data           4  main.o(.bss.func_err_counter)
    hadc1                                    0x2000101c   Data          48  main.o(.bss.hadc1)
    hadc2                                    0x2000104c   Data          48  main.o(.bss.hadc2)
    hcrc                                     0x2000107c   Data           8  main.o(.bss.hcrc)
    hdma_adc1                                0x20001084   Data          68  main.o(.bss.hdma_adc1)
    hdma_uart4_rx                            0x200010c8   Data          68  main.o(.bss.hdma_uart4_rx)
    hdma_uart4_tx                            0x2000110c   Data          68  main.o(.bss.hdma_uart4_tx)
    hdma_usart1_rx                           0x20001150   Data          68  main.o(.bss.hdma_usart1_rx)
    hdma_usart1_tx                           0x20001194   Data          68  main.o(.bss.hdma_usart1_tx)
    hdma_usart2_rx                           0x200011d8   Data          68  main.o(.bss.hdma_usart2_rx)
    hdma_usart2_tx                           0x2000121c   Data          68  main.o(.bss.hdma_usart2_tx)
    hdma_usart3_rx                           0x20001260   Data          68  main.o(.bss.hdma_usart3_rx)
    hdma_usart3_tx                           0x200012a4   Data          68  main.o(.bss.hdma_usart3_tx)
    hi2c1                                    0x200012e8   Data          84  main.o(.bss.hi2c1)
    hrtc                                     0x2000133c   Data          20  main.o(.bss.hrtc)
    htim4                                    0x20001350   Data          72  main.o(.bss.htim4)
    huart1                                   0x20001398   Data          72  main.o(.bss.huart1)
    huart2                                   0x200013e0   Data          72  main.o(.bss.huart2)
    huart3                                   0x20001428   Data          72  main.o(.bss.huart3)
    huart4                                   0x20001470   Data          72  main.o(.bss.huart4)
    huart5                                   0x200014b8   Data          72  main.o(.bss.huart5)
    jetson                                   0x20001500   Data         400  main.o(.bss.jetson)
    last_pump_cycle                          0x20001690   Data          52  main.o(.bss.last_pump_cycle)
    nextion                                  0x200016c4   Data          84  main.o(.bss.nextion)
    periph_scan_enabled                      0x20001721   Data           1  main.o(.bss.periph_scan_enabled)
    power_down_detected                      0x20001722   Data           1  main.o(.bss.power_down_detected)
    power_up_detected                        0x20001723   Data           1  main.o(.bss.power_up_detected)
    pumpComms                                0x20001724   Data           4  main.o(.bss.pumpComms)
    pumpState                                0x20001728   Data           1  main.o(.bss.pumpState)
    stats                                    0x2000172c   Data          64  main.o(.bss.stats)
    sysState                                 0x2000176c   Data          36  main.o(.bss.sysState)
    temp_sensors_err_counter                 0x20001790   Data           4  main.o(.bss.temp_sensors_err_counter)
    time_led_is_on                           0x20001794   Data           1  main.o(.bss.time_led_is_on)
    uvLampState                              0x20001795   Data           1  main.o(.bss.uvLampState)
    uwTick                                   0x20001798   Data           4  stm32f1xx_hal.o(.bss.uwTick)
    water_ctrl                               0x2000179c   Data          40  main.o(.bss.water_ctrl)



==============================================================================

Memory Map of the image

  Image Entry point : 0x08000131

  Load Region LR_IROM1 (Base: 0x08000000, Size: 0x00016e70, Max: 0x00040000, ABSOLUTE)

    Execution Region ER_IROM1 (Exec base: 0x08000000, Load base: 0x08000000, Size: 0x00016e60, Max: 0x00040000, ABSOLUTE)

    Exec Addr    Load Addr    Size         Type   Attr      Idx    E Section Name        Object

    0x08000000   0x08000000   0x00000130   Data   RO            3    RESET               startup_stm32f103xe.o
    0x08000130   0x08000130   0x00000008   Code   RO         1735  * !!!main             c_w.l(__main.o)
    0x08000138   0x08000138   0x0000005c   Code   RO         1973    !!!scatter          c_w.l(__scatter.o)
    0x08000194   0x08000194   0x0000001a   Code   RO         1977    !!handler_copy      c_w.l(__scatter_copy.o)
    0x080001ae   0x080001ae   0x00000002   PAD
    0x080001b0   0x080001b0   0x00000002   Code   RO         1974    !!handler_null      c_w.l(__scatter.o)
    0x080001b2   0x080001b2   0x00000002   PAD
    0x080001b4   0x080001b4   0x0000001c   Code   RO         1979    !!handler_zi        c_w.l(__scatter_zi.o)
    0x080001d0   0x080001d0   0x00000002   Code   RO         1835    .ARM.Collect$$libinit$$00000000  c_w.l(libinit.o)
    0x080001d2   0x080001d2   0x00000000   Code   RO         1842    .ARM.Collect$$libinit$$00000002  c_w.l(libinit2.o)
    0x080001d2   0x080001d2   0x00000000   Code   RO         1844    .ARM.Collect$$libinit$$00000004  c_w.l(libinit2.o)
    0x080001d2   0x080001d2   0x00000000   Code   RO         1846    .ARM.Collect$$libinit$$00000006  c_w.l(libinit2.o)
    0x080001d2   0x080001d2   0x00000000   Code   RO         1849    .ARM.Collect$$libinit$$0000000C  c_w.l(libinit2.o)
    0x080001d2   0x080001d2   0x00000000   Code   RO         1851    .ARM.Collect$$libinit$$0000000E  c_w.l(libinit2.o)
    0x080001d2   0x080001d2   0x00000000   Code   RO         1853    .ARM.Collect$$libinit$$00000010  c_w.l(libinit2.o)
    0x080001d2   0x080001d2   0x00000000   Code   RO         1856    .ARM.Collect$$libinit$$00000013  c_w.l(libinit2.o)
    0x080001d2   0x080001d2   0x00000000   Code   RO         1858    .ARM.Collect$$libinit$$00000015  c_w.l(libinit2.o)
    0x080001d2   0x080001d2   0x00000000   Code   RO         1860    .ARM.Collect$$libinit$$00000017  c_w.l(libinit2.o)
    0x080001d2   0x080001d2   0x00000000   Code   RO         1862    .ARM.Collect$$libinit$$00000019  c_w.l(libinit2.o)
    0x080001d2   0x080001d2   0x00000000   Code   RO         1864    .ARM.Collect$$libinit$$0000001B  c_w.l(libinit2.o)
    0x080001d2   0x080001d2   0x00000000   Code   RO         1866    .ARM.Collect$$libinit$$0000001D  c_w.l(libinit2.o)
    0x080001d2   0x080001d2   0x00000000   Code   RO         1868    .ARM.Collect$$libinit$$0000001F  c_w.l(libinit2.o)
    0x080001d2   0x080001d2   0x00000000   Code   RO         1870    .ARM.Collect$$libinit$$00000021  c_w.l(libinit2.o)
    0x080001d2   0x080001d2   0x00000000   Code   RO         1872    .ARM.Collect$$libinit$$00000023  c_w.l(libinit2.o)
    0x080001d2   0x080001d2   0x00000000   Code   RO         1874    .ARM.Collect$$libinit$$00000025  c_w.l(libinit2.o)
    0x080001d2   0x080001d2   0x00000000   Code   RO         1876    .ARM.Collect$$libinit$$00000027  c_w.l(libinit2.o)
    0x080001d2   0x080001d2   0x00000000   Code   RO         1880    .ARM.Collect$$libinit$$0000002E  c_w.l(libinit2.o)
    0x080001d2   0x080001d2   0x00000000   Code   RO         1882    .ARM.Collect$$libinit$$00000030  c_w.l(libinit2.o)
    0x080001d2   0x080001d2   0x00000000   Code   RO         1884    .ARM.Collect$$libinit$$00000032  c_w.l(libinit2.o)
    0x080001d2   0x080001d2   0x00000000   Code   RO         1886    .ARM.Collect$$libinit$$00000034  c_w.l(libinit2.o)
    0x080001d2   0x080001d2   0x00000002   Code   RO         1887    .ARM.Collect$$libinit$$00000035  c_w.l(libinit2.o)
    0x080001d4   0x080001d4   0x00000002   Code   RO         1909    .ARM.Collect$$libshutdown$$00000000  c_w.l(libshutdown.o)
    0x080001d6   0x080001d6   0x00000000   Code   RO         1924    .ARM.Collect$$libshutdown$$00000002  c_w.l(libshutdown2.o)
    0x080001d6   0x080001d6   0x00000000   Code   RO         1926    .ARM.Collect$$libshutdown$$00000004  c_w.l(libshutdown2.o)
    0x080001d6   0x080001d6   0x00000000   Code   RO         1929    .ARM.Collect$$libshutdown$$00000007  c_w.l(libshutdown2.o)
    0x080001d6   0x080001d6   0x00000000   Code   RO         1932    .ARM.Collect$$libshutdown$$0000000A  c_w.l(libshutdown2.o)
    0x080001d6   0x080001d6   0x00000000   Code   RO         1934    .ARM.Collect$$libshutdown$$0000000C  c_w.l(libshutdown2.o)
    0x080001d6   0x080001d6   0x00000000   Code   RO         1937    .ARM.Collect$$libshutdown$$0000000F  c_w.l(libshutdown2.o)
    0x080001d6   0x080001d6   0x00000002   Code   RO         1938    .ARM.Collect$$libshutdown$$00000010  c_w.l(libshutdown2.o)
    0x080001d8   0x080001d8   0x00000000   Code   RO         1783    .ARM.Collect$$rtentry$$00000000  c_w.l(__rtentry.o)
    0x080001d8   0x080001d8   0x00000000   Code   RO         1808    .ARM.Collect$$rtentry$$00000002  c_w.l(__rtentry2.o)
    0x080001d8   0x080001d8   0x00000006   Code   RO         1820    .ARM.Collect$$rtentry$$00000004  c_w.l(__rtentry4.o)
    0x080001de   0x080001de   0x00000000   Code   RO         1810    .ARM.Collect$$rtentry$$00000009  c_w.l(__rtentry2.o)
    0x080001de   0x080001de   0x00000004   Code   RO         1811    .ARM.Collect$$rtentry$$0000000A  c_w.l(__rtentry2.o)
    0x080001e2   0x080001e2   0x00000000   Code   RO         1813    .ARM.Collect$$rtentry$$0000000C  c_w.l(__rtentry2.o)
    0x080001e2   0x080001e2   0x00000008   Code   RO         1814    .ARM.Collect$$rtentry$$0000000D  c_w.l(__rtentry2.o)
    0x080001ea   0x080001ea   0x00000002   Code   RO         1839    .ARM.Collect$$rtexit$$00000000  c_w.l(rtexit.o)
    0x080001ec   0x080001ec   0x00000000   Code   RO         1889    .ARM.Collect$$rtexit$$00000002  c_w.l(rtexit2.o)
    0x080001ec   0x080001ec   0x00000004   Code   RO         1890    .ARM.Collect$$rtexit$$00000003  c_w.l(rtexit2.o)
    0x080001f0   0x080001f0   0x00000006   Code   RO         1891    .ARM.Collect$$rtexit$$00000004  c_w.l(rtexit2.o)
    0x080001f6   0x080001f6   0x00000002   PAD
    0x080001f8   0x080001f8   0x00000040   Code   RO            4    .text               startup_stm32f103xe.o
    0x08000238   0x08000238   0x0000004e   Code   RO         1731    .text               c_w.l(rt_memclr_w.o)
    0x08000286   0x08000286   0x00000006   Code   RO         1733    .text               c_w.l(heapauxi.o)
    0x0800028c   0x0800028c   0x0000004a   Code   RO         1826    .text               c_w.l(sys_stackheap_outer.o)
    0x080002d6   0x080002d6   0x00000012   Code   RO         1828    .text               c_w.l(exit.o)
    0x080002e8   0x080002e8   0x00000008   Code   RO         1836    .text               c_w.l(libspace.o)
    0x080002f0   0x080002f0   0x0000000c   Code   RO         1899    .text               c_w.l(sys_exit.o)
    0x080002fc   0x080002fc   0x00000002   Code   RO         1914    .text               c_w.l(use_no_semi.o)
    0x080002fe   0x080002fe   0x00000000   Code   RO         1916    .text               c_w.l(indicate_semi.o)
    0x080002fe   0x080002fe   0x00000002   PAD
    0x08000300   0x08000300   0x0000001c   Code   RO          403    .text.ADC1_2_IRQHandler  stm32f1xx_it.o
    0x0800031c   0x0800031c   0x00000082   Code   RO          480    .text.ADC_ConversionStop_Disable  stm32f1xx_hal_adc.o
    0x0800039e   0x0800039e   0x00000002   PAD
    0x080003a0   0x080003a0   0x00000078   Code   RO          502    .text.ADC_DMAConvCplt  stm32f1xx_hal_adc.o
    0x08000418   0x08000418   0x0000002a   Code   RO          506    .text.ADC_DMAError  stm32f1xx_hal_adc.o
    0x08000442   0x08000442   0x00000002   PAD
    0x08000444   0x08000444   0x00000016   Code   RO          504    .text.ADC_DMAHalfConvCplt  stm32f1xx_hal_adc.o
    0x0800045a   0x0800045a   0x00000002   PAD
    0x0800045c   0x0800045c   0x000000bc   Code   RO          488    .text.ADC_Enable    stm32f1xx_hal_adc.o
    0x08000518   0x08000518   0x00000086   Code   RO          243    .text.Add_termination_to_nextion_command_and_push_to_ring_buf  main.o
    0x0800059e   0x0800059e   0x00000002   PAD
    0x080005a0   0x080005a0   0x00000038   Code   RO           15    .text.Backup_all_data  backup.o
    0x080005d8   0x080005d8   0x00000058   Code   RO          106    .text.Buffer_bytes_swap  hex2ascii.o
    0x08000630   0x08000630   0x00000004   Code   RO          371    .text.BusFault_Handler  stm32f1xx_it.o
    0x08000634   0x08000634   0x0000017e   Code   RO           25    .text.Check_crc32   backup.o
    0x080007b2   0x080007b2   0x00000002   PAD
    0x080007b4   0x080007b4   0x00000082   Code   RO          245    .text.Check_received_nextion_packet  main.o
    0x08000836   0x08000836   0x00000002   PAD
    0x08000838   0x08000838   0x0000009e   Code   RO          209    .text.Com_rxd_handler  main.o
    0x080008d6   0x080008d6   0x00000002   PAD
    0x080008d8   0x080008d8   0x00000066   Code   RO          229    .text.Com_start_receiving_data  main.o
    0x0800093e   0x0800093e   0x00000002   PAD
    0x08000940   0x08000940   0x0000004c   Code   RO          267    .text.Copy_buf_random_address  main.o
    0x0800098c   0x0800098c   0x00000010   Code   RO          389    .text.DMA1_Channel1_IRQHandler  stm32f1xx_it.o
    0x0800099c   0x0800099c   0x00000010   Code   RO          391    .text.DMA1_Channel2_IRQHandler  stm32f1xx_it.o
    0x080009ac   0x080009ac   0x00000010   Code   RO          393    .text.DMA1_Channel3_IRQHandler  stm32f1xx_it.o
    0x080009bc   0x080009bc   0x00000010   Code   RO          395    .text.DMA1_Channel4_IRQHandler  stm32f1xx_it.o
    0x080009cc   0x080009cc   0x00000010   Code   RO          397    .text.DMA1_Channel5_IRQHandler  stm32f1xx_it.o
    0x080009dc   0x080009dc   0x00000010   Code   RO          399    .text.DMA1_Channel6_IRQHandler  stm32f1xx_it.o
    0x080009ec   0x080009ec   0x00000010   Code   RO          401    .text.DMA1_Channel7_IRQHandler  stm32f1xx_it.o
    0x080009fc   0x080009fc   0x00000010   Code   RO          419    .text.DMA2_Channel3_IRQHandler  stm32f1xx_it.o
    0x08000a0c   0x08000a0c   0x00000010   Code   RO          421    .text.DMA2_Channel4_5_IRQHandler  stm32f1xx_it.o
    0x08000a1c   0x08000a1c   0x00000050   Code   RO          713    .text.DMA_SetConfig  stm32f1xx_hal_dma.o
    0x08000a6c   0x08000a6c   0x00000002   Code   RO          377    .text.DebugMon_Handler  stm32f1xx_it.o
    0x08000a6e   0x08000a6e   0x00000002   PAD
    0x08000a70   0x08000a70   0x0000005c   Code   RO          259    .text.DisplayBrightnessControl  main.o
    0x08000acc   0x08000acc   0x0000000a   Code   RO          385    .text.EXTI2_IRQHandler  stm32f1xx_it.o
    0x08000ad6   0x08000ad6   0x00000002   PAD
    0x08000ad8   0x08000ad8   0x0000000a   Code   RO          387    .text.EXTI3_IRQHandler  stm32f1xx_it.o
    0x08000ae2   0x08000ae2   0x00000002   PAD
    0x08000ae4   0x08000ae4   0x00000066   Code   RO          203    .text.Error_Handler  main.o
    0x08000b4a   0x08000b4a   0x00000002   PAD
    0x08000b4c   0x08000b4c   0x0000008c   Code   RO          251    .text.External_if_rxd_handler  main.o
    0x08000bd8   0x08000bd8   0x0000009a   Code   RO          207    .text.Get_average_pressure_value  main.o
    0x08000c72   0x08000c72   0x00000002   PAD
    0x08000c74   0x08000c74   0x000000ae   Code   RO          152    .text.Get_free_space_in_ring_data_buffer  ring_buffer.o
    0x08000d22   0x08000d22   0x00000002   PAD
    0x08000d24   0x08000d24   0x00000026   Code   RO          247    .text.Get_jetson_command  main.o
    0x08000d4a   0x08000d4a   0x00000002   PAD
    0x08000d4c   0x08000d4c   0x0000004e   Code   RO           27    .text.Get_time_in_sec  backup.o
    0x08000d9a   0x08000d9a   0x00000002   PAD
    0x08000d9c   0x08000d9c   0x0000018a   Code   RO          537    .text.HAL_ADCEx_Calibration_Start  stm32f1xx_hal_adc_ex.o
    0x08000f26   0x08000f26   0x00000002   PAD
    0x08000f28   0x08000f28   0x00000008   Code   RO          557    .text.HAL_ADCEx_InjectedConvCpltCallback  stm32f1xx_hal_adc_ex.o
    0x08000f30   0x08000f30   0x000000d6   Code   RO          524    .text.HAL_ADC_AnalogWDGConfig  stm32f1xx_hal_adc.o
    0x08001006   0x08001006   0x00000002   PAD
    0x08001008   0x08001008   0x000001b4   Code   RO          522    .text.HAL_ADC_ConfigChannel  stm32f1xx_hal_adc.o
    0x080011bc   0x080011bc   0x0000003e   Code   RO          237    .text.HAL_ADC_ConvCpltCallback  main.o
    0x080011fa   0x080011fa   0x00000002   PAD
    0x080011fc   0x080011fc   0x00000008   Code   RO          518    .text.HAL_ADC_ConvHalfCpltCallback  stm32f1xx_hal_adc.o
    0x08001204   0x08001204   0x0000013e   Code   RO          482    .text.HAL_ADC_DeInit  stm32f1xx_hal_adc.o
    0x08001342   0x08001342   0x00000002   PAD
    0x08001344   0x08001344   0x00000008   Code   RO          520    .text.HAL_ADC_ErrorCallback  stm32f1xx_hal_adc.o
    0x0800134c   0x0800134c   0x0000000e   Code   RO          510    .text.HAL_ADC_GetValue  stm32f1xx_hal_adc.o
    0x0800135a   0x0800135a   0x00000002   PAD
    0x0800135c   0x0800135c   0x0000018a   Code   RO          512    .text.HAL_ADC_IRQHandler  stm32f1xx_hal_adc.o
    0x080014e6   0x080014e6   0x00000002   PAD
    0x080014e8   0x080014e8   0x00000252   Code   RO          476    .text.HAL_ADC_Init  stm32f1xx_hal_adc.o
    0x0800173a   0x0800173a   0x00000002   PAD
    0x0800173c   0x0800173c   0x0000008c   Code   RO          263    .text.HAL_ADC_LevelOutOfWindowCallback  main.o
    0x080017c8   0x080017c8   0x00000078   Code   RO          434    .text.HAL_ADC_MspDeInit  stm32f1xx_hal_msp.o
    0x08001840   0x08001840   0x0000015a   Code   RO          432    .text.HAL_ADC_MspInit  stm32f1xx_hal_msp.o
    0x0800199a   0x0800199a   0x00000002   PAD
    0x0800199c   0x0800199c   0x000001b6   Code   RO          486    .text.HAL_ADC_Start  stm32f1xx_hal_adc.o
    0x08001b52   0x08001b52   0x00000002   PAD
    0x08001b54   0x08001b54   0x00000226   Code   RO          500    .text.HAL_ADC_Start_DMA  stm32f1xx_hal_adc.o
    0x08001d7a   0x08001d7a   0x00000002   PAD
    0x08001d7c   0x08001d7c   0x00000040   Code   RO          948    .text.HAL_CRC_Init  stm32f1xx_hal_crc.o
    0x08001dbc   0x08001dbc   0x0000003a   Code   RO          436    .text.HAL_CRC_MspInit  stm32f1xx_hal_msp.o
    0x08001df6   0x08001df6   0x00000002   PAD
    0x08001df8   0x08001df8   0x0000007c   Code   RO          717    .text.HAL_DMA_Abort  stm32f1xx_hal_dma.o
    0x08001e74   0x08001e74   0x00000318   Code   RO          719    .text.HAL_DMA_Abort_IT  stm32f1xx_hal_dma.o
    0x0800218c   0x0800218c   0x000000f0   Code   RO          709    .text.HAL_DMA_DeInit  stm32f1xx_hal_dma.o
    0x0800227c   0x0800227c   0x0000000e   Code   RO          729    .text.HAL_DMA_GetState  stm32f1xx_hal_dma.o
    0x0800228a   0x0800228a   0x00000002   PAD
    0x0800228c   0x0800228c   0x00000684   Code   RO          723    .text.HAL_DMA_IRQHandler  stm32f1xx_hal_dma.o
    0x08002910   0x08002910   0x000000f4   Code   RO          707    .text.HAL_DMA_Init  stm32f1xx_hal_dma.o
    0x08002a04   0x08002a04   0x000000ca   Code   RO          715    .text.HAL_DMA_Start_IT  stm32f1xx_hal_dma.o
    0x08002ace   0x08002ace   0x00000002   PAD
    0x08002ad0   0x08002ad0   0x00000036   Code   RO          219    .text.HAL_Delay     main.o
    0x08002b06   0x08002b06   0x00000002   PAD
    0x08002b08   0x08002b08   0x000001d6   Code   RO          686    .text.HAL_GPIO_DeInit  stm32f1xx_hal_gpio.o
    0x08002cde   0x08002cde   0x00000002   PAD
    0x08002ce0   0x08002ce0   0x00000186   Code   RO          231    .text.HAL_GPIO_EXTI_Callback  main.o
    0x08002e66   0x08002e66   0x00000002   PAD
    0x08002e68   0x08002e68   0x00000038   Code   RO          696    .text.HAL_GPIO_EXTI_IRQHandler  stm32f1xx_hal_gpio.o
    0x08002ea0   0x08002ea0   0x00000356   Code   RO          684    .text.HAL_GPIO_Init  stm32f1xx_hal_gpio.o
    0x080031f6   0x080031f6   0x00000002   PAD
    0x080031f8   0x080031f8   0x0000002e   Code   RO          688    .text.HAL_GPIO_ReadPin  stm32f1xx_hal_gpio.o
    0x08003226   0x08003226   0x00000002   PAD
    0x08003228   0x08003228   0x0000002e   Code   RO          690    .text.HAL_GPIO_WritePin  stm32f1xx_hal_gpio.o
    0x08003256   0x08003256   0x00000002   PAD
    0x08003258   0x08003258   0x0000000c   Code   RO          582    .text.HAL_GetTick   stm32f1xx_hal.o
    0x08003264   0x08003264   0x0000009e   Code   RO         1591    .text.HAL_HalfDuplex_Init  stm32f1xx_hal_uart.o
    0x08003302   0x08003302   0x00000002   PAD
    0x08003304   0x08003304   0x00000008   Code   RO         1117    .text.HAL_I2C_AbortCpltCallback  stm32f1xx_hal_i2c.o
    0x0800330c   0x0800330c   0x00000010   Code   RO         1107    .text.HAL_I2C_AddrCallback  stm32f1xx_hal_i2c.o
    0x0800331c   0x0800331c   0x00000186   Code   RO         1095    .text.HAL_I2C_ER_IRQHandler  stm32f1xx_hal_i2c.o
    0x080034a2   0x080034a2   0x00000002   PAD
    0x080034a4   0x080034a4   0x000003ca   Code   RO         1063    .text.HAL_I2C_EV_IRQHandler  stm32f1xx_hal_i2c.o
    0x0800386e   0x0800386e   0x00000002   PAD
    0x08003870   0x08003870   0x00000008   Code   RO         1115    .text.HAL_I2C_ErrorCallback  stm32f1xx_hal_i2c.o
    0x08003878   0x08003878   0x000002a4   Code   RO          969    .text.HAL_I2C_Init  stm32f1xx_hal_i2c.o
    0x08003b1c   0x08003b1c   0x0000028a   Code   RO         1035    .text.HAL_I2C_IsDeviceReady  stm32f1xx_hal_i2c.o
    0x08003da6   0x08003da6   0x00000002   PAD
    0x08003da8   0x08003da8   0x00000008   Code   RO         1109    .text.HAL_I2C_ListenCpltCallback  stm32f1xx_hal_i2c.o
    0x08003db0   0x08003db0   0x00000008   Code   RO         1101    .text.HAL_I2C_MasterRxCpltCallback  stm32f1xx_hal_i2c.o
    0x08003db8   0x08003db8   0x00000008   Code   RO         1099    .text.HAL_I2C_MasterTxCpltCallback  stm32f1xx_hal_i2c.o
    0x08003dc0   0x08003dc0   0x00000008   Code   RO         1113    .text.HAL_I2C_MemRxCpltCallback  stm32f1xx_hal_i2c.o
    0x08003dc8   0x08003dc8   0x00000008   Code   RO         1111    .text.HAL_I2C_MemTxCpltCallback  stm32f1xx_hal_i2c.o
    0x08003dd0   0x08003dd0   0x000004c6   Code   RO         1023    .text.HAL_I2C_Mem_Read  stm32f1xx_hal_i2c.o
    0x08004296   0x08004296   0x00000002   PAD
    0x08004298   0x08004298   0x00000210   Code   RO         1019    .text.HAL_I2C_Mem_Write  stm32f1xx_hal_i2c.o
    0x080044a8   0x080044a8   0x000000a4   Code   RO          440    .text.HAL_I2C_MspInit  stm32f1xx_hal_msp.o
    0x0800454c   0x0800454c   0x00000008   Code   RO         1105    .text.HAL_I2C_SlaveRxCpltCallback  stm32f1xx_hal_i2c.o
    0x08004554   0x08004554   0x00000008   Code   RO         1103    .text.HAL_I2C_SlaveTxCpltCallback  stm32f1xx_hal_i2c.o
    0x0800455c   0x0800455c   0x0000001a   Code   RO          580    .text.HAL_IncTick   stm32f1xx_hal.o
    0x08004576   0x08004576   0x00000002   PAD
    0x08004578   0x08004578   0x00000026   Code   RO          570    .text.HAL_Init      stm32f1xx_hal.o
    0x0800459e   0x0800459e   0x00000002   PAD
    0x080045a0   0x080045a0   0x00000070   Code   RO          572    .text.HAL_InitTick  stm32f1xx_hal.o
    0x08004610   0x08004610   0x00000078   Code   RO          430    .text.HAL_MspInit   stm32f1xx_hal_msp.o
    0x08004688   0x08004688   0x00000014   Code   RO          756    .text.HAL_NVIC_DisableIRQ  stm32f1xx_hal_cortex.o
    0x0800469c   0x0800469c   0x00000014   Code   RO          752    .text.HAL_NVIC_EnableIRQ  stm32f1xx_hal_cortex.o
    0x080046b0   0x080046b0   0x00000032   Code   RO          744    .text.HAL_NVIC_SetPriority  stm32f1xx_hal_cortex.o
    0x080046e2   0x080046e2   0x00000002   PAD
    0x080046e4   0x080046e4   0x00000010   Code   RO          740    .text.HAL_NVIC_SetPriorityGrouping  stm32f1xx_hal_cortex.o
    0x080046f4   0x080046f4   0x00000004   Code   RO          760    .text.HAL_NVIC_SystemReset  stm32f1xx_hal_cortex.o
    0x080046f8   0x080046f8   0x0000000c   Code   RO          807    .text.HAL_PWR_EnableBkUpAccess  stm32f1xx_hal_pwr.o
    0x08004704   0x08004704   0x0000000e   Code   RO          261    .text.HAL_PWR_PVDCallback  main.o
    0x08004712   0x08004712   0x00000002   PAD
    0x08004714   0x08004714   0x0000002a   Code   RO          837    .text.HAL_PWR_PVD_IRQHandler  stm32f1xx_hal_pwr.o
    0x0800473e   0x0800473e   0x00000002   PAD
    0x08004740   0x08004740   0x000001b0   Code   RO          673    .text.HAL_RCCEx_GetPeriphCLKFreq  stm32f1xx_hal_rcc_ex.o
    0x080048f0   0x080048f0   0x000001c8   Code   RO          669    .text.HAL_RCCEx_PeriphCLKConfig  stm32f1xx_hal_rcc_ex.o
    0x08004ab8   0x08004ab8   0x00000256   Code   RO          636    .text.HAL_RCC_ClockConfig  stm32f1xx_hal_rcc.o
    0x08004d0e   0x08004d0e   0x00000002   PAD
    0x08004d10   0x08004d10   0x0000000c   Code   RO          646    .text.HAL_RCC_GetHCLKFreq  stm32f1xx_hal_rcc.o
    0x08004d1c   0x08004d1c   0x00000022   Code   RO          648    .text.HAL_RCC_GetPCLK1Freq  stm32f1xx_hal_rcc.o
    0x08004d3e   0x08004d3e   0x00000002   PAD
    0x08004d40   0x08004d40   0x00000022   Code   RO          650    .text.HAL_RCC_GetPCLK2Freq  stm32f1xx_hal_rcc.o
    0x08004d62   0x08004d62   0x00000002   PAD
    0x08004d64   0x08004d64   0x000000bc   Code   RO          638    .text.HAL_RCC_GetSysClockFreq  stm32f1xx_hal_rcc.o
    0x08004e20   0x08004e20   0x0000067a   Code   RO          632    .text.HAL_RCC_OscConfig  stm32f1xx_hal_rcc.o
    0x0800549a   0x0800549a   0x00000002   PAD
    0x0800549c   0x0800549c   0x00000070   Code   RO         1240    .text.HAL_RTCEx_SetSmoothCalib  stm32f1xx_hal_rtc_ex.o
    0x0800550c   0x0800550c   0x000001ac   Code   RO         1175    .text.HAL_RTC_GetTime  stm32f1xx_hal_rtc.o
    0x080056b8   0x080056b8   0x0000012a   Code   RO         1151    .text.HAL_RTC_Init  stm32f1xx_hal_rtc.o
    0x080057e2   0x080057e2   0x00000002   PAD
    0x080057e4   0x080057e4   0x0000004c   Code   RO          444    .text.HAL_RTC_MspInit  stm32f1xx_hal_msp.o
    0x08005830   0x08005830   0x00000142   Code   RO         1165    .text.HAL_RTC_SetTime  stm32f1xx_hal_rtc.o
    0x08005972   0x08005972   0x00000002   PAD
    0x08005974   0x08005974   0x00000064   Code   RO         1155    .text.HAL_RTC_WaitForSynchro  stm32f1xx_hal_rtc.o
    0x080059d8   0x080059d8   0x00000398   Code   RO          233    .text.HAL_SYSTICK_Callback  main.o
    0x08005d70   0x08005d70   0x00000010   Code   RO          764    .text.HAL_SYSTICK_Config  stm32f1xx_hal_cortex.o
    0x08005d80   0x08005d80   0x00000008   Code   RO          794    .text.HAL_SYSTICK_IRQHandler  stm32f1xx_hal_cortex.o
    0x08005d88   0x08005d88   0x00000100   Code   RO         1562    .text.HAL_TIMEx_MasterConfigSynchronization  stm32f1xx_hal_tim_ex.o
    0x08005e88   0x08005e88   0x000000a6   Code   RO         1255    .text.HAL_TIM_Base_DeInit  stm32f1xx_hal_tim.o
    0x08005f2e   0x08005f2e   0x00000002   PAD
    0x08005f30   0x08005f30   0x0000009c   Code   RO         1249    .text.HAL_TIM_Base_Init  stm32f1xx_hal_tim.o
    0x08005fcc   0x08005fcc   0x0000002c   Code   RO          450    .text.HAL_TIM_Base_MspDeInit  stm32f1xx_hal_msp.o
    0x08005ff8   0x08005ff8   0x0000003a   Code   RO          448    .text.HAL_TIM_Base_MspInit  stm32f1xx_hal_msp.o
    0x08006032   0x08006032   0x00000002   PAD
    0x08006034   0x08006034   0x00000184   Code   RO         1441    .text.HAL_TIM_ConfigClockSource  stm32f1xx_hal_tim.o
    0x080061b8   0x080061b8   0x000000a4   Code   RO         1395    .text.HAL_TIM_OC_ConfigChannel  stm32f1xx_hal_tim.o
    0x0800625c   0x0800625c   0x0000009c   Code   RO         1277    .text.HAL_TIM_OC_Init  stm32f1xx_hal_tim.o
    0x080062f8   0x080062f8   0x00000008   Code   RO         1279    .text.HAL_TIM_OC_MspInit  stm32f1xx_hal_tim.o
    0x08006300   0x08006300   0x000001aa   Code   RO         1285    .text.HAL_TIM_OC_Start  stm32f1xx_hal_tim.o
    0x080064aa   0x080064aa   0x00000002   PAD
    0x080064ac   0x080064ac   0x0000000c   Code   RO         1677    .text.HAL_UARTEx_RxEventCallback  stm32f1xx_hal_uart.o
    0x080064b8   0x080064b8   0x00000064   Code   RO         1597    .text.HAL_UART_DeInit  stm32f1xx_hal_uart.o
    0x0800651c   0x0800651c   0x00000070   Code   RO          227    .text.HAL_UART_ErrorCallback  main.o
    0x0800658c   0x0800658c   0x0000042a   Code   RO         1669    .text.HAL_UART_IRQHandler  stm32f1xx_hal_uart.o
    0x080069b6   0x080069b6   0x00000002   PAD
    0x080069b8   0x080069b8   0x0000009e   Code   RO         1585    .text.HAL_UART_Init  stm32f1xx_hal_uart.o
    0x08006a56   0x08006a56   0x00000002   PAD
    0x08006a58   0x08006a58   0x00000172   Code   RO          454    .text.HAL_UART_MspDeInit  stm32f1xx_hal_msp.o
    0x08006bca   0x08006bca   0x00000002   PAD
    0x08006bcc   0x08006bcc   0x0000055a   Code   RO          452    .text.HAL_UART_MspInit  stm32f1xx_hal_msp.o
    0x08007126   0x08007126   0x00000002   PAD
    0x08007128   0x08007128   0x00000056   Code   RO         1621    .text.HAL_UART_Receive_DMA  stm32f1xx_hal_uart.o
    0x0800717e   0x0800717e   0x00000002   PAD
    0x08007180   0x08007180   0x00000056   Code   RO         1609    .text.HAL_UART_Receive_IT  stm32f1xx_hal_uart.o
    0x080071d6   0x080071d6   0x00000002   PAD
    0x080071d8   0x080071d8   0x0000022c   Code   RO          225    .text.HAL_UART_RxCpltCallback  main.o
    0x08007404   0x08007404   0x00000008   Code   RO         1689    .text.HAL_UART_RxHalfCpltCallback  stm32f1xx_hal_uart.o
    0x0800740c   0x0800740c   0x0000011e   Code   RO         1601    .text.HAL_UART_Transmit  stm32f1xx_hal_uart.o
    0x0800752a   0x0800752a   0x00000002   PAD
    0x0800752c   0x0800752c   0x000000e2   Code   RO         1613    .text.HAL_UART_Transmit_DMA  stm32f1xx_hal_uart.o
    0x0800760e   0x0800760e   0x00000002   PAD
    0x08007610   0x08007610   0x000000d4   Code   RO          223    .text.HAL_UART_TxCpltCallback  main.o
    0x080076e4   0x080076e4   0x00000008   Code   RO         1685    .text.HAL_UART_TxHalfCpltCallback  stm32f1xx_hal_uart.o
    0x080076ec   0x080076ec   0x00000004   Code   RO          367    .text.HardFault_Handler  stm32f1xx_it.o
    0x080076f0   0x080076f0   0x00000144   Code   RO           94    .text.Hex2Dec2ASCII  hex2ascii.o
    0x08007834   0x08007834   0x00000010   Code   RO          407    .text.I2C1_ER_IRQHandler  stm32f1xx_it.o
    0x08007844   0x08007844   0x00000010   Code   RO          405    .text.I2C1_EV_IRQHandler  stm32f1xx_it.o
    0x08007854   0x08007854   0x00000034   Code   RO         1065    .text.I2C_ConvertOtherXferOptions  stm32f1xx_hal_i2c.o
    0x08007888   0x08007888   0x00000156   Code   RO         1049    .text.I2C_DMAAbort  stm32f1xx_hal_i2c.o
    0x080079de   0x080079de   0x00000002   PAD
    0x080079e0   0x080079e0   0x00000024   Code   RO         1125    .text.I2C_Flush_DR  stm32f1xx_hal_i2c.o
    0x08007a04   0x08007a04   0x0000027a   Code   RO         1061    .text.I2C_ITError   stm32f1xx_hal_i2c.o
    0x08007c7e   0x08007c7e   0x00000002   PAD
    0x08007c80   0x08007c80   0x00000064   Code   RO         1131    .text.I2C_IsAcknowledgeFailed  stm32f1xx_hal_i2c.o
    0x08007ce4   0x08007ce4   0x0000019e   Code   RO         1081    .text.I2C_MasterReceive_BTF  stm32f1xx_hal_i2c.o
    0x08007e82   0x08007e82   0x00000002   PAD
    0x08007e84   0x08007e84   0x00000148   Code   RO         1079    .text.I2C_MasterReceive_RXNE  stm32f1xx_hal_i2c.o
    0x08007fcc   0x08007fcc   0x000000de   Code   RO         1075    .text.I2C_MasterTransmit_BTF  stm32f1xx_hal_i2c.o
    0x080080aa   0x080080aa   0x00000002   PAD
    0x080080ac   0x080080ac   0x0000013e   Code   RO         1073    .text.I2C_MasterTransmit_TXE  stm32f1xx_hal_i2c.o
    0x080081ea   0x080081ea   0x00000002   PAD
    0x080081ec   0x080081ec   0x00000046   Code   RO         1069    .text.I2C_Master_ADD10  stm32f1xx_hal_i2c.o
    0x08008232   0x08008232   0x00000002   PAD
    0x08008234   0x08008234   0x00000358   Code   RO         1071    .text.I2C_Master_ADDR  stm32f1xx_hal_i2c.o
    0x0800858c   0x0800858c   0x000000f0   Code   RO         1067    .text.I2C_Master_SB  stm32f1xx_hal_i2c.o
    0x0800867c   0x0800867c   0x00000128   Code   RO         1077    .text.I2C_MemoryTransmit_TXE_BTF  stm32f1xx_hal_i2c.o
    0x080087a4   0x080087a4   0x000001e2   Code   RO         1025    .text.I2C_RequestMemoryRead  stm32f1xx_hal_i2c.o
    0x08008986   0x08008986   0x00000002   PAD
    0x08008988   0x08008988   0x0000013a   Code   RO         1021    .text.I2C_RequestMemoryWrite  stm32f1xx_hal_i2c.o
    0x08008ac2   0x08008ac2   0x00000002   PAD
    0x08008ac4   0x08008ac4   0x0000002e   Code   RO         1093    .text.I2C_SlaveReceive_BTF  stm32f1xx_hal_i2c.o
    0x08008af2   0x08008af2   0x00000002   PAD
    0x08008af4   0x08008af4   0x0000006e   Code   RO         1091    .text.I2C_SlaveReceive_RXNE  stm32f1xx_hal_i2c.o
    0x08008b62   0x08008b62   0x00000002   PAD
    0x08008b64   0x08008b64   0x0000002c   Code   RO         1089    .text.I2C_SlaveTransmit_BTF  stm32f1xx_hal_i2c.o
    0x08008b90   0x08008b90   0x0000006c   Code   RO         1087    .text.I2C_SlaveTransmit_TXE  stm32f1xx_hal_i2c.o
    0x08008bfc   0x08008bfc   0x000000ae   Code   RO         1083    .text.I2C_Slave_ADDR  stm32f1xx_hal_i2c.o
    0x08008caa   0x08008caa   0x00000002   PAD
    0x08008cac   0x08008cac   0x000000e4   Code   RO         1097    .text.I2C_Slave_AF  stm32f1xx_hal_i2c.o
    0x08008d90   0x08008d90   0x0000024a   Code   RO         1085    .text.I2C_Slave_STOPF  stm32f1xx_hal_i2c.o
    0x08008fda   0x08008fda   0x00000002   PAD
    0x08008fdc   0x08008fdc   0x000000ac   Code   RO          985    .text.I2C_WaitOnBTFFlagUntilTimeout  stm32f1xx_hal_i2c.o
    0x08009088   0x08009088   0x00000108   Code   RO          979    .text.I2C_WaitOnFlagUntilTimeout  stm32f1xx_hal_i2c.o
    0x08009190   0x08009190   0x00000154   Code   RO         1129    .text.I2C_WaitOnMasterAddressFlagUntilTimeout  stm32f1xx_hal_i2c.o
    0x080092e4   0x080092e4   0x000000dc   Code   RO          991    .text.I2C_WaitOnRXNEFlagUntilTimeout  stm32f1xx_hal_i2c.o
    0x080093c0   0x080093c0   0x00000078   Code   RO         1127    .text.I2C_WaitOnSTOPRequestThroughIT  stm32f1xx_hal_i2c.o
    0x08009438   0x08009438   0x000000a8   Code   RO          983    .text.I2C_WaitOnTXEFlagUntilTimeout  stm32f1xx_hal_i2c.o
    0x080094e0   0x080094e0   0x000004f8   Code   RO          199    .text.Init_sequence  main.o
    0x080099d8   0x080099d8   0x0000002c   Code   RO          160    .text.Is_all_data_popped_from_ring_buffer  ring_buffer.o
    0x08009a04   0x08009a04   0x00000032   Code   RO          249    .text.Jetson_rxd_handler  main.o
    0x08009a36   0x08009a36   0x00000002   PAD
    0x08009a38   0x08009a38   0x0000005e   Code   RO          221    .text.Leds_on_off   main.o
    0x08009a96   0x08009a96   0x00000002   PAD
    0x08009a98   0x08009a98   0x000000e0   Code   RO          115    .text.Link_ow_com_port_to_real  onewire.o
    0x08009b78   0x08009b78   0x00000068   Code   RO          177    .text.MX_ADC1_Init  main.o
    0x08009be0   0x08009be0   0x000000ce   Code   RO          197    .text.MX_ADC2_Init  main.o
    0x08009cae   0x08009cae   0x00000002   PAD
    0x08009cb0   0x08009cb0   0x00000024   Code   RO          195    .text.MX_CRC_Init   main.o
    0x08009cd4   0x08009cd4   0x000000ec   Code   RO          175    .text.MX_DMA_Init   main.o
    0x08009dc0   0x08009dc0   0x000001bc   Code   RO          173    .text.MX_GPIO_Init  main.o
    0x08009f7c   0x08009f7c   0x00000048   Code   RO          179    .text.MX_I2C1_Init  main.o
    0x08009fc4   0x08009fc4   0x00000030   Code   RO          189    .text.MX_RTC_Init   main.o
    0x08009ff4   0x08009ff4   0x000000d6   Code   RO          191    .text.MX_TIM4_Init  main.o
    0x0800a0ca   0x0800a0ca   0x00000002   PAD
    0x0800a0cc   0x0800a0cc   0x00000040   Code   RO          181    .text.MX_UART4_Init  main.o
    0x0800a10c   0x0800a10c   0x00000040   Code   RO          193    .text.MX_UART5_Init  main.o
    0x0800a14c   0x0800a14c   0x00000040   Code   RO          183    .text.MX_USART1_UART_Init  main.o
    0x0800a18c   0x0800a18c   0x00000040   Code   RO          185    .text.MX_USART2_UART_Init  main.o
    0x0800a1cc   0x0800a1cc   0x00000040   Code   RO          187    .text.MX_USART3_UART_Init  main.o
    0x0800a20c   0x0800a20c   0x00000142   Code   RO           43    .text.Make_temperature_statistics  backup.o
    0x0800a34e   0x0800a34e   0x00000002   PAD
    0x0800a350   0x0800a350   0x00000202   Code   RO           41    .text.Make_time_correction_and_day_inc  backup.o
    0x0800a552   0x0800a552   0x00000002   PAD
    0x0800a554   0x0800a554   0x000000a0   Code   RO           45    .text.Make_water_using_statistics  backup.o
    0x0800a5f4   0x0800a5f4   0x00000004   Code   RO          369    .text.MemManage_Handler  stm32f1xx_it.o
    0x0800a5f8   0x0800a5f8   0x00000004   Code   RO          365    .text.NMI_Handler   stm32f1xx_it.o
    0x0800a5fc   0x0800a5fc   0x0000006c   Code   RO          750    .text.NVIC_EncodePriority  stm32f1xx_hal_cortex.o
    0x0800a668   0x0800a668   0x0000007c   Code   RO          211    .text.Nextion_received_data_handler  main.o
    0x0800a6e4   0x0800a6e4   0x00000056   Code   RO          117    .text.OW_Init       onewire.o
    0x0800a73a   0x0800a73a   0x00000002   PAD
    0x0800a73c   0x0800a73c   0x0000003c   Code   RO          131    .text.OW_ReadBit    onewire.o
    0x0800a778   0x0800a778   0x00000138   Code   RO          119    .text.OW_Reset      onewire.o
    0x0800a8b0   0x0800a8b0   0x0000028a   Code   RO          129    .text.OW_Search     onewire.o
    0x0800ab3a   0x0800ab3a   0x00000002   PAD
    0x0800ab3c   0x0800ab3c   0x00000166   Code   RO          121    .text.OW_Send       onewire.o
    0x0800aca2   0x0800aca2   0x00000002   PAD
    0x0800aca4   0x0800aca4   0x00000092   Code   RO          133    .text.OW_SendBits   onewire.o
    0x0800ad36   0x0800ad36   0x00000002   PAD
    0x0800ad38   0x0800ad38   0x00000056   Code   RO          123    .text.OW_toBits     onewire.o
    0x0800ad8e   0x0800ad8e   0x00000002   PAD
    0x0800ad90   0x0800ad90   0x00000058   Code   RO          125    .text.OW_toByte     onewire.o
    0x0800ade8   0x0800ade8   0x00000008   Code   RO          383    .text.PVD_IRQHandler  stm32f1xx_it.o
    0x0800adf0   0x0800adf0   0x000020f4   Code   RO          215    .text.Parsing_nextion_display_string  main.o
    0x0800cee4   0x0800cee4   0x00000002   Code   RO          379    .text.PendSV_Handler  stm32f1xx_it.o
    0x0800cee6   0x0800cee6   0x00000002   PAD
    0x0800cee8   0x0800cee8   0x00000084   Code   RO           81    .text.Polling_termosensors  ds18b20.o
    0x0800cf6c   0x0800cf6c   0x0000007c   Code   RO          156    .text.Pop_string_from_ring_buffer  ring_buffer.o
    0x0800cfe8   0x0800cfe8   0x00000020   Code   RO          201    .text.Power_down_handler  main.o
    0x0800d008   0x0800d008   0x000000c8   Code   RO           17    .text.Prepare_e2p_buf  backup.o
    0x0800d0d0   0x0800d0d0   0x00005830   Code   RO          213    .text.Prepare_params_and_send_to_nextion  main.o
    0x08012900   0x08012900   0x00000040   Code   RO           47    .text.Push_new_data_to_weekly_stat  backup.o
    0x08012940   0x08012940   0x000000b8   Code   RO          150    .text.Push_string_to_ring_buffer  ring_buffer.o
    0x080129f8   0x080129f8   0x0000003a   Code   RO          634    .text.RCC_Delay     stm32f1xx_hal_rcc.o
    0x08012a32   0x08012a32   0x00000002   PAD
    0x08012a34   0x08012a34   0x0000002a   Code   RO         1167    .text.RTC_Bcd2ToByte  stm32f1xx_hal_rtc.o
    0x08012a5e   0x08012a5e   0x00000002   PAD
    0x08012a60   0x08012a60   0x0000003a   Code   RO         1181    .text.RTC_ByteToBcd2  stm32f1xx_hal_rtc.o
    0x08012a9a   0x08012a9a   0x00000002   PAD
    0x08012a9c   0x08012a9c   0x00000172   Code   RO         1179    .text.RTC_DateUpdate  stm32f1xx_hal_rtc.o
    0x08012c0e   0x08012c0e   0x00000002   PAD
    0x08012c10   0x08012c10   0x00000056   Code   RO         1157    .text.RTC_EnterInitMode  stm32f1xx_hal_rtc.o
    0x08012c66   0x08012c66   0x00000002   PAD
    0x08012c68   0x08012c68   0x00000056   Code   RO         1159    .text.RTC_ExitInitMode  stm32f1xx_hal_rtc.o
    0x08012cbe   0x08012cbe   0x00000002   PAD
    0x08012cc0   0x08012cc0   0x00000078   Code   RO         1205    .text.RTC_IsLeapYear  stm32f1xx_hal_rtc.o
    0x08012d38   0x08012d38   0x00000032   Code   RO         1171    .text.RTC_ReadAlarmCounter  stm32f1xx_hal_rtc.o
    0x08012d6a   0x08012d6a   0x00000002   PAD
    0x08012d6c   0x08012d6c   0x0000006a   Code   RO         1177    .text.RTC_ReadTimeCounter  stm32f1xx_hal_rtc.o
    0x08012dd6   0x08012dd6   0x00000002   PAD
    0x08012dd8   0x08012dd8   0x000000de   Code   RO         1185    .text.RTC_WeekDayNum  stm32f1xx_hal_rtc.o
    0x08012eb6   0x08012eb6   0x00000002   PAD
    0x08012eb8   0x08012eb8   0x00000050   Code   RO         1173    .text.RTC_WriteAlarmCounter  stm32f1xx_hal_rtc.o
    0x08012f08   0x08012f08   0x00000050   Code   RO         1169    .text.RTC_WriteTimeCounter  stm32f1xx_hal_rtc.o
    0x08012f58   0x08012f58   0x00000042   Code   RO          158    .text.Read_from_ring_data_buffer  ring_buffer.o
    0x08012f9a   0x08012f9a   0x00000002   PAD
    0x08012f9c   0x08012f9c   0x00000144   Code   RO          265    .text.Reduce_mcu_power  main.o
    0x080130e0   0x080130e0   0x00000168   Code   RO           37    .text.Restore_all_data  backup.o
    0x08013248   0x08013248   0x00000002   Code   RO          375    .text.SVC_Handler   stm32f1xx_it.o
    0x0801324a   0x0801324a   0x00000002   PAD
    0x0801324c   0x0801324c   0x00000194   Code   RO           39    .text.Set_all_variables_to_default  backup.o
    0x080133e0   0x080133e0   0x00000128   Code   RO           21    .text.Set_crc32_checksum  backup.o
    0x08013508   0x08013508   0x000000d4   Code   RO          255    .text.SpecWateringModePumpOnOff  main.o
    0x080135dc   0x080135dc   0x000000a2   Code   RO          253    .text.Switch_on_pump_by_time  main.o
    0x0801367e   0x0801367e   0x00000002   PAD
    0x08013680   0x08013680   0x000003d0   Code   RO          217    .text.SysControlLogic  main.o
    0x08013a50   0x08013a50   0x00000052   Code   RO          766    .text.SysTick_Config  stm32f1xx_hal_cortex.o
    0x08013aa2   0x08013aa2   0x00000002   PAD
    0x08013aa4   0x08013aa4   0x0000000c   Code   RO          381    .text.SysTick_Handler  stm32f1xx_it.o
    0x08013ab0   0x08013ab0   0x000000a4   Code   RO          171    .text.SystemClock_Config  main.o
    0x08013b54   0x08013b54   0x00000002   Code   RO         1716    .text.SystemInit    system_stm32f1xx.o
    0x08013b56   0x08013b56   0x00000002   PAD
    0x08013b58   0x08013b58   0x00000140   Code   RO         1253    .text.TIM_Base_SetConfig  stm32f1xx_hal_tim.o
    0x08013c98   0x08013c98   0x00000036   Code   RO         1287    .text.TIM_CCxChannelCmd  stm32f1xx_hal_tim.o
    0x08013cce   0x08013cce   0x00000002   PAD
    0x08013cd0   0x08013cd0   0x00000034   Code   RO         1439    .text.TIM_ETR_SetConfig  stm32f1xx_hal_tim.o
    0x08013d04   0x08013d04   0x0000002a   Code   RO         1445    .text.TIM_ITRx_SetConfig  stm32f1xx_hal_tim.o
    0x08013d2e   0x08013d2e   0x00000002   PAD
    0x08013d30   0x08013d30   0x000000ee   Code   RO         1397    .text.TIM_OC1_SetConfig  stm32f1xx_hal_tim.o
    0x08013e1e   0x08013e1e   0x00000002   PAD
    0x08013e20   0x08013e20   0x000000f8   Code   RO         1399    .text.TIM_OC2_SetConfig  stm32f1xx_hal_tim.o
    0x08013f18   0x08013f18   0x000000f6   Code   RO         1401    .text.TIM_OC3_SetConfig  stm32f1xx_hal_tim.o
    0x0801400e   0x0801400e   0x00000002   PAD
    0x08014010   0x08014010   0x000000a6   Code   RO         1403    .text.TIM_OC4_SetConfig  stm32f1xx_hal_tim.o
    0x080140b6   0x080140b6   0x00000002   PAD
    0x080140b8   0x080140b8   0x00000050   Code   RO         1443    .text.TIM_TI1_ConfigInputStage  stm32f1xx_hal_tim.o
    0x08014108   0x08014108   0x00000052   Code   RO         1447    .text.TIM_TI2_ConfigInputStage  stm32f1xx_hal_tim.o
    0x0801415a   0x0801415a   0x00000002   PAD
    0x0801415c   0x0801415c   0x00000010   Code   RO          415    .text.UART4_IRQHandler  stm32f1xx_it.o
    0x0801416c   0x0801416c   0x00000010   Code   RO          417    .text.UART5_IRQHandler  stm32f1xx_it.o
    0x0801417c   0x0801417c   0x00000020   Code   RO         1673    .text.UART_DMAAbortOnError  stm32f1xx_hal_uart.o
    0x0801419c   0x0801419c   0x0000007c   Code   RO         1619    .text.UART_DMAError  stm32f1xx_hal_uart.o
    0x08014218   0x08014218   0x000000f4   Code   RO         1705    .text.UART_DMAReceiveCplt  stm32f1xx_hal_uart.o
    0x0801430c   0x0801430c   0x00000034   Code   RO         1707    .text.UART_DMARxHalfCplt  stm32f1xx_hal_uart.o
    0x08014340   0x08014340   0x0000007a   Code   RO         1615    .text.UART_DMATransmitCplt  stm32f1xx_hal_uart.o
    0x080143ba   0x080143ba   0x00000002   PAD
    0x080143bc   0x080143bc   0x00000016   Code   RO         1617    .text.UART_DMATxHalfCplt  stm32f1xx_hal_uart.o
    0x080143d2   0x080143d2   0x00000002   PAD
    0x080143d4   0x080143d4   0x00000094   Code   RO         1633    .text.UART_EndRxTransfer  stm32f1xx_hal_uart.o
    0x08014468   0x08014468   0x00000026   Code   RO         1681    .text.UART_EndTransmit_IT  stm32f1xx_hal_uart.o
    0x0801448e   0x0801448e   0x00000002   PAD
    0x08014490   0x08014490   0x00000036   Code   RO         1631    .text.UART_EndTxTransfer  stm32f1xx_hal_uart.o
    0x080144c6   0x080144c6   0x00000002   PAD
    0x080144c8   0x080144c8   0x0000016a   Code   RO         1671    .text.UART_Receive_IT  stm32f1xx_hal_uart.o
    0x08014632   0x08014632   0x00000002   PAD
    0x08014634   0x08014634   0x000000ba   Code   RO         1589    .text.UART_SetConfig  stm32f1xx_hal_uart.o
    0x080146ee   0x080146ee   0x00000002   PAD
    0x080146f0   0x080146f0   0x0000010c   Code   RO         1623    .text.UART_Start_Receive_DMA  stm32f1xx_hal_uart.o
    0x080147fc   0x080147fc   0x00000062   Code   RO         1611    .text.UART_Start_Receive_IT  stm32f1xx_hal_uart.o
    0x0801485e   0x0801485e   0x00000002   PAD
    0x08014860   0x08014860   0x00000094   Code   RO         1679    .text.UART_Transmit_IT  stm32f1xx_hal_uart.o
    0x080148f4   0x080148f4   0x000000d2   Code   RO         1603    .text.UART_WaitOnFlagUntilTimeout  stm32f1xx_hal_uart.o
    0x080149c6   0x080149c6   0x00000002   PAD
    0x080149c8   0x080149c8   0x00000010   Code   RO          409    .text.USART1_IRQHandler  stm32f1xx_it.o
    0x080149d8   0x080149d8   0x00000010   Code   RO          411    .text.USART2_IRQHandler  stm32f1xx_it.o
    0x080149e8   0x080149e8   0x00000010   Code   RO          413    .text.USART3_IRQHandler  stm32f1xx_it.o
    0x080149f8   0x080149f8   0x00000004   Code   RO          373    .text.UsageFault_Handler  stm32f1xx_it.o
    0x080149fc   0x080149fc   0x0000013e   Code   RO          205    .text.Voltage_calc_from_adc_value  main.o
    0x08014b3a   0x08014b3a   0x00000002   PAD
    0x08014b3c   0x08014b3c   0x00000880   Code   RO          257    .text.Watering_on_off  main.o
    0x080153bc   0x080153bc   0x000000a6   Code   RO           31    .text.Write_time_to_RTC  backup.o
    0x08015462   0x08015462   0x00000002   PAD
    0x08015464   0x08015464   0x000000fa   Code   RO           19    .text.Write_to_e2p  backup.o
    0x0801555e   0x0801555e   0x00000002   PAD
    0x08015560   0x08015560   0x00000048   Code   RO          154    .text.Write_to_ring_data_buffer  ring_buffer.o
    0x080155a8   0x080155a8   0x00000038   Code   RO          758    .text.__NVIC_DisableIRQ  stm32f1xx_hal_cortex.o
    0x080155e0   0x080155e0   0x00000030   Code   RO          754    .text.__NVIC_EnableIRQ  stm32f1xx_hal_cortex.o
    0x08015610   0x08015610   0x00000010   Code   RO          746    .text.__NVIC_GetPriorityGrouping  stm32f1xx_hal_cortex.o
    0x08015620   0x08015620   0x00000042   Code   RO          748    .text.__NVIC_SetPriority  stm32f1xx_hal_cortex.o
    0x08015662   0x08015662   0x00000002   PAD
    0x08015664   0x08015664   0x0000003c   Code   RO          742    .text.__NVIC_SetPriorityGrouping  stm32f1xx_hal_cortex.o
    0x080156a0   0x080156a0   0x00000026   Code   RO          762    .text.__NVIC_SystemReset  stm32f1xx_hal_cortex.o
    0x080156c6   0x080156c6   0x00000002   PAD
    0x080156c8   0x080156c8   0x0000008e   Code   RO           73    .text.ds18b20_crc8  ds18b20.o
    0x08015756   0x08015756   0x00000002   PAD
    0x08015758   0x08015758   0x00000074   Code   RO           77    .text.ds18b20_get_temp  ds18b20.o
    0x080157cc   0x080157cc   0x000000a6   Code   RO           71    .text.ds18b20_init  ds18b20.o
    0x08015872   0x08015872   0x00000002   PAD
    0x08015874   0x08015874   0x0000002c   Code   RO           75    .text.ds18b20_start_convert  ds18b20.o
    0x080158a0   0x080158a0   0x00000078   Code   RO           79    .text.ds18b20_tconvert  ds18b20.o
    0x08015918   0x08015918   0x00000678   Code   RO          169    .text.main          main.o
    0x08015f90   0x08015f90   0x00000072   Code   RO         1781    i.roundf            m_ws.l(roundf.o)
    0x08016002   0x08016002   0x00000002   PAD
    0x08016004   0x08016004   0x00000062   Code   RO         1737    x$fpl$d2f           fz_ws.l(d2f.o)
    0x08016066   0x08016066   0x00000018   Code   RO         1822    x$fpl$dcmpinf       fz_ws.l(dcmpi.o)
    0x0801607e   0x0801607e   0x00000002   PAD
    0x08016080   0x08016080   0x000002b4   Code   RO         1742    x$fpl$ddiv          fz_ws.l(ddiv.o)
    0x08016334   0x08016334   0x00000078   Code   RO         1784    x$fpl$deqf          fz_ws.l(deqf.o)
    0x080163ac   0x080163ac   0x0000005e   Code   RO         1745    x$fpl$dfix          fz_ws.l(dfix.o)
    0x0801640a   0x0801640a   0x0000002e   Code   RO         1750    x$fpl$dflt          fz_ws.l(dflt_clz.o)
    0x08016438   0x08016438   0x00000026   Code   RO         1749    x$fpl$dfltu         fz_ws.l(dflt_clz.o)
    0x0801645e   0x0801645e   0x00000002   PAD
    0x08016460   0x08016460   0x00000078   Code   RO         1786    x$fpl$dgeqf         fz_ws.l(dgeqf.o)
    0x080164d8   0x080164d8   0x00000078   Code   RO         1788    x$fpl$dleqf         fz_ws.l(dleqf.o)
    0x08016550   0x08016550   0x0000009c   Code   RO         1790    x$fpl$dnaninf       fz_ws.l(dnaninf.o)
    0x080165ec   0x080165ec   0x0000000c   Code   RO         1792    x$fpl$dretinf       fz_ws.l(dretinf.o)
    0x080165f8   0x080165f8   0x00000056   Code   RO         1755    x$fpl$f2d           fz_ws.l(f2d.o)
    0x0801664e   0x0801664e   0x00000002   PAD
    0x08016650   0x08016650   0x000000c4   Code   RO         1757    x$fpl$fadd          fz_ws.l(faddsub_clz.o)
    0x08016714   0x08016714   0x00000054   Code   RO         1739    x$fpl$fcmp          fz_ws.l(dcmp.o)
    0x08016768   0x08016768   0x00000054   Code   RO         1763    x$fpl$fcmp          fz_ws.l(fcmp.o)
    0x080167bc   0x080167bc   0x00000018   Code   RO         1824    x$fpl$fcmpinf       fz_ws.l(fcmpi.o)
    0x080167d4   0x080167d4   0x00000184   Code   RO         1766    x$fpl$fdiv          fz_ws.l(fdiv.o)
    0x08016958   0x08016958   0x00000068   Code   RO         1794    x$fpl$feqf          fz_ws.l(feqf.o)
    0x080169c0   0x080169c0   0x00000036   Code   RO         1769    x$fpl$ffix          fz_ws.l(ffix.o)
    0x080169f6   0x080169f6   0x00000002   PAD
    0x080169f8   0x080169f8   0x00000030   Code   RO         1774    x$fpl$fflt          fz_ws.l(fflt_clz.o)
    0x08016a28   0x08016a28   0x00000026   Code   RO         1773    x$fpl$ffltu         fz_ws.l(fflt_clz.o)
    0x08016a4e   0x08016a4e   0x00000002   PAD
    0x08016a50   0x08016a50   0x00000068   Code   RO         1796    x$fpl$fgeqf         fz_ws.l(fgeqf.o)
    0x08016ab8   0x08016ab8   0x00000068   Code   RO         1798    x$fpl$fleqf         fz_ws.l(fleqf.o)
    0x08016b20   0x08016b20   0x00000102   Code   RO         1779    x$fpl$fmul          fz_ws.l(fmul.o)
    0x08016c22   0x08016c22   0x0000008c   Code   RO         1800    x$fpl$fnaninf       fz_ws.l(fnaninf.o)
    0x08016cae   0x08016cae   0x0000000a   Code   RO         1802    x$fpl$fretinf       fz_ws.l(fretinf.o)
    0x08016cb8   0x08016cb8   0x00000060   Code   RO         1804    x$fpl$frnd          fz_ws.l(frnd.o)
    0x08016d18   0x08016d18   0x000000ea   Code   RO         1759    x$fpl$fsub          fz_ws.l(faddsub_clz.o)
    0x08016e02   0x08016e02   0x00000000   Code   RO         1806    x$fpl$usenofp       fz_ws.l(usenofp.o)
    0x08016e02   0x08016e02   0x00000010   Data   RO         1721    .rodata.AHBPrescTable  system_stm32f1xx.o
    0x08016e12   0x08016e12   0x00000008   Data   RO         1722    .rodata.APBPrescTable  system_stm32f1xx.o
    0x08016e1a   0x08016e1a   0x00000010   Data   RO          675    .rodata.HAL_RCCEx_GetPeriphCLKFreq.aPLLMULFactorTable  stm32f1xx_hal_rcc_ex.o
    0x08016e2a   0x08016e2a   0x00000002   Data   RO          676    .rodata.HAL_RCCEx_GetPeriphCLKFreq.aPredivFactorTable  stm32f1xx_hal_rcc_ex.o
    0x08016e2c   0x08016e2c   0x00000010   Data   RO          660    .rodata.HAL_RCC_GetSysClockFreq.aPLLMULFactorTable  stm32f1xx_hal_rcc.o
    0x08016e3c   0x08016e3c   0x00000002   Data   RO          661    .rodata.HAL_RCC_GetSysClockFreq.aPredivFactorTable  stm32f1xx_hal_rcc.o
    0x08016e3e   0x08016e3e   0x00000002   PAD
    0x08016e40   0x08016e40   0x00000020   Data   RO         1972    Region$$Table       anon$$obj.o


    Execution Region RW_IRAM1 (Exec base: 0x20000000, Load base: 0x08016e60, Size: 0x000023c8, Max: 0x0000c000, ABSOLUTE)

    Exec Addr    Load Addr    Size         Type   Attr      Idx    E Section Name        Object

    0x20000000   0x08016e60   0x00000004   Data   RW         1720    .data.SystemCoreClock  system_stm32f1xx.o
    0x20000004   0x08016e64   0x00000001   Data   RW          621    .data.uwTickFreq    stm32f1xx_hal.o
    0x20000005   0x08016e65   0x00000003   PAD
    0x20000008   0x08016e68   0x00000004   Data   RW          620    .data.uwTickPrio    stm32f1xx_hal.o
    0x2000000c   0x08016e6c   0x00000004   PAD
    0x20000010        -       0x00000060   Zero   RW         1837    .bss                c_w.l(libspace.o)
    0x20000070        -       0x00000001   Zero   RW          141    .bss.DeviceID       onewire.o
    0x20000071   0x08016e6c   0x00000001   PAD
    0x20000072        -       0x00000002   Zero   RW          344    .bss.Get_average_pressure_value.idx  main.o
    0x20000074        -       0x0000000a   Zero   RW          345    .bss.Get_average_pressure_value.pressure  main.o
    0x2000007e   0x08016e6c   0x00000002   PAD
    0x20000080        -       0x00000004   Zero   RW          294    .bss.HAL_GPIO_EXTI_Callback.time_point_prev  main.o
    0x20000084        -       0x00000004   Zero   RW          302    .bss.HAL_SYSTICK_Callback.PumpedQuantityAtLastCycle_at_zero  main.o
    0x20000088        -       0x00000001   Zero   RW          299    .bss.HAL_SYSTICK_Callback.brightness_dim_already_done  main.o
    0x20000089   0x08016e6c   0x00000001   PAD
    0x2000008a        -       0x00000002   Zero   RW          298    .bss.HAL_SYSTICK_Callback.control_data_timeout_timer  main.o
    0x2000008c        -       0x00000002   Zero   RW          301    .bss.HAL_SYSTICK_Callback.dry_work_timer  main.o
    0x2000008e        -       0x00000002   Zero   RW          297    .bss.HAL_SYSTICK_Callback.nextion_send_timer  main.o
    0x20000090        -       0x00000002   Zero   RW          296    .bss.HAL_SYSTICK_Callback.periph_scan_timer  main.o
    0x20000092        -       0x00000001   Zero   RW          295    .bss.HAL_SYSTICK_Callback.time_led_timer  main.o
    0x20000093   0x08016e6c   0x00000001   PAD
    0x20000094        -       0x00000002   Zero   RW          300    .bss.HAL_SYSTICK_Callback.timer_1000ms  main.o
    0x20000096        -       0x00000001   Zero   RW          139    .bss.LastDeviceFlag  onewire.o
    0x20000097        -       0x00000001   Zero   RW          140    .bss.LastDiscrepancy  onewire.o
    0x20000098        -       0x00000001   Zero   RW           60    .bss.Make_temperature_statistics.TankWaterTemp_already_set  backup.o
    0x20000099        -       0x00000001   Zero   RW           59    .bss.Make_temperature_statistics.WellWaterTemp_already_set  backup.o
    0x2000009a   0x08016e6c   0x00000002   PAD
    0x2000009c        -       0x00000004   Zero   RW           61    .bss.Make_temperature_statistics.time_in_seconds_prev  backup.o
    0x200000a0        -       0x00000001   Zero   RW           55    .bss.Make_time_correction_and_day_inc.daily_cal_is_done  backup.o
    0x200000a1        -       0x00000001   Zero   RW           56    .bss.Make_time_correction_and_day_inc.time_corr_val_prev  backup.o
    0x200000a2   0x08016e6c   0x00000002   PAD
    0x200000a4        -       0x00000004   Zero   RW           57    .bss.Make_time_correction_and_day_inc.time_in_seconds_prev  backup.o
    0x200000a8        -       0x00000001   Zero   RW           58    .bss.Make_time_correction_and_day_inc.weekly_cal_days_counter  backup.o
    0x200000a9        -       0x00000001   Zero   RW           54    .bss.Make_time_correction_and_day_inc.weekly_cal_value  backup.o
    0x200000aa        -       0x00000001   Zero   RW           63    .bss.Make_water_using_statistics.pump_previous_state  backup.o
    0x200000ab   0x08016e6c   0x00000001   PAD
    0x200000ac        -       0x00000004   Zero   RW           62    .bss.Make_water_using_statistics.time_in_seconds_prev  backup.o
    0x200000b0        -       0x00000004   Zero   RW          137    .bss.OW_USART       onewire.o
    0x200000b4        -       0x00000004   Zero   RW          136    .bss.OwCom          onewire.o
    0x200000b8        -       0x00000004   Zero   RW          135    .bss.OwUart         onewire.o
    0x200000bc        -       0x00000004   Zero   RW          320    .bss.Parsing_nextion_display_string.key_pressing_time_moment  main.o
    0x200000c0        -       0x00000004   Zero   RW          318    .bss.Parsing_nextion_display_string.source_type  main.o
    0x200000c4        -       0x00000004   Zero   RW          319    .bss.Parsing_nextion_display_string.source_value  main.o
    0x200000c8        -       0x00000001   Zero   RW          317    .bss.Parsing_nextion_display_string.state_machine  main.o
    0x200000c9        -       0x00000001   Zero   RW           86    .bss.Polling_termosensors.termosens_ops_step  ds18b20.o
    0x200000ca        -       0x00000008   Zero   RW          142    .bss.ROM_NO         onewire.o
    0x200000d2   0x08016e6c   0x00000002   PAD
    0x200000d4        -       0x00000004   Zero   RW           53    .bss.Restore_all_data.struct_size  backup.o
    0x200000d8        -       0x00000004   Zero   RW          328    .bss.SpecWateringModePumpOnOff.pump_off_by_pressure_delay_timer  main.o
    0x200000dc        -       0x00000001   Zero   RW          329    .bss.SpecWateringModePumpOnOff.pump_off_by_pressure_delay_timer_is_set  main.o
    0x200000dd   0x08016e6c   0x00000003   PAD
    0x200000e0        -       0x00000004   Zero   RW          323    .bss.SysControlLogic.auto_pump_counter_start_point  main.o
    0x200000e4        -       0x00000004   Zero   RW          325    .bss.SysControlLogic.pump_off_by_pressure_delay_timer  main.o
    0x200000e8        -       0x00000001   Zero   RW          327    .bss.SysControlLogic.pump_off_by_pressure_delay_timer_is_set  main.o
    0x200000e9   0x08016e6c   0x00000003   PAD
    0x200000ec        -       0x00000004   Zero   RW          324    .bss.SysControlLogic.pump_on_by_pressure_delay_timer  main.o
    0x200000f0        -       0x00000001   Zero   RW          326    .bss.SysControlLogic.pump_on_by_pressure_delay_timer_is_set  main.o
    0x200000f1   0x08016e6c   0x00000003   PAD
    0x200000f4        -       0x00000004   Zero   RW          322    .bss.SysControlLogic.time_in_seconds_prev  main.o
    0x200000f8        -       0x00000004   Zero   RW          321    .bss.SysControlLogic.uv_lamp_preheating_on_time  main.o
    0x200000fc        -       0x00000001   Zero   RW          336    .bss.Watering_on_off.out1_cycles_counter  main.o
    0x200000fd        -       0x00000001   Zero   RW          330    .bss.Watering_on_off.out1_watering_is_started  main.o
    0x200000fe        -       0x00000001   Zero   RW          337    .bss.Watering_on_off.out2_cycles_counter  main.o
    0x200000ff        -       0x00000001   Zero   RW          331    .bss.Watering_on_off.out2_watering_is_started  main.o
    0x20000100        -       0x00000001   Zero   RW          338    .bss.Watering_on_off.out3_cycles_counter  main.o
    0x20000101        -       0x00000001   Zero   RW          332    .bss.Watering_on_off.out3_watering_is_started  main.o
    0x20000102        -       0x00000001   Zero   RW          339    .bss.Watering_on_off.out4_cycles_counter  main.o
    0x20000103        -       0x00000001   Zero   RW          333    .bss.Watering_on_off.out4_watering_is_started  main.o
    0x20000104        -       0x00000001   Zero   RW          340    .bss.Watering_on_off.out5_cycles_counter  main.o
    0x20000105        -       0x00000001   Zero   RW          334    .bss.Watering_on_off.out5_watering_is_started  main.o
    0x20000106        -       0x00000001   Zero   RW          341    .bss.Watering_on_off.out6_cycles_counter  main.o
    0x20000107        -       0x00000001   Zero   RW          335    .bss.Watering_on_off.out6_watering_is_started  main.o
    0x20000108        -       0x00000004   Zero   RW          342    .bss.Watering_on_off.time_in_seconds_prev  main.o
    0x2000010c        -       0x00000014   Zero   RW          274    .bss.adc1           main.o
    0x20000120        -       0x00000024   Zero   RW          308    .bss.calib          main.o
    0x20000144        -       0x0000002c   Zero   RW          276    .bss.com1           main.o
    0x20000170        -       0x0000041c   Zero   RW          282    .bss.com1_ring_buf  main.o
    0x2000058c        -       0x0000002c   Zero   RW          281    .bss.com2           main.o
    0x200005b8        -       0x0000041c   Zero   RW          285    .bss.com2_ring_buf  main.o
    0x200009d4        -       0x0000002c   Zero   RW          280    .bss.com3           main.o
    0x20000a00        -       0x0000002c   Zero   RW          293    .bss.com4           main.o
    0x20000a2c        -       0x0000002c   Zero   RW          292    .bss.com5           main.o
    0x20000a58        -       0x00000001   Zero   RW          305    .bss.control_link_is_lost  main.o
    0x20000a59   0x08016e6c   0x00000001   PAD
    0x20000a5a        -       0x00000002   Zero   RW          304    .bss.display_brightness  main.o
    0x20000a5c        -       0x00000002   Zero   RW          303    .bss.display_brightness_timer  main.o
    0x20000a5e        -       0x00000009   Zero   RW           84    .bss.ds18_sensors   ds18b20.o
    0x20000a67   0x08016e6c   0x00000001   PAD
    0x20000a68        -       0x0000000c   Zero   RW          289    .bss.ds18b20        main.o
    0x20000a74        -       0x00000014   Zero   RW          273    .bss.e2p            main.o
    0x20000a88        -       0x00000400   Zero   RW           49    .bss.e2p_temp_buf   backup.o
    0x20000e88        -       0x00000190   Zero   RW          284    .bss.external       main.o
    0x20001018        -       0x00000004   Zero   RW          279    .bss.func_err_counter  main.o
    0x2000101c        -       0x00000030   Zero   RW          314    .bss.hadc1          main.o
    0x2000104c        -       0x00000030   Zero   RW          306    .bss.hadc2          main.o
    0x2000107c        -       0x00000008   Zero   RW          270    .bss.hcrc           main.o
    0x20001084        -       0x00000044   Zero   RW          346    .bss.hdma_adc1      main.o
    0x200010c8        -       0x00000044   Zero   RW          349    .bss.hdma_uart4_rx  main.o
    0x2000110c        -       0x00000044   Zero   RW          350    .bss.hdma_uart4_tx  main.o
    0x20001150        -       0x00000044   Zero   RW          351    .bss.hdma_usart1_rx  main.o
    0x20001194        -       0x00000044   Zero   RW          352    .bss.hdma_usart1_tx  main.o
    0x200011d8        -       0x00000044   Zero   RW          353    .bss.hdma_usart2_rx  main.o
    0x2000121c        -       0x00000044   Zero   RW          354    .bss.hdma_usart2_tx  main.o
    0x20001260        -       0x00000044   Zero   RW          355    .bss.hdma_usart3_rx  main.o
    0x200012a4        -       0x00000044   Zero   RW          356    .bss.hdma_usart3_tx  main.o
    0x200012e8        -       0x00000054   Zero   RW          271    .bss.hi2c1          main.o
    0x2000133c        -       0x00000014   Zero   RW          272    .bss.hrtc           main.o
    0x20001350        -       0x00000048   Zero   RW          315    .bss.htim4          main.o
    0x20001398        -       0x00000048   Zero   RW          283    .bss.huart1         main.o
    0x200013e0        -       0x00000048   Zero   RW          286    .bss.huart2         main.o
    0x20001428        -       0x00000048   Zero   RW          343    .bss.huart3         main.o
    0x20001470        -       0x00000048   Zero   RW          348    .bss.huart4         main.o
    0x200014b8        -       0x00000048   Zero   RW          291    .bss.huart5         main.o
    0x20001500        -       0x00000190   Zero   RW          277    .bss.jetson         main.o
    0x20001690        -       0x00000034   Zero   RW          310    .bss.last_pump_cycle  main.o
    0x200016c4        -       0x00000054   Zero   RW          278    .bss.nextion        main.o
    0x20001718        -       0x00000008   Zero   RW          138    .bss.ow_buf         onewire.o
    0x20001720        -       0x00000001   Zero   RW           83    .bss.owdevices      ds18b20.o
    0x20001721        -       0x00000001   Zero   RW          287    .bss.periph_scan_enabled  main.o
    0x20001722        -       0x00000001   Zero   RW          269    .bss.power_down_detected  main.o
    0x20001723        -       0x00000001   Zero   RW          316    .bss.power_up_detected  main.o
    0x20001724        -       0x00000004   Zero   RW          313    .bss.pumpComms      main.o
    0x20001728        -       0x00000001   Zero   RW          312    .bss.pumpState      main.o
    0x20001729   0x08016e6c   0x00000003   PAD
    0x2000172c        -       0x00000040   Zero   RW          307    .bss.stats          main.o
    0x2000176c        -       0x00000024   Zero   RW          275    .bss.sysState       main.o
    0x20001790        -       0x00000004   Zero   RW          290    .bss.temp_sensors_err_counter  main.o
    0x20001794        -       0x00000001   Zero   RW          288    .bss.time_led_is_on  main.o
    0x20001795        -       0x00000001   Zero   RW          311    .bss.uvLampState    main.o
    0x20001796   0x08016e6c   0x00000002   PAD
    0x20001798        -       0x00000004   Zero   RW          622    .bss.uwTick         stm32f1xx_hal.o
    0x2000179c        -       0x00000028   Zero   RW          309    .bss.water_ctrl     main.o
    0x200017c4   0x08016e6c   0x00000004   PAD
    0x200017c8        -       0x00000400   Zero   RW            2    HEAP                startup_stm32f103xe.o
    0x20001bc8        -       0x00000800   Zero   RW            1    STACK               startup_stm32f103xe.o


==============================================================================

Image component sizes


      Code (inc. data)   RO Data    RW Data    ZI Data      Debug   Object Name

      3252          0          0          0       1047      16363   backup.o
       720          0          0          0         11       5339   ds18b20.o
       412          0          0          0          0       3724   hex2ascii.o
     43838         26          0          0       4851      66785   main.o
      2010          0          0          0         31       7247   onewire.o
       664          0          0          0          0       3150   ring_buffer.o
        64         26        304          0       3072        804   startup_stm32f103xe.o
       188          0          0          5          4       5905   stm32f1xx_hal.o
      3476          0          0          0          0       9422   stm32f1xx_hal_adc.o
       402          0          0          0          0       7463   stm32f1xx_hal_adc_ex.o
       608          0          0          0          0       7888   stm32f1xx_hal_cortex.o
        64          0          0          0          0       2751   stm32f1xx_hal_crc.o
      3364          0          0          0          0       7347   stm32f1xx_hal_dma.o
      1472          0          0          0          0       4274   stm32f1xx_hal_gpio.o
     11808          0          0          0          0      37361   stm32f1xx_hal_i2c.o
      2726          0          0          0          0      13459   stm32f1xx_hal_msp.o
        54          0          0          0          0       3996   stm32f1xx_hal_pwr.o
      2582          0         18          0          0       7437   stm32f1xx_hal_rcc.o
       888         16         18          0          0       3256   stm32f1xx_hal_rcc_ex.o
      2448          0          0          0          0      11012   stm32f1xx_hal_rtc.o
       112          0          0          0          0       5600   stm32f1xx_hal_rtc_ex.o
      2992         14          0          0          0      35806   stm32f1xx_hal_tim.o
       256          0          0          0          0      15158   stm32f1xx_hal_tim_ex.o
      4302          0          0          0          0      20059   stm32f1xx_hal_uart.o
       350          0          0          0          0       3121   stm32f1xx_it.o
         2          0         24          4          0       1576   system_stm32f1xx.o

    ----------------------------------------------------------------------
     89296         82        398         12       9052     306303   Object Totals
         0          0         32          0          0          0   (incl. Generated)
       242          0          2          3         36          0   (incl. Padding)

    ----------------------------------------------------------------------

      Code (inc. data)   RO Data    RW Data    ZI Data      Debug   Library Member Name

         8          0          0          0          0         68   __main.o
         0          0          0          0          0          0   __rtentry.o
        12          0          0          0          0          0   __rtentry2.o
         6          0          0          0          0          0   __rtentry4.o
        94          8          0          0          0          0   __scatter.o
        26          0          0          0          0          0   __scatter_copy.o
        28          0          0          0          0          0   __scatter_zi.o
        18          0          0          0          0         80   exit.o
         6          0          0          0          0        152   heapauxi.o
         0          0          0          0          0          0   indicate_semi.o
         2          0          0          0          0          0   libinit.o
         2          0          0          0          0          0   libinit2.o
         2          0          0          0          0          0   libshutdown.o
         2          0          0          0          0          0   libshutdown2.o
         8          4          0          0         96         68   libspace.o
        78          0          0          0          0         80   rt_memclr_w.o
         2          0          0          0          0          0   rtexit.o
        10          0          0          0          0          0   rtexit2.o
        12          4          0          0          0         68   sys_exit.o
        74          0          0          0          0         80   sys_stackheap_outer.o
         2          0          0          0          0         68   use_no_semi.o
        98          4          0          0          0         92   d2f.o
        84          0          0          0          0        196   dcmp.o
        24          0          0          0          0         68   dcmpi.o
       692        140          0          0          0        216   ddiv.o
       120          4          0          0          0         92   deqf.o
        94          4          0          0          0         92   dfix.o
        84          0          0          0          0        136   dflt_clz.o
       120          4          0          0          0         92   dgeqf.o
       120          4          0          0          0         92   dleqf.o
       156          4          0          0          0         92   dnaninf.o
        12          0          0          0          0         68   dretinf.o
        86          4          0          0          0         84   f2d.o
       430          8          0          0          0        168   faddsub_clz.o
        84          0          0          0          0        196   fcmp.o
        24          0          0          0          0         68   fcmpi.o
       388         76          0          0          0         96   fdiv.o
       104          4          0          0          0         84   feqf.o
        54          4          0          0          0         84   ffix.o
        86          0          0          0          0        136   fflt_clz.o
       104          4          0          0          0         84   fgeqf.o
       104          4          0          0          0         84   fleqf.o
       258          4          0          0          0         84   fmul.o
       140          4          0          0          0         84   fnaninf.o
        10          0          0          0          0         68   fretinf.o
        96          4          0          0          0         76   frnd.o
         0          0          0          0          0          0   usenofp.o
       114          0          0          0          0         80   roundf.o

    ----------------------------------------------------------------------
      4098        296          0          0         96       3376   Library Totals
        20          0          0          0          0          0   (incl. Padding)

    ----------------------------------------------------------------------

      Code (inc. data)   RO Data    RW Data    ZI Data      Debug   Library Name

       392         16          0          0         96        664   c_w.l
      3572        280          0          0          0       2632   fz_ws.l
       114          0          0          0          0         80   m_ws.l

    ----------------------------------------------------------------------
      4098        296          0          0         96       3376   Library Totals

    ----------------------------------------------------------------------

==============================================================================


      Code (inc. data)   RO Data    RW Data    ZI Data      Debug   

     93394        378        398         12       9148     307599   Grand Totals
     93394        378        398         12       9148     307599   ELF Image Totals
     93394        378        398         12          0          0   ROM Totals

==============================================================================

    Total RO  Size (Code + RO Data)                93792 (  91.59kB)
    Total RW  Size (RW Data + ZI Data)              9160 (   8.95kB)
    Total ROM Size (Code + RO Data + RW Data)      93804 (  91.61kB)

==============================================================================

