Component: Arm Compiler for Embedded 6.18 Tool: armlink [5e4cc100]

==============================================================================

Section Cross References

    startup_stm32f103xe.o(STACK) refers (Special) to heapauxi.o(.text) for __use_two_region_memory
    startup_stm32f103xe.o(HEAP) refers (Special) to heapauxi.o(.text) for __use_two_region_memory
    startup_stm32f103xe.o(RESET) refers (Special) to heapauxi.o(.text) for __use_two_region_memory
    startup_stm32f103xe.o(RESET) refers to startup_stm32f103xe.o(STACK) for __initial_sp
    startup_stm32f103xe.o(RESET) refers to startup_stm32f103xe.o(.text) for Reset_Handler
    startup_stm32f103xe.o(RESET) refers to stm32f1xx_it.o(.text.NMI_Handler) for NMI_Handler
    startup_stm32f103xe.o(RESET) refers to stm32f1xx_it.o(.text.HardFault_Handler) for HardFault_Handler
    startup_stm32f103xe.o(RESET) refers to stm32f1xx_it.o(.text.MemManage_Handler) for MemManage_Handler
    startup_stm32f103xe.o(RESET) refers to stm32f1xx_it.o(.text.BusFault_Handler) for BusFault_Handler
    startup_stm32f103xe.o(RESET) refers to stm32f1xx_it.o(.text.UsageFault_Handler) for UsageFault_Handler
    startup_stm32f103xe.o(RESET) refers to stm32f1xx_it.o(.text.SVC_Handler) for SVC_Handler
    startup_stm32f103xe.o(RESET) refers to stm32f1xx_it.o(.text.DebugMon_Handler) for DebugMon_Handler
    startup_stm32f103xe.o(RESET) refers to stm32f1xx_it.o(.text.PendSV_Handler) for PendSV_Handler
    startup_stm32f103xe.o(RESET) refers to stm32f1xx_it.o(.text.SysTick_Handler) for SysTick_Handler
    startup_stm32f103xe.o(RESET) refers to stm32f1xx_it.o(.text.PVD_IRQHandler) for PVD_IRQHandler
    startup_stm32f103xe.o(RESET) refers to stm32f1xx_it.o(.text.EXTI3_IRQHandler) for EXTI3_IRQHandler
    startup_stm32f103xe.o(RESET) refers to stm32f1xx_it.o(.text.DMA1_Channel1_IRQHandler) for DMA1_Channel1_IRQHandler
    startup_stm32f103xe.o(RESET) refers to stm32f1xx_it.o(.text.DMA1_Channel2_IRQHandler) for DMA1_Channel2_IRQHandler
    startup_stm32f103xe.o(RESET) refers to stm32f1xx_it.o(.text.DMA1_Channel3_IRQHandler) for DMA1_Channel3_IRQHandler
    startup_stm32f103xe.o(RESET) refers to stm32f1xx_it.o(.text.DMA1_Channel4_IRQHandler) for DMA1_Channel4_IRQHandler
    startup_stm32f103xe.o(RESET) refers to stm32f1xx_it.o(.text.DMA1_Channel5_IRQHandler) for DMA1_Channel5_IRQHandler
    startup_stm32f103xe.o(RESET) refers to stm32f1xx_it.o(.text.DMA1_Channel6_IRQHandler) for DMA1_Channel6_IRQHandler
    startup_stm32f103xe.o(RESET) refers to stm32f1xx_it.o(.text.DMA1_Channel7_IRQHandler) for DMA1_Channel7_IRQHandler
    startup_stm32f103xe.o(RESET) refers to stm32f1xx_it.o(.text.ADC1_2_IRQHandler) for ADC1_2_IRQHandler
    startup_stm32f103xe.o(RESET) refers to stm32f1xx_it.o(.text.I2C1_EV_IRQHandler) for I2C1_EV_IRQHandler
    startup_stm32f103xe.o(RESET) refers to stm32f1xx_it.o(.text.I2C1_ER_IRQHandler) for I2C1_ER_IRQHandler
    startup_stm32f103xe.o(RESET) refers to stm32f1xx_it.o(.text.USART1_IRQHandler) for USART1_IRQHandler
    startup_stm32f103xe.o(RESET) refers to stm32f1xx_it.o(.text.USART2_IRQHandler) for USART2_IRQHandler
    startup_stm32f103xe.o(RESET) refers to stm32f1xx_it.o(.text.USART3_IRQHandler) for USART3_IRQHandler
    startup_stm32f103xe.o(RESET) refers to stm32f1xx_it.o(.text.UART4_IRQHandler) for UART4_IRQHandler
    startup_stm32f103xe.o(RESET) refers to stm32f1xx_it.o(.text.UART5_IRQHandler) for UART5_IRQHandler
    startup_stm32f103xe.o(RESET) refers to stm32f1xx_it.o(.text.DMA2_Channel3_IRQHandler) for DMA2_Channel3_IRQHandler
    startup_stm32f103xe.o(RESET) refers to stm32f1xx_it.o(.text.DMA2_Channel4_5_IRQHandler) for DMA2_Channel4_5_IRQHandler
    startup_stm32f103xe.o(.text) refers (Special) to heapauxi.o(.text) for __use_two_region_memory
    startup_stm32f103xe.o(.text) refers to system_stm32f1xx.o(.text.SystemInit) for SystemInit
    startup_stm32f103xe.o(.text) refers to __main.o(!!!main) for __main
    startup_stm32f103xe.o(.text) refers to startup_stm32f103xe.o(HEAP) for Heap_Mem
    startup_stm32f103xe.o(.text) refers to startup_stm32f103xe.o(STACK) for Stack_Mem
    backup.o(.text.Backup_register_write) refers to stm32f1xx_hal_rtc_ex.o(.text.HAL_RTCEx_BKUPWrite) for HAL_RTCEx_BKUPWrite
    backup.o(.ARM.exidx.text.Backup_register_write) refers to backup.o(.text.Backup_register_write) for [Anonymous Symbol]
    backup.o(.text.Backup_register_read) refers to stm32f1xx_hal_rtc_ex.o(.text.HAL_RTCEx_BKUPRead) for HAL_RTCEx_BKUPRead
    backup.o(.ARM.exidx.text.Backup_register_read) refers to backup.o(.text.Backup_register_read) for [Anonymous Symbol]
    backup.o(.text.Backup_all_data) refers to backup.o(.text.Prepare_e2p_buf) for Prepare_e2p_buf
    backup.o(.text.Backup_all_data) refers to backup.o(.bss.e2p_temp_buf) for e2p_temp_buf
    backup.o(.text.Backup_all_data) refers to backup.o(.text.Write_to_e2p) for Write_to_e2p
    backup.o(.ARM.exidx.text.Backup_all_data) refers to backup.o(.text.Backup_all_data) for [Anonymous Symbol]
[...]
    __rt_exit                                0x080001bf   Thumb Code     0  rtexit.o(.ARM.Collect$$rtexit$$00000000)
    __rt_exit_ls                             0x080001c1   Thumb Code     0  rtexit2.o(.ARM.Collect$$rtexit$$00000003)
    __rt_exit_prels_1                        0x080001c1   Thumb Code     0  rtexit2.o(.ARM.Collect$$rtexit$$00000002)
    __rt_exit_exit                           0x080001c5   Thumb Code     0  rtexit2.o(.ARM.Collect$$rtexit$$00000004)
    Reset_Handler                            0x080001cd   Thumb Code     8  startup_stm32f103xe.o(.text)
    ADC3_IRQHandler                          0x080001e7   Thumb Code     0  startup_stm32f103xe.o(.text)
    CAN1_RX1_IRQHandler                      0x080001e7   Thumb Code     0  startup_stm32f103xe.o(.text)
    CAN1_SCE_IRQHandler                      0x080001e7   Thumb Code     0  startup_stm32f103xe.o(.text)
    DMA2_Channel1_IRQHandler                 0x080001e7   Thumb Code     0  startup_stm32f103xe.o(.text)
    DMA2_Channel2_IRQHandler                 0x080001e7   Thumb Code     0  startup_stm32f103xe.o(.text)
    EXTI0_IRQHandler                         0x080001e7   Thumb Code     0  startup_stm32f103xe.o(.text)
    EXTI15_10_IRQHandler                     0x080001e7   Thumb Code     0  startup_stm32f103xe.o(.text)
    EXTI1_IRQHandler                         0x080001e7   Thumb Code     0  startup_stm32f103xe.o(.text)
    EXTI2_IRQHandler                         0x080001e7   Thumb Code     0  startup_stm32f103xe.o(.text)
    EXTI4_IRQHandler                         0x080001e7   Thumb Code     0  startup_stm32f103xe.o(.text)
    EXTI9_5_IRQHandler                       0x080001e7   Thumb Code     0  startup_stm32f103xe.o(.text)
    FLASH_IRQHandler                         0x080001e7   Thumb Code     0  startup_stm32f103xe.o(.text)
    FSMC_IRQHandler                          0x080001e7   Thumb Code     0  startup_stm32f103xe.o(.text)
    I2C2_ER_IRQHandler                       0x080001e7   Thumb Code     0  startup_stm32f103xe.o(.text)
    I2C2_EV_IRQHandler                       0x080001e7   Thumb Code     0  startup_stm32f103xe.o(.text)
    RCC_IRQHandler                           0x080001e7   Thumb Code     0  startup_stm32f103xe.o(.text)
    RTC_Alarm_IRQHandler                     0x080001e7   Thumb Code     0  startup_stm32f103xe.o(.text)
    RTC_IRQHandler                           0x080001e7   Thumb Code     0  startup_stm32f103xe.o(.text)
    SDIO_IRQHandler                          0x080001e7   Thumb Code     0  startup_stm32f103xe.o(.text)
    SPI1_IRQHandler                          0x080001e7   Thumb Code     0  startup_stm32f103xe.o(.text)
    SPI2_IRQHandler                          0x080001e7   Thumb Code     0  startup_stm32f103xe.o(.text)
    SPI3_IRQHandler                          0x080001e7   Thumb Code     0  startup_stm32f103xe.o(.text)
    TAMPER_IRQHandler                        0x080001e7   Thumb Code     0  startup_stm32f103xe.o(.text)
    TIM1_BRK_IRQHandler                      0x080001e7   Thumb Code     0  startup_stm32f103xe.o(.text)
    TIM1_CC_IRQHandler                       0x080001e7   Thumb Code     0  startup_stm32f103xe.o(.text)
    TIM1_TRG_COM_IRQHandler                  0x080001e7   Thumb Code     0  startup_stm32f103xe.o(.text)
    TIM1_UP_IRQHandler                       0x080001e7   Thumb Code     0  startup_stm32f103xe.o(.text)
    TIM2_IRQHandler                          0x080001e7   Thumb Code     0  startup_stm32f103xe.o(.text)
    TIM3_IRQHandler                          0x080001e7   Thumb Code     0  startup_stm32f103xe.o(.text)
    TIM4_IRQHandler                          0x080001e7   Thumb Code     0  startup_stm32f103xe.o(.text)
    TIM5_IRQHandler                          0x080001e7   Thumb Code     0  startup_stm32f103xe.o(.text)
    TIM6_IRQHandler                          0x080001e7   Thumb Code     0  startup_stm32f103xe.o(.text)
    TIM7_IRQHandler                          0x080001e7   Thumb Code     0  startup_stm32f103xe.o(.text)
    TIM8_BRK_IRQHandler                      0x080001e7   Thumb Code     0  startup_stm32f103xe.o(.text)
    TIM8_CC_IRQHandler                       0x080001e7   Thumb Code     0  startup_stm32f103xe.o(.text)
    TIM8_TRG_COM_IRQHandler                  0x080001e7   Thumb Code     0  startup_stm32f103xe.o(.text)
    TIM8_UP_IRQHandler                       0x080001e7   Thumb Code     0  startup_stm32f103xe.o(.text)
    USBWakeUp_IRQHandler                     0x080001e7   Thumb Code     0  startup_stm32f103xe.o(.text)
    USB_HP_CAN1_TX_IRQHandler                0x080001e7   Thumb Code     0  startup_stm32f103xe.o(.text)
    USB_LP_CAN1_RX0_IRQHandler               0x080001e7   Thumb Code     0  startup_stm32f103xe.o(.text)
    WWDG_IRQHandler                          0x080001e7   Thumb Code     0  startup_stm32f103xe.o(.text)
    __user_initial_stackheap                 0x080001e9   Thumb Code     0  startup_stm32f103xe.o(.text)
    __aeabi_memclr                           0x0800020d   Thumb Code     0  rt_memclr.o(.text)
    __rt_memclr                              0x0800020d   Thumb Code     0  rt_memclr.o(.text)
    _memset                                  0x08000211   Thumb Code    64  rt_memclr.o(.text)
    __aeabi_memclr4                          0x08000251   Thumb Code     0  rt_memclr_w.o(.text)
    __aeabi_memclr8                          0x08000251   Thumb Code     0  rt_memclr_w.o(.text)
    __rt_memclr_w                            0x08000251   Thumb Code     0  rt_memclr_w.o(.text)
    _memset_w                                0x08000255   Thumb Code    74  rt_memclr_w.o(.text)
    __use_two_region_memory                  0x0800029f   Thumb Code     2  heapauxi.o(.text)
    __rt_heap_escrow$2region                 0x080002a1   Thumb Code     2  heapauxi.o(.text)
    __rt_heap_expand$2region                 0x080002a3   Thumb Code     2  heapauxi.o(.text)
    __user_setup_stackheap                   0x080002a5   Thumb Code    74  sys_stackheap_outer.o(.text)
    exit                                     0x080002ef   Thumb Code    18  exit.o(.text)
    __user_libspace                          0x08000301   Thumb Code     8  libspace.o(.text)
    __user_perproc_libspace                  0x08000301   Thumb Code     0  libspace.o(.text)
    __user_perthread_libspace                0x08000301   Thumb Code     0  libspace.o(.text)
    _sys_exit                                0x08000309   Thumb Code     8  sys_exit.o(.text)
    __I$use$semihosting                      0x08000315   Thumb Code     0  use_no_semi.o(.text)
    __use_no_semihosting_swi                 0x08000315   Thumb Code     2  use_no_semi.o(.text)
    ADC1_2_IRQHandler                        0x08000317   Thumb Code    30  stm32f1xx_it.o(.text.ADC1_2_IRQHandler)
    __semihosting_library_function           0x08000317   Thumb Code     0  indicate_semi.o(.text)
    ADC_ConversionStop_Disable               0x08000335   Thumb Code    84  stm32f1xx_hal_adc.o(.text.ADC_ConversionStop_Disable)
    ADC_DMAConvCplt                          0x08000389   Thumb Code    80  stm32f1xx_hal_adc.o(.text.ADC_DMAConvCplt)
    ADC_DMAError                             0x080003d9   Thumb Code    22  stm32f1xx_hal_adc.o(.text.ADC_DMAError)
    ADC_DMAHalfConvCplt                      0x080003ef   Thumb Code     6  stm32f1xx_hal_adc.o(.text.ADC_DMAHalfConvCplt)
    ADC_Enable                               0x080003f5   Thumb Code   136  stm32f1xx_hal_adc.o(.text.ADC_Enable)
    Backup_all_data                          0x0800047d   Thumb Code    42  backup.o(.text.Backup_all_data)
    Buffer_bytes_swap                        0x080004a9   Thumb Code    44  hex2ascii.o(.text.Buffer_bytes_swap)
    BusFault_Handler                         0x080004d5   Thumb Code     2  stm32f1xx_it.o(.text.BusFault_Handler)
    Check_crc32                              0x080004d9   Thumb Code   152  backup.o(.text.Check_crc32)
    Com_rxd_handler                          0x08000571   Thumb Code    80  main.o(.text.Com_rxd_handler)
    Copy_buf_random_address                  0x080005c1   Thumb Code    32  main.o(.text.Copy_buf_random_address)
    DMA1_Channel1_IRQHandler                 0x080005e1   Thumb Code    12  stm32f1xx_it.o(.text.DMA1_Channel1_IRQHandler)
    DMA1_Channel2_IRQHandler                 0x080005ed   Thumb Code    12  stm32f1xx_it.o(.text.DMA1_Channel2_IRQHandler)
    DMA1_Channel3_IRQHandler                 0x080005f9   Thumb Code    12  stm32f1xx_it.o(.text.DMA1_Channel3_IRQHandler)
    DMA1_Channel4_IRQHandler                 0x08000605   Thumb Code    12  stm32f1xx_it.o(.text.DMA1_Channel4_IRQHandler)
    DMA1_Channel5_IRQHandler                 0x08000611   Thumb Code    12  stm32f1xx_it.o(.text.DMA1_Channel5_IRQHandler)
    DMA1_Channel6_IRQHandler                 0x0800061d   Thumb Code    12  stm32f1xx_it.o(.text.DMA1_Channel6_IRQHandler)
    DMA1_Channel7_IRQHandler                 0x08000629   Thumb Code    12  stm32f1xx_it.o(.text.DMA1_Channel7_IRQHandler)
    DMA2_Channel3_IRQHandler                 0x08000635   Thumb Code    12  stm32f1xx_it.o(.text.DMA2_Channel3_IRQHandler)
    DMA2_Channel4_5_IRQHandler               0x08000641   Thumb Code    12  stm32f1xx_it.o(.text.DMA2_Channel4_5_IRQHandler)
    DebugMon_Handler                         0x0800064d   Thumb Code     2  stm32f1xx_it.o(.text.DebugMon_Handler)
    EXTI3_IRQHandler                         0x0800064f   Thumb Code     6  stm32f1xx_it.o(.text.EXTI3_IRQHandler)
    Error_Handler                            0x08000655   Thumb Code    80  main.o(.text.Error_Handler)
    External_if_rxd_handler                  0x080006a5   Thumb Code    62  main.o(.text.External_if_rxd_handler)
    Get_average_pressure_value               0x080006e3   Thumb Code    84  main.o(.text.Get_average_pressure_value)
    Get_time_in_sec                          0x08000737   Thumb Code    60  backup.o(.text.Get_time_in_sec)
    HAL_ADCEx_Calibration_Start              0x08000775   Thumb Code   228  stm32f1xx_hal_adc_ex.o(.text.HAL_ADCEx_Calibration_Start)
    HAL_ADCEx_InjectedConvCpltCallback       0x08000859   Thumb Code     2  stm32f1xx_hal_adc_ex.o(.text.HAL_ADCEx_InjectedConvCpltCallback)
    HAL_ADC_AnalogWDGConfig                  0x0800085b   Thumb Code    84  stm32f1xx_hal_adc.o(.text.HAL_ADC_AnalogWDGConfig)
    HAL_ADC_ConfigChannel                    0x080008b1   Thumb Code   330  stm32f1xx_hal_adc.o(.text.HAL_ADC_ConfigChannel)
    HAL_ADC_ConvCpltCallback                 0x080009fb   Thumb Code    32  main.o(.text.HAL_ADC_ConvCpltCallback)
    HAL_ADC_ConvHalfCpltCallback             0x08000a1b   Thumb Code     2  stm32f1xx_hal_adc.o(.text.HAL_ADC_ConvHalfCpltCallback)
    HAL_ADC_DeInit                           0x08000a1d   Thumb Code   206  stm32f1xx_hal_adc.o(.text.HAL_ADC_DeInit)
    HAL_ADC_ErrorCallback                    0x08000aeb   Thumb Code     2  stm32f1xx_hal_adc.o(.text.HAL_ADC_ErrorCallback)
    HAL_ADC_GetValue                         0x08000aed   Thumb Code     6  stm32f1xx_hal_adc.o(.text.HAL_ADC_GetValue)
    HAL_ADC_IRQHandler                       0x08000af3   Thumb Code   246  stm32f1xx_hal_adc.o(.text.HAL_ADC_IRQHandler)
    HAL_ADC_Init                             0x08000be9   Thumb Code   284  stm32f1xx_hal_adc.o(.text.HAL_ADC_Init)
    HAL_ADC_LevelOutOfWindowCallback         0x08000d05   Thumb Code    96  main.o(.text.HAL_ADC_LevelOutOfWindowCallback)
    HAL_ADC_MspDeInit                        0x08000d65   Thumb Code   106  stm32f1xx_hal_msp.o(.text.HAL_ADC_MspDeInit)
    HAL_ADC_MspInit                          0x08000dcf   Thumb Code   262  stm32f1xx_hal_msp.o(.text.HAL_ADC_MspInit)
    HAL_ADC_Start                            0x08000ed5   Thumb Code   194  stm32f1xx_hal_adc.o(.text.HAL_ADC_Start)
    HAL_ADC_Start_DMA                        0x08000f97   Thumb Code   276  stm32f1xx_hal_adc.o(.text.HAL_ADC_Start_DMA)
    HAL_CRC_Init                             0x080010ab   Thumb Code    32  stm32f1xx_hal_crc.o(.text.HAL_CRC_Init)
    HAL_CRC_MspInit                          0x080010cb   Thumb Code    46  stm32f1xx_hal_msp.o(.text.HAL_CRC_MspInit)
    HAL_DMA_Abort                            0x080010f9   Thumb Code    64  stm32f1xx_hal_dma.o(.text.HAL_DMA_Abort)
    HAL_DMA_Abort_IT                         0x08001139   Thumb Code   270  stm32f1xx_hal_dma.o(.text.HAL_DMA_Abort_IT)
    HAL_DMA_DeInit                           0x08001247   Thumb Code   144  stm32f1xx_hal_dma.o(.text.HAL_DMA_DeInit)
    HAL_DMA_GetState                         0x080012d7   Thumb Code     6  stm32f1xx_hal_dma.o(.text.HAL_DMA_GetState)
    HAL_DMA_IRQHandler                       0x080012dd   Thumb Code   606  stm32f1xx_hal_dma.o(.text.HAL_DMA_IRQHandler)
    HAL_DMA_Init                             0x0800153b   Thumb Code   140  stm32f1xx_hal_dma.o(.text.HAL_DMA_Init)
    HAL_DMA_Start_IT                         0x080015c7   Thumb Code   154  stm32f1xx_hal_dma.o(.text.HAL_DMA_Start_IT)
    HAL_Delay                                0x08001661   Thumb Code    52  main.o(.text.HAL_Delay)
    HAL_GPIO_DeInit                          0x08001695   Thumb Code   234  stm32f1xx_hal_gpio.o(.text.HAL_GPIO_DeInit)
    HAL_GPIO_EXTI_Callback                   0x0800177f   Thumb Code   106  main.o(.text.HAL_GPIO_EXTI_Callback)
    HAL_GPIO_EXTI_IRQHandler                 0x080017e9   Thumb Code    22  stm32f1xx_hal_gpio.o(.text.HAL_GPIO_EXTI_IRQHandler)
    HAL_GPIO_Init                            0x08001801   Thumb Code   486  stm32f1xx_hal_gpio.o(.text.HAL_GPIO_Init)
    HAL_GPIO_ReadPin                         0x080019e7   Thumb Code    10  stm32f1xx_hal_gpio.o(.text.HAL_GPIO_ReadPin)
    HAL_GPIO_WritePin                        0x080019f1   Thumb Code    10  stm32f1xx_hal_gpio.o(.text.HAL_GPIO_WritePin)
    HAL_GetTick                              0x080019fb   Thumb Code    12  stm32f1xx_hal.o(.text.HAL_GetTick)
    HAL_HalfDuplex_Init                      0x08001a07   Thumb Code   100  stm32f1xx_hal_uart.o(.text.HAL_HalfDuplex_Init)
    HAL_I2C_AbortCpltCallback                0x08001a6b   Thumb Code     2  stm32f1xx_hal_i2c.o(.text.HAL_I2C_AbortCpltCallback)
    HAL_I2C_AddrCallback                     0x08001a6d   Thumb Code     2  stm32f1xx_hal_i2c.o(.text.HAL_I2C_AddrCallback)
    HAL_I2C_ER_IRQHandler                    0x08001a6f   Thumb Code   326  stm32f1xx_hal_i2c.o(.text.HAL_I2C_ER_IRQHandler)
    HAL_I2C_EV_IRQHandler                    0x08001bb5   Thumb Code  1542  stm32f1xx_hal_i2c.o(.text.HAL_I2C_EV_IRQHandler)
    HAL_I2C_ErrorCallback                    0x080021bb   Thumb Code     2  stm32f1xx_hal_i2c.o(.text.HAL_I2C_ErrorCallback)
    HAL_I2C_Init                             0x080021bd   Thumb Code   366  stm32f1xx_hal_i2c.o(.text.HAL_I2C_Init)
    HAL_I2C_IsDeviceReady                    0x0800232d   Thumb Code   426  stm32f1xx_hal_i2c.o(.text.HAL_I2C_IsDeviceReady)
    HAL_I2C_ListenCpltCallback               0x080024d7   Thumb Code     2  stm32f1xx_hal_i2c.o(.text.HAL_I2C_ListenCpltCallback)
    HAL_I2C_MasterRxCpltCallback             0x080024d9   Thumb Code     2  stm32f1xx_hal_i2c.o(.text.HAL_I2C_MasterRxCpltCallback)
    HAL_I2C_MasterTxCpltCallback             0x080024db   Thumb Code     2  stm32f1xx_hal_i2c.o(.text.HAL_I2C_MasterTxCpltCallback)
    HAL_I2C_MemRxCpltCallback                0x080024dd   Thumb Code     2  stm32f1xx_hal_i2c.o(.text.HAL_I2C_MemRxCpltCallback)
    HAL_I2C_MemTxCpltCallback                0x080024df   Thumb Code     2  stm32f1xx_hal_i2c.o(.text.HAL_I2C_MemTxCpltCallback)
    HAL_I2C_Mem_Read                         0x080024e1   Thumb Code   710  stm32f1xx_hal_i2c.o(.text.HAL_I2C_Mem_Read)
    HAL_I2C_Mem_Write                        0x080027a9   Thumb Code   288  stm32f1xx_hal_i2c.o(.text.HAL_I2C_Mem_Write)
    HAL_I2C_MspInit                          0x080028c9   Thumb Code   124  stm32f1xx_hal_msp.o(.text.HAL_I2C_MspInit)
    HAL_I2C_SlaveRxCpltCallback              0x08002945   Thumb Code     2  stm32f1xx_hal_i2c.o(.text.HAL_I2C_SlaveRxCpltCallback)
    HAL_I2C_SlaveTxCpltCallback              0x08002947   Thumb Code     2  stm32f1xx_hal_i2c.o(.text.HAL_I2C_SlaveTxCpltCallback)
    HAL_IncTick                              0x08002949   Thumb Code    26  stm32f1xx_hal.o(.text.HAL_IncTick)
    HAL_Init                                 0x08002963   Thumb Code    38  stm32f1xx_hal.o(.text.HAL_Init)
    HAL_InitTick                             0x08002989   Thumb Code    80  stm32f1xx_hal.o(.text.HAL_InitTick)
    HAL_MspInit                              0x080029d9   Thumb Code    84  stm32f1xx_hal_msp.o(.text.HAL_MspInit)
    HAL_NVIC_DisableIRQ                      0x08002a2d   Thumb Code    38  stm32f1xx_hal_cortex.o(.text.HAL_NVIC_DisableIRQ)
    HAL_NVIC_EnableIRQ                       0x08002a53   Thumb Code    30  stm32f1xx_hal_cortex.o(.text.HAL_NVIC_EnableIRQ)
    HAL_NVIC_SetPriority                     0x08002a71   Thumb Code    86  stm32f1xx_hal_cortex.o(.text.HAL_NVIC_SetPriority)
    HAL_NVIC_SetPriorityGrouping             0x08002ac7   Thumb Code    32  stm32f1xx_hal_cortex.o(.text.HAL_NVIC_SetPriorityGrouping)
    HAL_NVIC_SystemReset                     0x08002ae7   Thumb Code     4  stm32f1xx_hal_cortex.o(.text.HAL_NVIC_SystemReset)
    HAL_PWR_EnableBkUpAccess                 0x08002aeb   Thumb Code    12  stm32f1xx_hal_pwr.o(.text.HAL_PWR_EnableBkUpAccess)
    HAL_PWR_PVDCallback                      0x08002af7   Thumb Code    14  main.o(.text.HAL_PWR_PVDCallback)
    HAL_PWR_PVD_IRQHandler                   0x08002b05   Thumb Code    30  stm32f1xx_hal_pwr.o(.text.HAL_PWR_PVD_IRQHandler)
    HAL_RCCEx_GetPeriphCLKFreq               0x08002b25   Thumb Code   236  stm32f1xx_hal_rcc_ex.o(.text.HAL_RCCEx_GetPeriphCLKFreq)
    HAL_RCCEx_PeriphCLKConfig                0x08002c25   Thumb Code   242  stm32f1xx_hal_rcc_ex.o(.text.HAL_RCCEx_PeriphCLKConfig)
    HAL_RCC_ClockConfig                      0x08002d19   Thumb Code   364  stm32f1xx_hal_rcc.o(.text.HAL_RCC_ClockConfig)
    HAL_RCC_GetPCLK1Freq                     0x08002e85   Thumb Code    38  stm32f1xx_hal_rcc.o(.text.HAL_RCC_GetPCLK1Freq)
    HAL_RCC_GetPCLK2Freq                     0x08002eab   Thumb Code    38  stm32f1xx_hal_rcc.o(.text.HAL_RCC_GetPCLK2Freq)
    HAL_RCC_GetSysClockFreq                  0x08002ed1   Thumb Code    88  stm32f1xx_hal_rcc.o(.text.HAL_RCC_GetSysClockFreq)
    HAL_RCC_OscConfig                        0x08002f3d   Thumb Code   864  stm32f1xx_hal_rcc.o(.text.HAL_RCC_OscConfig)
    HAL_RTCEx_SetSmoothCalib                 0x0800329d   Thumb Code    48  stm32f1xx_hal_rtc_ex.o(.text.HAL_RTCEx_SetSmoothCalib)
    HAL_RTC_GetTime                          0x080032cd   Thumb Code   366  stm32f1xx_hal_rtc.o(.text.HAL_RTC_GetTime)
    HAL_RTC_Init                             0x0800343b   Thumb Code   160  stm32f1xx_hal_rtc.o(.text.HAL_RTC_Init)
    HAL_RTC_MspInit                          0x080034db   Thumb Code    64  stm32f1xx_hal_msp.o(.text.HAL_RTC_MspInit)
    HAL_RTC_SetTime                          0x0800351b   Thumb Code   196  stm32f1xx_hal_rtc.o(.text.HAL_RTC_SetTime)
    HAL_RTC_WaitForSynchro                   0x080035e1   Thumb Code    56  stm32f1xx_hal_rtc.o(.text.HAL_RTC_WaitForSynchro)
    HAL_SYSTICK_Callback                     0x08003619   Thumb Code   528  main.o(.text.HAL_SYSTICK_Callback)
    HAL_SYSTICK_Config                       0x08003829   Thumb Code    44  stm32f1xx_hal_cortex.o(.text.HAL_SYSTICK_Config)
    HAL_SYSTICK_IRQHandler                   0x08003855   Thumb Code     4  stm32f1xx_hal_cortex.o(.text.HAL_SYSTICK_IRQHandler)
    HAL_TIMEx_MasterConfigSynchronization    0x08003859   Thumb Code   140  stm32f1xx_hal_tim_ex.o(.text.HAL_TIMEx_MasterConfigSynchronization)
    HAL_TIM_Base_DeInit                      0x080038e5   Thumb Code    96  stm32f1xx_hal_tim.o(.text.HAL_TIM_Base_DeInit)
    HAL_TIM_Base_Init                        0x08003945   Thumb Code    88  stm32f1xx_hal_tim.o(.text.HAL_TIM_Base_Init)
    HAL_TIM_Base_MspDeInit                   0x0800399d   Thumb Code    34  stm32f1xx_hal_msp.o(.text.HAL_TIM_Base_MspDeInit)
    HAL_TIM_Base_MspInit                     0x080039bf   Thumb Code    46  stm32f1xx_hal_msp.o(.text.HAL_TIM_Base_MspInit)
    HAL_TIM_ConfigClockSource                0x080039ed   Thumb Code   398  stm32f1xx_hal_tim.o(.text.HAL_TIM_ConfigClockSource)
    HAL_TIM_OC_ConfigChannel                 0x08003b7d   Thumb Code    80  stm32f1xx_hal_tim.o(.text.HAL_TIM_OC_ConfigChannel)
    HAL_TIM_OC_Init                          0x08003bcd   Thumb Code    88  stm32f1xx_hal_tim.o(.text.HAL_TIM_OC_Init)
    HAL_TIM_OC_MspInit                       0x08003c25   Thumb Code     2  stm32f1xx_hal_tim.o(.text.HAL_TIM_OC_MspInit)
    HAL_TIM_OC_Start                         0x08003c27   Thumb Code   214  stm32f1xx_hal_tim.o(.text.HAL_TIM_OC_Start)
    HAL_UARTEx_RxEventCallback               0x08003cfd   Thumb Code     2  stm32f1xx_hal_uart.o(.text.HAL_UARTEx_RxEventCallback)
    HAL_UART_DeInit                          0x08003cff   Thumb Code    52  stm32f1xx_hal_uart.o(.text.HAL_UART_DeInit)
    HAL_UART_ErrorCallback                   0x08003d33   Thumb Code    92  main.o(.text.HAL_UART_ErrorCallback)
    HAL_UART_IRQHandler                      0x08003d8f   Thumb Code   610  stm32f1xx_hal_uart.o(.text.HAL_UART_IRQHandler)
    HAL_UART_Init                            0x08003ff1   Thumb Code    92  stm32f1xx_hal_uart.o(.text.HAL_UART_Init)
    HAL_UART_MspDeInit                       0x0800404d   Thumb Code   330  stm32f1xx_hal_msp.o(.text.HAL_UART_MspDeInit)
    HAL_UART_MspInit                         0x08004197   Thumb Code  1050  stm32f1xx_hal_msp.o(.text.HAL_UART_MspInit)
    HAL_UART_Receive_DMA                     0x080045b1   Thumb Code    48  stm32f1xx_hal_uart.o(.text.HAL_UART_Receive_DMA)
    HAL_UART_Receive_IT                      0x080045e1   Thumb Code    80  stm32f1xx_hal_uart.o(.text.HAL_UART_Receive_IT)
    HAL_UART_RxCpltCallback                  0x08004631   Thumb Code   248  main.o(.text.HAL_UART_RxCpltCallback)
    HAL_UART_RxHalfCpltCallback              0x08004729   Thumb Code     2  stm32f1xx_hal_uart.o(.text.HAL_UART_RxHalfCpltCallback)
    HAL_UART_Transmit                        0x0800472d   Thumb Code   190  stm32f1xx_hal_uart.o(.text.HAL_UART_Transmit)
    HAL_UART_Transmit_DMA                    0x080047eb   Thumb Code   122  stm32f1xx_hal_uart.o(.text.HAL_UART_Transmit_DMA)
    HAL_UART_TxCpltCallback                  0x08004865   Thumb Code   132  main.o(.text.HAL_UART_TxCpltCallback)
    HAL_UART_TxHalfCpltCallback              0x080048e9   Thumb Code     2  stm32f1xx_hal_uart.o(.text.HAL_UART_TxHalfCpltCallback)
    HardFault_Handler                        0x080048ed   Thumb Code     2  stm32f1xx_it.o(.text.HardFault_Handler)
    Hex2Dec2ASCII                            0x080048ef   Thumb Code   204  hex2ascii.o(.text.Hex2Dec2ASCII)
    I2C1_ER_IRQHandler                       0x080049bb   Thumb Code    12  stm32f1xx_it.o(.text.I2C1_ER_IRQHandler)
    I2C1_EV_IRQHandler                       0x080049c7   Thumb Code    12  stm32f1xx_it.o(.text.I2C1_EV_IRQHandler)
    Init_sequence                            0x080053b5   Thumb Code   738  main.o(.text.Init_sequence)
    Init_string_to_nextion                   0x08005697   Thumb Code  1448  main.o(.text.Init_string_to_nextion)
    Leds_on_off                              0x08005c3f   Thumb Code    86  main.o(.text.Leds_on_off)
    Link_ow_com_port_to_real                 0x08005c95   Thumb Code    84  onewire.o(.text.Link_ow_com_port_to_real)
    Make_temperature_statistics              0x08005ce9   Thumb Code   150  backup.o(.text.Make_temperature_statistics)
    Make_time_correction_and_day_inc         0x08005d7f   Thumb Code   132  backup.o(.text.Make_time_correction_and_day_inc)
    Make_water_using_statistics              0x08005e03   Thumb Code   112  backup.o(.text.Make_water_using_statistics)
    MemManage_Handler                        0x08005e75   Thumb Code     2  stm32f1xx_it.o(.text.MemManage_Handler)
    NMI_Handler                              0x08005e79   Thumb Code     2  stm32f1xx_it.o(.text.NMI_Handler)
    Nextion_received_data_handler            0x08005e7b   Thumb Code   106  main.o(.text.Nextion_received_data_handler)
    OW_Init                                  0x08005ee5   Thumb Code    60  onewire.o(.text.OW_Init)
    OW_Reset                                 0x08005f55   Thumb Code   206  onewire.o(.text.OW_Reset)
    OW_Search                                0x08006025   Thumb Code   358  onewire.o(.text.OW_Search)
    OW_Send                                  0x0800618d   Thumb Code   266  onewire.o(.text.OW_Send)
    PVD_IRQHandler                           0x080062f9   Thumb Code     4  stm32f1xx_it.o(.text.PVD_IRQHandler)
    Parsing_nextion_display_string           0x080062fd   Thumb Code  2954  main.o(.text.Parsing_nextion_display_string)
    PendSV_Handler                           0x08006e87   Thumb Code     2  stm32f1xx_it.o(.text.PendSV_Handler)
    Polling_termosensors                     0x08006e89   Thumb Code    70  ds18b20.o(.text.Polling_termosensors)
    Prepare_e2p_buf                          0x08006ecf   Thumb Code   110  backup.o(.text.Prepare_e2p_buf)
    Prepare_params_and_send_to_nextion       0x08006f3d   Thumb Code  3638  main.o(.text.Prepare_params_and_send_to_nextion)
    PumpOn_off                               0x08007d73   Thumb Code   474  main.o(.text.PumpOn_off)
    Push_new_data_to_weekly_stat             0x08007f4d   Thumb Code    52  backup.o(.text.Push_new_data_to_weekly_stat)
    Reduce_mcu_power                         0x08008173   Thumb Code   328  main.o(.text.Reduce_mcu_power)
    Restore_all_data                         0x080082bb   Thumb Code   434  backup.o(.text.Restore_all_data)
    SVC_Handler                              0x0800846d   Thumb Code     2  stm32f1xx_it.o(.text.SVC_Handler)
    Set_all_variables_to_default             0x0800846f   Thumb Code    70  backup.o(.text.Set_all_variables_to_default)
    Set_crc32_checksum                       0x080084b5   Thumb Code   156  backup.o(.text.Set_crc32_checksum)
    SysTick_Handler                          0x08008551   Thumb Code    14  stm32f1xx_it.o(.text.SysTick_Handler)
    SystemClock_Config                       0x0800855f   Thumb Code   126  main.o(.text.SystemClock_Config)
    SystemInit                               0x080085dd   Thumb Code     2  system_stm32f1xx.o(.text.SystemInit)
    TIM_Base_SetConfig                       0x080085df   Thumb Code   204  stm32f1xx_hal_tim.o(.text.TIM_Base_SetConfig)
    TIM_OC2_SetConfig                        0x08008715   Thumb Code   116  stm32f1xx_hal_tim.o(.text.TIM_OC2_SetConfig)
    UART4_IRQHandler                         0x08008853   Thumb Code    12  stm32f1xx_it.o(.text.UART4_IRQHandler)
    UART5_IRQHandler                         0x0800885f   Thumb Code    12  stm32f1xx_it.o(.text.UART5_IRQHandler)
    UART_Start_Receive_DMA                   0x08008ab1   Thumb Code   114  stm32f1xx_hal_uart.o(.text.UART_Start_Receive_DMA)
    USART1_IRQHandler                        0x08008b89   Thumb Code    12  stm32f1xx_it.o(.text.USART1_IRQHandler)
    USART2_IRQHandler                        0x08008b95   Thumb Code    12  stm32f1xx_it.o(.text.USART2_IRQHandler)
    USART3_IRQHandler                        0x08008ba1   Thumb Code    12  stm32f1xx_it.o(.text.USART3_IRQHandler)
    UsageFault_Handler                       0x08008bad   Thumb Code     2  stm32f1xx_it.o(.text.UsageFault_Handler)
    Voltage_calc_from_adc_value              0x08008baf   Thumb Code   292  main.o(.text.Voltage_calc_from_adc_value)
    Watering_outputs_on_off                  0x08008cd3   Thumb Code  2360  main.o(.text.Watering_outputs_on_off)
    Write_time_to_RTC                        0x0800960b   Thumb Code    96  backup.o(.text.Write_time_to_RTC)
    Write_to_e2p                             0x0800966d   Thumb Code   144  backup.o(.text.Write_to_e2p)
    ds18b20_get_temp                         0x08009721   Thumb Code    94  ds18b20.o(.text.ds18b20_get_temp)
    ds18b20_init                             0x08009781   Thumb Code   146  ds18b20.o(.text.ds18b20_init)
    ds18b20_tconvert                         0x08009813   Thumb Code    54  ds18b20.o(.text.ds18b20_tconvert)
    main                                     0x08009849   Thumb Code  1916  main.o(.text.main)
    roundf                                   0x08009fc5   Thumb Code   114  roundf.o(i.roundf)
    __aeabi_d2f                              0x0800a039   Thumb Code     0  d2f.o(x$fpl$d2f)
    _d2f                                     0x0800a039   Thumb Code    98  d2f.o(x$fpl$d2f)
    __aeabi_d2iz                             0x0800a09d   Thumb Code     0  dfix.o(x$fpl$dfix)
    _dfix                                    0x0800a09d   Thumb Code    94  dfix.o(x$fpl$dfix)
    __aeabi_i2d                              0x0800a0fb   Thumb Code     0  dflt_clz.o(x$fpl$dflt)
    _dflt                                    0x0800a0fb   Thumb Code    46  dflt_clz.o(x$fpl$dflt)
    __aeabi_dmul                             0x0800a129   Thumb Code     0  dmul.o(x$fpl$dmul)
    _dmul                                    0x0800a129   Thumb Code   332  dmul.o(x$fpl$dmul)
    __fpl_dnaninf                            0x0800a27d   Thumb Code   156  dnaninf.o(x$fpl$dnaninf)
    __fpl_dretinf                            0x0800a319   Thumb Code    12  dretinf.o(x$fpl$dretinf)
    __aeabi_fadd                             0x0800a325   Thumb Code     0  faddsub_clz.o(x$fpl$fadd)
    _fadd                                    0x0800a325   Thumb Code   196  faddsub_clz.o(x$fpl$fadd)
    __aeabi_fcmpeq                           0x0800a3e9   Thumb Code     0  fcmp.o(x$fpl$fcmp)
    _feq                                     0x0800a3e9   Thumb Code    14  fcmp.o(x$fpl$fcmp)
    _fneq                                    0x0800a3f7   Thumb Code    14  fcmp.o(x$fpl$fcmp)
    __aeabi_fcmpgt                           0x0800a405   Thumb Code     0  fcmp.o(x$fpl$fcmp)
    _fgr                                     0x0800a405   Thumb Code    14  fcmp.o(x$fpl$fcmp)
    __aeabi_fcmpge                           0x0800a413   Thumb Code     0  fcmp.o(x$fpl$fcmp)
    _fgeq                                    0x0800a413   Thumb Code    14  fcmp.o(x$fpl$fcmp)
    __aeabi_fcmple                           0x0800a421   Thumb Code     0  fcmp.o(x$fpl$fcmp)
    _fleq                                    0x0800a421   Thumb Code    14  fcmp.o(x$fpl$fcmp)
    __aeabi_fcmplt                           0x0800a42f   Thumb Code     0  fcmp.o(x$fpl$fcmp)
    _fls                                     0x0800a42f   Thumb Code    14  fcmp.o(x$fpl$fcmp)
    __fpl_fcmp_Inf                           0x0800a43d   Thumb Code    24  fcmpi.o(x$fpl$fcmpinf)
    __aeabi_fdiv                             0x0800a455   Thumb Code     0  fdiv.o(x$fpl$fdiv)
    _fdiv                                    0x0800a455   Thumb Code   384  fdiv.o(x$fpl$fdiv)
    __aeabi_cfcmpeq                          0x0800a5d9   Thumb Code     0  feqf.o(x$fpl$feqf)
    _fcmpeq                                  0x0800a5d9   Thumb Code   104  feqf.o(x$fpl$feqf)
    __aeabi_f2iz                             0x0800a641   Thumb Code     0  ffix.o(x$fpl$ffix)
    _ffix                                    0x0800a641   Thumb Code    54  ffix.o(x$fpl$ffix)
    __aeabi_i2f                              0x0800a679   Thumb Code     0  fflt_clz.o(x$fpl$fflt)
    _fflt                                    0x0800a679   Thumb Code    48  fflt_clz.o(x$fpl$fflt)
    __aeabi_ui2f                             0x0800a6a9   Thumb Code     0  fflt_clz.o(x$fpl$ffltu)
    _ffltu                                   0x0800a6a9   Thumb Code    38  fflt_clz.o(x$fpl$ffltu)
    _fcmpge                                  0x0800a6d1   Thumb Code   104  fgeqf.o(x$fpl$fgeqf)
    __aeabi_cfcmple                          0x0800a739   Thumb Code     0  fleqf.o(x$fpl$fleqf)
    _fcmple                                  0x0800a739   Thumb Code   104  fleqf.o(x$fpl$fleqf)
    __fpl_fcmple_InfNaN                      0x0800a78b   Thumb Code     0  fleqf.o(x$fpl$fleqf)
    __aeabi_fmul                             0x0800a7a1   Thumb Code     0  fmul.o(x$fpl$fmul)
    _fmul                                    0x0800a7a1   Thumb Code   258  fmul.o(x$fpl$fmul)
    __fpl_fnaninf                            0x0800a8a3   Thumb Code   140  fnaninf.o(x$fpl$fnaninf)
    __fpl_fretinf                            0x0800a92f   Thumb Code    10  fretinf.o(x$fpl$fretinf)
    _frnd                                    0x0800a939   Thumb Code    96  frnd.o(x$fpl$frnd)
    __aeabi_fsub                             0x0800a999   Thumb Code     0  faddsub_clz.o(x$fpl$fsub)
    _fsub                                    0x0800a999   Thumb Code   234  faddsub_clz.o(x$fpl$fsub)
    AHBPrescTable                            0x0800aa82   Data          16  system_stm32f1xx.o(.rodata.AHBPrescTable)
    __I$use$fp                               0x0800aa82   Number         0  usenofp.o(x$fpl$usenofp)
    APBPrescTable                            0x0800aa92   Data           8  system_stm32f1xx.o(.rodata.APBPrescTable)
    Region$$Table$$Base                      0x0800aa9c   Number         0  anon$$obj.o(Region$$Table)
    Region$$Table$$Limit                     0x0800aabc   Number         0  anon$$obj.o(Region$$Table)
    SystemCoreClock                          0x20000000   Data           4  system_stm32f1xx.o(.data.SystemCoreClock)
    uwTickFreq                               0x20000004   Data           1  stm32f1xx_hal.o(.data.uwTickFreq)
    uwTickPrio                               0x20000008   Data           4  stm32f1xx_hal.o(.data.uwTickPrio)
    __libspace_start                         0x20000010   Data          96  libspace.o(.bss)
    __temporary_stack_top$libspace           0x20000070   Data           0  libspace.o(.bss)
    adc1                                     0x200000f8   Data          36  main.o(.bss.adc1)
    calib                                    0x2000011c   Data          24  main.o(.bss.calib)
    com1                                     0x20000134   Data          44  main.o(.bss.com1)
    com2                                     0x20000160   Data          44  main.o(.bss.com2)
    com3                                     0x2000018c   Data          44  main.o(.bss.com3)
    com4                                     0x200001b8   Data          44  main.o(.bss.com4)
    com5                                     0x200001e4   Data          44  main.o(.bss.com5)
    control_link_is_lost                     0x20000210   Data           1  main.o(.bss.control_link_is_lost)
    display_brightness                       0x20000212   Data           2  main.o(.bss.display_brightness)
    display_brightness_timer                 0x20000214   Data           2  main.o(.bss.display_brightness_timer)
    ds18b20                                  0x20000220   Data          12  main.o(.bss.ds18b20)
    e2p                                      0x2000022c   Data          20  main.o(.bss.e2p)
    e2p_temp_buf                             0x20000240   Data        1024  backup.o(.bss.e2p_temp_buf)
    hadc1                                    0x20000640   Data          48  main.o(.bss.hadc1)
    hadc2                                    0x20000670   Data          48  main.o(.bss.hadc2)
    hcrc                                     0x200006a0   Data           8  main.o(.bss.hcrc)
    hdma_adc1                                0x200006a8   Data          68  main.o(.bss.hdma_adc1)
    hdma_uart4_rx                            0x200006ec   Data          68  main.o(.bss.hdma_uart4_rx)
    hdma_uart4_tx                            0x20000730   Data          68  main.o(.bss.hdma_uart4_tx)
    hdma_usart1_rx                           0x20000774   Data          68  main.o(.bss.hdma_usart1_rx)
    hdma_usart1_tx                           0x200007b8   Data          68  main.o(.bss.hdma_usart1_tx)
    hdma_usart2_rx                           0x200007fc   Data          68  main.o(.bss.hdma_usart2_rx)
    hdma_usart2_tx                           0x20000840   Data          68  main.o(.bss.hdma_usart2_tx)
    hdma_usart3_rx                           0x20000884   Data          68  main.o(.bss.hdma_usart3_rx)
    hdma_usart3_tx                           0x200008c8   Data          68  main.o(.bss.hdma_usart3_tx)
    hi2c1                                    0x2000090c   Data          84  main.o(.bss.hi2c1)
    hrtc                                     0x20000960   Data          20  main.o(.bss.hrtc)
    htim4                                    0x20000974   Data          72  main.o(.bss.htim4)
    huart1                                   0x200009bc   Data          68  main.o(.bss.huart1)
    huart2                                   0x20000a00   Data          68  main.o(.bss.huart2)
    huart3                                   0x20000a44   Data          68  main.o(.bss.huart3)
    huart4                                   0x20000a88   Data          68  main.o(.bss.huart4)
    huart5                                   0x20000acc   Data          68  main.o(.bss.huart5)
    jetson                                   0x20000b10   Data         264  main.o(.bss.jetson)
    last_pump_cycle                          0x20000c18   Data          52  main.o(.bss.last_pump_cycle)
    nextion                                  0x20000c4c   Data         836  main.o(.bss.nextion)
    power_down_detected                      0x20000f99   Data           1  main.o(.bss.power_down_detected)
    power_up_detected                        0x20000f9a   Data           1  main.o(.bss.power_up_detected)
    stats                                    0x20000f9c   Data          64  main.o(.bss.stats)
    time_led_is_on                           0x20000fdc   Data           1  main.o(.bss.time_led_is_on)
    uwTick                                   0x20000fe0   Data           4  stm32f1xx_hal.o(.bss.uwTick)
    water_ctrl                               0x20000fe4   Data          54  main.o(.bss.water_ctrl)



==============================================================================

Memory Map of the image

  Image Entry point : 0x08000131

  Load Region LR_IROM1 (Base: 0x08000000, Size: 0x0000aad0, Max: 0x00040000, ABSOLUTE)

    Execution Region ER_IROM1 (Exec base: 0x08000000, Load base: 0x08000000, Size: 0x0000aabc, Max: 0x00040000, ABSOLUTE)

    Exec Addr    Load Addr    Size         Type   Attr      Idx    E Section Name        Object

    0x08000000   0x08000000   0x00000130   Data   RO            3    RESET               startup_stm32f103xe.o
    0x08000130   0x08000130   0x00000008   Code   RO         1576  * !!!main             c_w.l(__main.o)
    0x08000138   0x08000138   0x00000034   Code   RO         1800    !!!scatter          c_w.l(__scatter.o)
    0x0800016c   0x0800016c   0x0000001a   Code   RO         1802    !!handler_copy      c_w.l(__scatter_copy.o)
    0x08000186   0x08000186   0x00000002   PAD
    0x08000188   0x08000188   0x0000001c   Code   RO         1804    !!handler_zi        c_w.l(__scatter_zi.o)
    0x080001a4   0x080001a4   0x00000002   Code   RO         1662    .ARM.Collect$$libinit$$00000000  c_w.l(libinit.o)
    0x080001a6   0x080001a6   0x00000000   Code   RO         1669    .ARM.Collect$$libinit$$00000002  c_w.l(libinit2.o)
    0x080001a6   0x080001a6   0x00000000   Code   RO         1671    .ARM.Collect$$libinit$$00000004  c_w.l(libinit2.o)
    0x080001a6   0x080001a6   0x00000000   Code   RO         1673    .ARM.Collect$$libinit$$00000006  c_w.l(libinit2.o)
    0x080001a6   0x080001a6   0x00000000   Code   RO         1676    .ARM.Collect$$libinit$$0000000C  c_w.l(libinit2.o)
    0x080001a6   0x080001a6   0x00000000   Code   RO         1678    .ARM.Collect$$libinit$$0000000E  c_w.l(libinit2.o)
    0x080001a6   0x080001a6   0x00000000   Code   RO         1680    .ARM.Collect$$libinit$$00000010  c_w.l(libinit2.o)
    0x080001a6   0x080001a6   0x00000000   Code   RO         1683    .ARM.Collect$$libinit$$00000013  c_w.l(libinit2.o)
    0x080001a6   0x080001a6   0x00000000   Code   RO         1685    .ARM.Collect$$libinit$$00000015  c_w.l(libinit2.o)
    0x080001a6   0x080001a6   0x00000000   Code   RO         1687    .ARM.Collect$$libinit$$00000017  c_w.l(libinit2.o)
    0x080001a6   0x080001a6   0x00000000   Code   RO         1689    .ARM.Collect$$libinit$$00000019  c_w.l(libinit2.o)
    0x080001a6   0x080001a6   0x00000000   Code   RO         1691    .ARM.Collect$$libinit$$0000001B  c_w.l(libinit2.o)
    0x080001a6   0x080001a6   0x00000000   Code   RO         1693    .ARM.Collect$$libinit$$0000001D  c_w.l(libinit2.o)
    0x080001a6   0x080001a6   0x00000000   Code   RO         1695    .ARM.Collect$$libinit$$0000001F  c_w.l(libinit2.o)
    0x080001a6   0x080001a6   0x00000000   Code   RO         1697    .ARM.Collect$$libinit$$00000021  c_w.l(libinit2.o)
    0x080001a6   0x080001a6   0x00000000   Code   RO         1699    .ARM.Collect$$libinit$$00000023  c_w.l(libinit2.o)
    0x080001a6   0x080001a6   0x00000000   Code   RO         1701    .ARM.Collect$$libinit$$00000025  c_w.l(libinit2.o)
    0x080001a6   0x080001a6   0x00000000   Code   RO         1703    .ARM.Collect$$libinit$$00000027  c_w.l(libinit2.o)
    0x080001a6   0x080001a6   0x00000000   Code   RO         1707    .ARM.Collect$$libinit$$0000002E  c_w.l(libinit2.o)
    0x080001a6   0x080001a6   0x00000000   Code   RO         1709    .ARM.Collect$$libinit$$00000030  c_w.l(libinit2.o)
    0x080001a6   0x080001a6   0x00000000   Code   RO         1711    .ARM.Collect$$libinit$$00000032  c_w.l(libinit2.o)
    0x080001a6   0x080001a6   0x00000000   Code   RO         1713    .ARM.Collect$$libinit$$00000034  c_w.l(libinit2.o)
    0x080001a6   0x080001a6   0x00000002   Code   RO         1714    .ARM.Collect$$libinit$$00000035  c_w.l(libinit2.o)
    0x080001a8   0x080001a8   0x00000002   Code   RO         1736    .ARM.Collect$$libshutdown$$00000000  c_w.l(libshutdown.o)
    0x080001aa   0x080001aa   0x00000000   Code   RO         1751    .ARM.Collect$$libshutdown$$00000002  c_w.l(libshutdown2.o)
    0x080001aa   0x080001aa   0x00000000   Code   RO         1753    .ARM.Collect$$libshutdown$$00000004  c_w.l(libshutdown2.o)
    0x080001aa   0x080001aa   0x00000000   Code   RO         1756    .ARM.Collect$$libshutdown$$00000007  c_w.l(libshutdown2.o)
    0x080001aa   0x080001aa   0x00000000   Code   RO         1759    .ARM.Collect$$libshutdown$$0000000A  c_w.l(libshutdown2.o)
    0x080001aa   0x080001aa   0x00000000   Code   RO         1761    .ARM.Collect$$libshutdown$$0000000C  c_w.l(libshutdown2.o)
    0x080001aa   0x080001aa   0x00000000   Code   RO         1764    .ARM.Collect$$libshutdown$$0000000F  c_w.l(libshutdown2.o)
    0x080001aa   0x080001aa   0x00000002   Code   RO         1765    .ARM.Collect$$libshutdown$$00000010  c_w.l(libshutdown2.o)
    0x080001ac   0x080001ac   0x00000000   Code   RO         1618    .ARM.Collect$$rtentry$$00000000  c_w.l(__rtentry.o)
    0x080001ac   0x080001ac   0x00000000   Code   RO         1637    .ARM.Collect$$rtentry$$00000002  c_w.l(__rtentry2.o)
    0x080001ac   0x080001ac   0x00000006   Code   RO         1649    .ARM.Collect$$rtentry$$00000004  c_w.l(__rtentry4.o)
    0x080001b2   0x080001b2   0x00000000   Code   RO         1639    .ARM.Collect$$rtentry$$00000009  c_w.l(__rtentry2.o)
    0x080001b2   0x080001b2   0x00000004   Code   RO         1640    .ARM.Collect$$rtentry$$0000000A  c_w.l(__rtentry2.o)
    0x080001b6   0x080001b6   0x00000000   Code   RO         1642    .ARM.Collect$$rtentry$$0000000C  c_w.l(__rtentry2.o)
    0x080001b6   0x080001b6   0x00000008   Code   RO         1643    .ARM.Collect$$rtentry$$0000000D  c_w.l(__rtentry2.o)
    0x080001be   0x080001be   0x00000002   Code   RO         1666    .ARM.Collect$$rtexit$$00000000  c_w.l(rtexit.o)
    0x080001c0   0x080001c0   0x00000000   Code   RO         1716    .ARM.Collect$$rtexit$$00000002  c_w.l(rtexit2.o)
    0x080001c0   0x080001c0   0x00000004   Code   RO         1717    .ARM.Collect$$rtexit$$00000003  c_w.l(rtexit2.o)
    0x080001c4   0x080001c4   0x00000006   Code   RO         1718    .ARM.Collect$$rtexit$$00000004  c_w.l(rtexit2.o)
    0x080001ca   0x080001ca   0x00000002   PAD
    0x080001cc   0x080001cc   0x00000040   Code   RO            4    .text               startup_stm32f103xe.o
    0x0800020c   0x0800020c   0x00000044   Code   RO         1570    .text               c_w.l(rt_memclr.o)
    0x08000250   0x08000250   0x0000004e   Code   RO         1572    .text               c_w.l(rt_memclr_w.o)
    0x0800029e   0x0800029e   0x00000006   Code   RO         1574    .text               c_w.l(heapauxi.o)
    0x080002a4   0x080002a4   0x0000004a   Code   RO         1653    .text               c_w.l(sys_stackheap_outer.o)
    0x080002ee   0x080002ee   0x00000012   Code   RO         1655    .text               c_w.l(exit.o)
    0x08000300   0x08000300   0x00000008   Code   RO         1663    .text               c_w.l(libspace.o)
    0x08000308   0x08000308   0x0000000c   Code   RO         1726    .text               c_w.l(sys_exit.o)
    0x08000314   0x08000314   0x00000002   Code   RO         1741    .text               c_w.l(use_no_semi.o)
    0x08000316   0x08000316   0x00000000   Code   RO         1743    .text               c_w.l(indicate_semi.o)
    0x08000316   0x08000316   0x0000001e   Code   RO          339    .text.ADC1_2_IRQHandler  stm32f1xx_it.o
    0x08000334   0x08000334   0x00000054   Code   RO          418    .text.ADC_ConversionStop_Disable  stm32f1xx_hal_adc.o
    0x08000388   0x08000388   0x00000050   Code   RO          440    .text.ADC_DMAConvCplt  stm32f1xx_hal_adc.o
    0x080003d8   0x080003d8   0x00000016   Code   RO          444    .text.ADC_DMAError  stm32f1xx_hal_adc.o
    0x080003ee   0x080003ee   0x00000006   Code   RO          442    .text.ADC_DMAHalfConvCplt  stm32f1xx_hal_adc.o
    0x080003f4   0x080003f4   0x00000088   Code   RO          426    .text.ADC_Enable    stm32f1xx_hal_adc.o
    0x0800047c   0x0800047c   0x0000002a   Code   RO           15    .text.Backup_all_data  backup.o
    0x080004a6   0x080004a6   0x00000002   PAD
    0x080004a8   0x080004a8   0x0000002c   Code   RO          105    .text.Buffer_bytes_swap  hex2ascii.o
    0x080004d4   0x080004d4   0x00000002   Code   RO          309    .text.BusFault_Handler  stm32f1xx_it.o
    0x080004d6   0x080004d6   0x00000002   PAD
    0x080004d8   0x080004d8   0x00000098   Code   RO           25    .text.Check_crc32   backup.o
    0x08000570   0x08000570   0x00000050   Code   RO          161    .text.Com_rxd_handler  main.o
    0x080005c0   0x080005c0   0x00000020   Code   RO          213    .text.Copy_buf_random_address  main.o
    0x080005e0   0x080005e0   0x0000000c   Code   RO          325    .text.DMA1_Channel1_IRQHandler  stm32f1xx_it.o
    0x080005ec   0x080005ec   0x0000000c   Code   RO          327    .text.DMA1_Channel2_IRQHandler  stm32f1xx_it.o
    0x080005f8   0x080005f8   0x0000000c   Code   RO          329    .text.DMA1_Channel3_IRQHandler  stm32f1xx_it.o
    0x08000604   0x08000604   0x0000000c   Code   RO          331    .text.DMA1_Channel4_IRQHandler  stm32f1xx_it.o
    0x08000610   0x08000610   0x0000000c   Code   RO          333    .text.DMA1_Channel5_IRQHandler  stm32f1xx_it.o
    0x0800061c   0x0800061c   0x0000000c   Code   RO          335    .text.DMA1_Channel6_IRQHandler  stm32f1xx_it.o
    0x08000628   0x08000628   0x0000000c   Code   RO          337    .text.DMA1_Channel7_IRQHandler  stm32f1xx_it.o
    0x08000634   0x08000634   0x0000000c   Code   RO          355    .text.DMA2_Channel3_IRQHandler  stm32f1xx_it.o
    0x08000640   0x08000640   0x0000000c   Code   RO          357    .text.DMA2_Channel4_5_IRQHandler  stm32f1xx_it.o
    0x0800064c   0x0800064c   0x00000002   Code   RO          315    .text.DebugMon_Handler  stm32f1xx_it.o
    0x0800064e   0x0800064e   0x00000006   Code   RO          323    .text.EXTI3_IRQHandler  stm32f1xx_it.o
    0x08000654   0x08000654   0x00000050   Code   RO          155    .text.Error_Handler  main.o
    0x080006a4   0x080006a4   0x0000003e   Code   RO          205    .text.External_if_rxd_handler  main.o
    0x080006e2   0x080006e2   0x00000054   Code   RO          159    .text.Get_average_pressure_value  main.o
    0x08000736   0x08000736   0x0000003c   Code   RO           27    .text.Get_time_in_sec  backup.o
    0x08000772   0x08000772   0x00000002   PAD
    0x08000774   0x08000774   0x000000e4   Code   RO          476    .text.HAL_ADCEx_Calibration_Start  stm32f1xx_hal_adc_ex.o
    0x08000858   0x08000858   0x00000002   Code   RO          496    .text.HAL_ADCEx_InjectedConvCpltCallback  stm32f1xx_hal_adc_ex.o
    0x0800085a   0x0800085a   0x00000054   Code   RO          462    .text.HAL_ADC_AnalogWDGConfig  stm32f1xx_hal_adc.o
    0x080008ae   0x080008ae   0x00000002   PAD
    0x080008b0   0x080008b0   0x0000014a   Code   RO          460    .text.HAL_ADC_ConfigChannel  stm32f1xx_hal_adc.o
    0x080009fa   0x080009fa   0x00000020   Code   RO          191    .text.HAL_ADC_ConvCpltCallback  main.o
    0x08000a1a   0x08000a1a   0x00000002   Code   RO          456    .text.HAL_ADC_ConvHalfCpltCallback  stm32f1xx_hal_adc.o
    0x08000a1c   0x08000a1c   0x000000ce   Code   RO          420    .text.HAL_ADC_DeInit  stm32f1xx_hal_adc.o
    0x08000aea   0x08000aea   0x00000002   Code   RO          458    .text.HAL_ADC_ErrorCallback  stm32f1xx_hal_adc.o
    0x08000aec   0x08000aec   0x00000006   Code   RO          448    .text.HAL_ADC_GetValue  stm32f1xx_hal_adc.o
    0x08000af2   0x08000af2   0x000000f6   Code   RO          450    .text.HAL_ADC_IRQHandler  stm32f1xx_hal_adc.o
    0x08000be8   0x08000be8   0x0000011c   Code   RO          414    .text.HAL_ADC_Init  stm32f1xx_hal_adc.o
    0x08000d04   0x08000d04   0x00000060   Code   RO          209    .text.HAL_ADC_LevelOutOfWindowCallback  main.o
    0x08000d64   0x08000d64   0x0000006a   Code   RO          370    .text.HAL_ADC_MspDeInit  stm32f1xx_hal_msp.o
    0x08000dce   0x08000dce   0x00000106   Code   RO          368    .text.HAL_ADC_MspInit  stm32f1xx_hal_msp.o
    0x08000ed4   0x08000ed4   0x000000c2   Code   RO          424    .text.HAL_ADC_Start  stm32f1xx_hal_adc.o
    0x08000f96   0x08000f96   0x00000114   Code   RO          438    .text.HAL_ADC_Start_DMA  stm32f1xx_hal_adc.o
    0x080010aa   0x080010aa   0x00000020   Code   RO          846    .text.HAL_CRC_Init  stm32f1xx_hal_crc.o
    0x080010ca   0x080010ca   0x0000002e   Code   RO          372    .text.HAL_CRC_MspInit  stm32f1xx_hal_msp.o
    0x080010f8   0x080010f8   0x00000040   Code   RO          653    .text.HAL_DMA_Abort  stm32f1xx_hal_dma.o
    0x08001138   0x08001138   0x0000010e   Code   RO          655    .text.HAL_DMA_Abort_IT  stm32f1xx_hal_dma.o
    0x08001246   0x08001246   0x00000090   Code   RO          647    .text.HAL_DMA_DeInit  stm32f1xx_hal_dma.o
    0x080012d6   0x080012d6   0x00000006   Code   RO          665    .text.HAL_DMA_GetState  stm32f1xx_hal_dma.o
    0x080012dc   0x080012dc   0x0000025e   Code   RO          659    .text.HAL_DMA_IRQHandler  stm32f1xx_hal_dma.o
    0x0800153a   0x0800153a   0x0000008c   Code   RO          645    .text.HAL_DMA_Init  stm32f1xx_hal_dma.o
    0x080015c6   0x080015c6   0x0000009a   Code   RO          651    .text.HAL_DMA_Start_IT  stm32f1xx_hal_dma.o
    0x08001660   0x08001660   0x00000034   Code   RO          173    .text.HAL_Delay     main.o
    0x08001694   0x08001694   0x000000ea   Code   RO          623    .text.HAL_GPIO_DeInit  stm32f1xx_hal_gpio.o
    0x0800177e   0x0800177e   0x0000006a   Code   RO          185    .text.HAL_GPIO_EXTI_Callback  main.o
    0x080017e8   0x080017e8   0x00000016   Code   RO          633    .text.HAL_GPIO_EXTI_IRQHandler  stm32f1xx_hal_gpio.o
    0x080017fe   0x080017fe   0x00000002   PAD
    0x08001800   0x08001800   0x000001e6   Code   RO          621    .text.HAL_GPIO_Init  stm32f1xx_hal_gpio.o
    0x080019e6   0x080019e6   0x0000000a   Code   RO          625    .text.HAL_GPIO_ReadPin  stm32f1xx_hal_gpio.o
    0x080019f0   0x080019f0   0x0000000a   Code   RO          627    .text.HAL_GPIO_WritePin  stm32f1xx_hal_gpio.o
    0x080019fa   0x080019fa   0x0000000c   Code   RO          522    .text.HAL_GetTick   stm32f1xx_hal.o
    0x08001a06   0x08001a06   0x00000064   Code   RO         1438    .text.HAL_HalfDuplex_Init  stm32f1xx_hal_uart.o
    0x08001a6a   0x08001a6a   0x00000002   Code   RO          988    .text.HAL_I2C_AbortCpltCallback  stm32f1xx_hal_i2c.o
    0x08001a6c   0x08001a6c   0x00000002   Code   RO          978    .text.HAL_I2C_AddrCallback  stm32f1xx_hal_i2c.o
    0x08001a6e   0x08001a6e   0x00000146   Code   RO          968    .text.HAL_I2C_ER_IRQHandler  stm32f1xx_hal_i2c.o
    0x08001bb4   0x08001bb4   0x00000606   Code   RO          956    .text.HAL_I2C_EV_IRQHandler  stm32f1xx_hal_i2c.o
    0x080021ba   0x080021ba   0x00000002   Code   RO          986    .text.HAL_I2C_ErrorCallback  stm32f1xx_hal_i2c.o
    0x080021bc   0x080021bc   0x0000016e   Code   RO          868    .text.HAL_I2C_Init  stm32f1xx_hal_i2c.o
    0x0800232a   0x0800232a   0x00000002   PAD
    0x0800232c   0x0800232c   0x000001aa   Code   RO          928    .text.HAL_I2C_IsDeviceReady  stm32f1xx_hal_i2c.o
    0x080024d6   0x080024d6   0x00000002   Code   RO          980    .text.HAL_I2C_ListenCpltCallback  stm32f1xx_hal_i2c.o
    0x080024d8   0x080024d8   0x00000002   Code   RO          972    .text.HAL_I2C_MasterRxCpltCallback  stm32f1xx_hal_i2c.o
    0x080024da   0x080024da   0x00000002   Code   RO          970    .text.HAL_I2C_MasterTxCpltCallback  stm32f1xx_hal_i2c.o
    0x080024dc   0x080024dc   0x00000002   Code   RO          984    .text.HAL_I2C_MemRxCpltCallback  stm32f1xx_hal_i2c.o
    0x080024de   0x080024de   0x00000002   Code   RO          982    .text.HAL_I2C_MemTxCpltCallback  stm32f1xx_hal_i2c.o
    0x080024e0   0x080024e0   0x000002c6   Code   RO          916    .text.HAL_I2C_Mem_Read  stm32f1xx_hal_i2c.o
    0x080027a6   0x080027a6   0x00000002   PAD
    0x080027a8   0x080027a8   0x00000120   Code   RO          912    .text.HAL_I2C_Mem_Write  stm32f1xx_hal_i2c.o
    0x080028c8   0x080028c8   0x0000007c   Code   RO          376    .text.HAL_I2C_MspInit  stm32f1xx_hal_msp.o
    0x08002944   0x08002944   0x00000002   Code   RO          976    .text.HAL_I2C_SlaveRxCpltCallback  stm32f1xx_hal_i2c.o
    0x08002946   0x08002946   0x00000002   Code   RO          974    .text.HAL_I2C_SlaveTxCpltCallback  stm32f1xx_hal_i2c.o
    0x08002948   0x08002948   0x0000001a   Code   RO          520    .text.HAL_IncTick   stm32f1xx_hal.o
    0x08002962   0x08002962   0x00000026   Code   RO          510    .text.HAL_Init      stm32f1xx_hal.o
    0x08002988   0x08002988   0x00000050   Code   RO          512    .text.HAL_InitTick  stm32f1xx_hal.o
    0x080029d8   0x080029d8   0x00000054   Code   RO          366    .text.HAL_MspInit   stm32f1xx_hal_msp.o
    0x08002a2c   0x08002a2c   0x00000026   Code   RO          683    .text.HAL_NVIC_DisableIRQ  stm32f1xx_hal_cortex.o
    0x08002a52   0x08002a52   0x0000001e   Code   RO          681    .text.HAL_NVIC_EnableIRQ  stm32f1xx_hal_cortex.o
    0x08002a70   0x08002a70   0x00000056   Code   RO          679    .text.HAL_NVIC_SetPriority  stm32f1xx_hal_cortex.o
    0x08002ac6   0x08002ac6   0x00000020   Code   RO          677    .text.HAL_NVIC_SetPriorityGrouping  stm32f1xx_hal_cortex.o
    0x08002ae6   0x08002ae6   0x00000004   Code   RO          685    .text.HAL_NVIC_SystemReset  stm32f1xx_hal_cortex.o
    0x08002aea   0x08002aea   0x0000000c   Code   RO          719    .text.HAL_PWR_EnableBkUpAccess  stm32f1xx_hal_pwr.o
    0x08002af6   0x08002af6   0x0000000e   Code   RO          207    .text.HAL_PWR_PVDCallback  main.o
    0x08002b04   0x08002b04   0x0000001e   Code   RO          749    .text.HAL_PWR_PVD_IRQHandler  stm32f1xx_hal_pwr.o
    0x08002b22   0x08002b22   0x00000002   PAD
    0x08002b24   0x08002b24   0x00000100   Code   RO          611    .text.HAL_RCCEx_GetPeriphCLKFreq  stm32f1xx_hal_rcc_ex.o
    0x08002c24   0x08002c24   0x000000f2   Code   RO          607    .text.HAL_RCCEx_PeriphCLKConfig  stm32f1xx_hal_rcc_ex.o
    0x08002d16   0x08002d16   0x00000002   PAD
    0x08002d18   0x08002d18   0x0000016c   Code   RO          575    .text.HAL_RCC_ClockConfig  stm32f1xx_hal_rcc.o
    0x08002e84   0x08002e84   0x00000026   Code   RO          587    .text.HAL_RCC_GetPCLK1Freq  stm32f1xx_hal_rcc.o
    0x08002eaa   0x08002eaa   0x00000026   Code   RO          589    .text.HAL_RCC_GetPCLK2Freq  stm32f1xx_hal_rcc.o
    0x08002ed0   0x08002ed0   0x0000006c   Code   RO          577    .text.HAL_RCC_GetSysClockFreq  stm32f1xx_hal_rcc.o
    0x08002f3c   0x08002f3c   0x00000360   Code   RO          573    .text.HAL_RCC_OscConfig  stm32f1xx_hal_rcc.o
    0x0800329c   0x0800329c   0x00000030   Code   RO         1098    .text.HAL_RTCEx_SetSmoothCalib  stm32f1xx_hal_rtc_ex.o
    0x080032cc   0x080032cc   0x0000016e   Code   RO         1038    .text.HAL_RTC_GetTime  stm32f1xx_hal_rtc.o
    0x0800343a   0x0800343a   0x000000a0   Code   RO         1018    .text.HAL_RTC_Init  stm32f1xx_hal_rtc.o
    0x080034da   0x080034da   0x00000040   Code   RO          380    .text.HAL_RTC_MspInit  stm32f1xx_hal_msp.o
    0x0800351a   0x0800351a   0x000000c4   Code   RO         1032    .text.HAL_RTC_SetTime  stm32f1xx_hal_rtc.o
    0x080035de   0x080035de   0x00000002   PAD
    0x080035e0   0x080035e0   0x00000038   Code   RO         1022    .text.HAL_RTC_WaitForSynchro  stm32f1xx_hal_rtc.o
    0x08003618   0x08003618   0x00000210   Code   RO          187    .text.HAL_SYSTICK_Callback  main.o
    0x08003828   0x08003828   0x0000002c   Code   RO          689    .text.HAL_SYSTICK_Config  stm32f1xx_hal_cortex.o
    0x08003854   0x08003854   0x00000004   Code   RO          705    .text.HAL_SYSTICK_IRQHandler  stm32f1xx_hal_cortex.o
    0x08003858   0x08003858   0x0000008c   Code   RO         1408    .text.HAL_TIMEx_MasterConfigSynchronization  stm32f1xx_hal_tim_ex.o
    0x080038e4   0x080038e4   0x00000060   Code   RO         1114    .text.HAL_TIM_Base_DeInit  stm32f1xx_hal_tim.o
    0x08003944   0x08003944   0x00000058   Code   RO         1108    .text.HAL_TIM_Base_Init  stm32f1xx_hal_tim.o
    0x0800399c   0x0800399c   0x00000022   Code   RO          386    .text.HAL_TIM_Base_MspDeInit  stm32f1xx_hal_msp.o
    0x080039be   0x080039be   0x0000002e   Code   RO          384    .text.HAL_TIM_Base_MspInit  stm32f1xx_hal_msp.o
    0x080039ec   0x080039ec   0x0000018e   Code   RO         1294    .text.HAL_TIM_ConfigClockSource  stm32f1xx_hal_tim.o
    0x08003b7a   0x08003b7a   0x00000002   PAD
    0x08003b7c   0x08003b7c   0x00000050   Code   RO         1254    .text.HAL_TIM_OC_ConfigChannel  stm32f1xx_hal_tim.o
    0x08003bcc   0x08003bcc   0x00000058   Code   RO         1136    .text.HAL_TIM_OC_Init  stm32f1xx_hal_tim.o
    0x08003c24   0x08003c24   0x00000002   Code   RO         1138    .text.HAL_TIM_OC_MspInit  stm32f1xx_hal_tim.o
    0x08003c26   0x08003c26   0x000000d6   Code   RO         1144    .text.HAL_TIM_OC_Start  stm32f1xx_hal_tim.o
    0x08003cfc   0x08003cfc   0x00000002   Code   RO         1518    .text.HAL_UARTEx_RxEventCallback  stm32f1xx_hal_uart.o
    0x08003cfe   0x08003cfe   0x00000034   Code   RO         1444    .text.HAL_UART_DeInit  stm32f1xx_hal_uart.o
    0x08003d32   0x08003d32   0x0000005c   Code   RO          181    .text.HAL_UART_ErrorCallback  main.o
    0x08003d8e   0x08003d8e   0x00000262   Code   RO         1510    .text.HAL_UART_IRQHandler  stm32f1xx_hal_uart.o
    0x08003ff0   0x08003ff0   0x0000005c   Code   RO         1432    .text.HAL_UART_Init  stm32f1xx_hal_uart.o
    0x0800404c   0x0800404c   0x0000014a   Code   RO          390    .text.HAL_UART_MspDeInit  stm32f1xx_hal_msp.o
    0x08004196   0x08004196   0x0000041a   Code   RO          388    .text.HAL_UART_MspInit  stm32f1xx_hal_msp.o
    0x080045b0   0x080045b0   0x00000030   Code   RO         1468    .text.HAL_UART_Receive_DMA  stm32f1xx_hal_uart.o
    0x080045e0   0x080045e0   0x00000050   Code   RO         1456    .text.HAL_UART_Receive_IT  stm32f1xx_hal_uart.o
    0x08004630   0x08004630   0x000000f8   Code   RO          179    .text.HAL_UART_RxCpltCallback  main.o
    0x08004728   0x08004728   0x00000002   Code   RO         1526    .text.HAL_UART_RxHalfCpltCallback  stm32f1xx_hal_uart.o
    0x0800472a   0x0800472a   0x00000002   PAD
    0x0800472c   0x0800472c   0x000000be   Code   RO         1448    .text.HAL_UART_Transmit  stm32f1xx_hal_uart.o
    0x080047ea   0x080047ea   0x0000007a   Code   RO         1460    .text.HAL_UART_Transmit_DMA  stm32f1xx_hal_uart.o
    0x08004864   0x08004864   0x00000084   Code   RO          177    .text.HAL_UART_TxCpltCallback  main.o
    0x080048e8   0x080048e8   0x00000002   Code   RO         1522    .text.HAL_UART_TxHalfCpltCallback  stm32f1xx_hal_uart.o
    0x080048ea   0x080048ea   0x00000002   PAD
    0x080048ec   0x080048ec   0x00000002   Code   RO          305    .text.HardFault_Handler  stm32f1xx_it.o
    0x080048ee   0x080048ee   0x000000cc   Code   RO           93    .text.Hex2Dec2ASCII  hex2ascii.o
    0x080049ba   0x080049ba   0x0000000c   Code   RO          343    .text.I2C1_ER_IRQHandler  stm32f1xx_it.o
    0x080049c6   0x080049c6   0x0000000c   Code   RO          341    .text.I2C1_EV_IRQHandler  stm32f1xx_it.o
    0x080049d2   0x080049d2   0x00000002   PAD
    0x080049d4   0x080049d4   0x000000dc   Code   RO          942    .text.I2C_DMAAbort  stm32f1xx_hal_i2c.o
    0x08004ab0   0x08004ab0   0x0000016a   Code   RO          954    .text.I2C_ITError   stm32f1xx_hal_i2c.o
    0x08004c1a   0x08004c1a   0x000000dc   Code   RO          966    .text.I2C_MasterReceive_BTF  stm32f1xx_hal_i2c.o
    0x08004cf6   0x08004cf6   0x00000002   PAD
    0x08004cf8   0x08004cf8   0x000000f8   Code   RO          964    .text.I2C_MasterReceive_RXNE  stm32f1xx_hal_i2c.o
    0x08004df0   0x08004df0   0x00000080   Code   RO          960    .text.I2C_MasterTransmit_BTF  stm32f1xx_hal_i2c.o
    0x08004e70   0x08004e70   0x000000ae   Code   RO          958    .text.I2C_MasterTransmit_TXE  stm32f1xx_hal_i2c.o
    0x08004f1e   0x08004f1e   0x0000009e   Code   RO          962    .text.I2C_MemoryTransmit_TXE_BTF  stm32f1xx_hal_i2c.o
    0x08004fbc   0x08004fbc   0x00000104   Code   RO          918    .text.I2C_RequestMemoryRead  stm32f1xx_hal_i2c.o
    0x080050c0   0x080050c0   0x000000b8   Code   RO          914    .text.I2C_RequestMemoryWrite  stm32f1xx_hal_i2c.o
    0x08005178   0x08005178   0x00000066   Code   RO          882    .text.I2C_WaitOnBTFFlagUntilTimeout  stm32f1xx_hal_i2c.o
    0x080051de   0x080051de   0x00000002   PAD
    0x080051e0   0x080051e0   0x0000008e   Code   RO          878    .text.I2C_WaitOnFlagUntilTimeout  stm32f1xx_hal_i2c.o
    0x0800526e   0x0800526e   0x00000002   PAD
    0x08005270   0x08005270   0x0000007c   Code   RO          996    .text.I2C_WaitOnMasterAddressFlagUntilTimeout  stm32f1xx_hal_i2c.o
    0x080052ec   0x080052ec   0x0000005e   Code   RO          886    .text.I2C_WaitOnRXNEFlagUntilTimeout  stm32f1xx_hal_i2c.o
    0x0800534a   0x0800534a   0x00000002   PAD
    0x0800534c   0x0800534c   0x00000066   Code   RO          880    .text.I2C_WaitOnTXEFlagUntilTimeout  stm32f1xx_hal_i2c.o
    0x080053b2   0x080053b2   0x00000002   PAD
    0x080053b4   0x080053b4   0x000002e2   Code   RO          151    .text.Init_sequence  main.o
    0x08005696   0x08005696   0x000005a8   Code   RO          193    .text.Init_string_to_nextion  main.o
    0x08005c3e   0x08005c3e   0x00000056   Code   RO          175    .text.Leds_on_off   main.o
    0x08005c94   0x08005c94   0x00000054   Code   RO          115    .text.Link_ow_com_port_to_real  onewire.o
    0x08005ce8   0x08005ce8   0x00000096   Code   RO           45    .text.Make_temperature_statistics  backup.o
    0x08005d7e   0x08005d7e   0x00000084   Code   RO           43    .text.Make_time_correction_and_day_inc  backup.o
    0x08005e02   0x08005e02   0x00000070   Code   RO           47    .text.Make_water_using_statistics  backup.o
    0x08005e72   0x08005e72   0x00000002   PAD
    0x08005e74   0x08005e74   0x00000002   Code   RO          307    .text.MemManage_Handler  stm32f1xx_it.o
    0x08005e76   0x08005e76   0x00000002   PAD
    0x08005e78   0x08005e78   0x00000002   Code   RO          303    .text.NMI_Handler   stm32f1xx_it.o
    0x08005e7a   0x08005e7a   0x0000006a   Code   RO          163    .text.Nextion_received_data_handler  main.o
    0x08005ee4   0x08005ee4   0x0000003c   Code   RO          117    .text.OW_Init       onewire.o
    0x08005f20   0x08005f20   0x00000034   Code   RO          127    .text.OW_ReadBit    onewire.o
    0x08005f54   0x08005f54   0x000000ce   Code   RO          119    .text.OW_Reset      onewire.o
    0x08006022   0x08006022   0x00000002   PAD
    0x08006024   0x08006024   0x00000166   Code   RO          125    .text.OW_Search     onewire.o
    0x0800618a   0x0800618a   0x00000002   PAD
    0x0800618c   0x0800618c   0x0000010a   Code   RO          121    .text.OW_Send       onewire.o
    0x08006296   0x08006296   0x00000002   PAD
    0x08006298   0x08006298   0x00000060   Code   RO          129    .text.OW_SendBits   onewire.o
    0x080062f8   0x080062f8   0x00000004   Code   RO          321    .text.PVD_IRQHandler  stm32f1xx_it.o
    0x080062fc   0x080062fc   0x00000b8a   Code   RO          167    .text.Parsing_nextion_display_string  main.o
    0x08006e86   0x08006e86   0x00000002   Code   RO          317    .text.PendSV_Handler  stm32f1xx_it.o
    0x08006e88   0x08006e88   0x00000046   Code   RO           80    .text.Polling_termosensors  ds18b20.o
    0x08006ece   0x08006ece   0x0000006e   Code   RO           17    .text.Prepare_e2p_buf  backup.o
    0x08006f3c   0x08006f3c   0x00000e36   Code   RO          165    .text.Prepare_params_and_send_to_nextion  main.o
    0x08007d72   0x08007d72   0x000001da   Code   RO          169    .text.PumpOn_off    main.o
    0x08007f4c   0x08007f4c   0x00000034   Code   RO           49    .text.Push_new_data_to_weekly_stat  backup.o
    0x08007f80   0x08007f80   0x000000d2   Code   RO         1040    .text.RTC_DateUpdate  stm32f1xx_hal_rtc.o
    0x08008052   0x08008052   0x00000002   PAD
    0x08008054   0x08008054   0x00000030   Code   RO         1024    .text.RTC_EnterInitMode  stm32f1xx_hal_rtc.o
    0x08008084   0x08008084   0x00000030   Code   RO         1026    .text.RTC_ExitInitMode  stm32f1xx_hal_rtc.o
    0x080080b4   0x080080b4   0x0000006e   Code   RO         1044    .text.RTC_WeekDayNum  stm32f1xx_hal_rtc.o
    0x08008122   0x08008122   0x00000028   Code   RO         1036    .text.RTC_WriteAlarmCounter  stm32f1xx_hal_rtc.o
    0x0800814a   0x0800814a   0x00000028   Code   RO         1034    .text.RTC_WriteTimeCounter  stm32f1xx_hal_rtc.o
    0x08008172   0x08008172   0x00000148   Code   RO          211    .text.Reduce_mcu_power  main.o
    0x080082ba   0x080082ba   0x000001b2   Code   RO           39    .text.Restore_all_data  backup.o
    0x0800846c   0x0800846c   0x00000002   Code   RO          313    .text.SVC_Handler   stm32f1xx_it.o
    0x0800846e   0x0800846e   0x00000046   Code   RO           41    .text.Set_all_variables_to_default  backup.o
    0x080084b4   0x080084b4   0x0000009c   Code   RO           21    .text.Set_crc32_checksum  backup.o
    0x08008550   0x08008550   0x0000000e   Code   RO          319    .text.SysTick_Handler  stm32f1xx_it.o
    0x0800855e   0x0800855e   0x0000007e   Code   RO          149    .text.SystemClock_Config  main.o
    0x080085dc   0x080085dc   0x00000002   Code   RO         1554    .text.SystemInit    system_stm32f1xx.o
    0x080085de   0x080085de   0x000000cc   Code   RO         1112    .text.TIM_Base_SetConfig  stm32f1xx_hal_tim.o
    0x080086aa   0x080086aa   0x0000006a   Code   RO         1256    .text.TIM_OC1_SetConfig  stm32f1xx_hal_tim.o
    0x08008714   0x08008714   0x00000074   Code   RO         1258    .text.TIM_OC2_SetConfig  stm32f1xx_hal_tim.o
    0x08008788   0x08008788   0x00000074   Code   RO         1260    .text.TIM_OC3_SetConfig  stm32f1xx_hal_tim.o
    0x080087fc   0x080087fc   0x00000056   Code   RO         1262    .text.TIM_OC4_SetConfig  stm32f1xx_hal_tim.o
    0x08008852   0x08008852   0x0000000c   Code   RO          351    .text.UART4_IRQHandler  stm32f1xx_it.o
    0x0800885e   0x0800885e   0x0000000c   Code   RO          353    .text.UART5_IRQHandler  stm32f1xx_it.o
    0x0800886a   0x0800886a   0x0000000c   Code   RO         1514    .text.UART_DMAAbortOnError  stm32f1xx_hal_uart.o
    0x08008876   0x08008876   0x0000006c   Code   RO         1466    .text.UART_DMAError  stm32f1xx_hal_uart.o
    0x080088e2   0x080088e2   0x0000004c   Code   RO         1542    .text.UART_DMAReceiveCplt  stm32f1xx_hal_uart.o
    0x0800892e   0x0800892e   0x00000014   Code   RO         1544    .text.UART_DMARxHalfCplt  stm32f1xx_hal_uart.o
    0x08008942   0x08008942   0x00000026   Code   RO         1462    .text.UART_DMATransmitCplt  stm32f1xx_hal_uart.o
    0x08008968   0x08008968   0x00000006   Code   RO         1464    .text.UART_DMATxHalfCplt  stm32f1xx_hal_uart.o
    0x0800896e   0x0800896e   0x000000b4   Code   RO         1512    .text.UART_Receive_IT  stm32f1xx_hal_uart.o
    0x08008a22   0x08008a22   0x0000008e   Code   RO         1436    .text.UART_SetConfig  stm32f1xx_hal_uart.o
    0x08008ab0   0x08008ab0   0x00000072   Code   RO         1470    .text.UART_Start_Receive_DMA  stm32f1xx_hal_uart.o
    0x08008b22   0x08008b22   0x00000002   PAD
    0x08008b24   0x08008b24   0x00000064   Code   RO         1450    .text.UART_WaitOnFlagUntilTimeout  stm32f1xx_hal_uart.o
    0x08008b88   0x08008b88   0x0000000c   Code   RO          345    .text.USART1_IRQHandler  stm32f1xx_it.o
    0x08008b94   0x08008b94   0x0000000c   Code   RO          347    .text.USART2_IRQHandler  stm32f1xx_it.o
    0x08008ba0   0x08008ba0   0x0000000c   Code   RO          349    .text.USART3_IRQHandler  stm32f1xx_it.o
    0x08008bac   0x08008bac   0x00000002   Code   RO          311    .text.UsageFault_Handler  stm32f1xx_it.o
    0x08008bae   0x08008bae   0x00000124   Code   RO          157    .text.Voltage_calc_from_adc_value  main.o
    0x08008cd2   0x08008cd2   0x00000938   Code   RO          171    .text.Watering_outputs_on_off  main.o
    0x0800960a   0x0800960a   0x00000060   Code   RO           31    .text.Write_time_to_RTC  backup.o
    0x0800966a   0x0800966a   0x00000002   PAD
    0x0800966c   0x0800966c   0x00000090   Code   RO           19    .text.Write_to_e2p  backup.o
    0x080096fc   0x080096fc   0x00000024   Code   RO          687    .text.__NVIC_SystemReset  stm32f1xx_hal_cortex.o
    0x08009720   0x08009720   0x0000005e   Code   RO           76    .text.ds18b20_get_temp  ds18b20.o
    0x0800977e   0x0800977e   0x00000002   PAD
    0x08009780   0x08009780   0x00000092   Code   RO           70    .text.ds18b20_init  ds18b20.o
    0x08009812   0x08009812   0x00000036   Code   RO           78    .text.ds18b20_tconvert  ds18b20.o
    0x08009848   0x08009848   0x0000077c   Code   RO          147    .text.main          main.o
    0x08009fc4   0x08009fc4   0x00000072   Code   RO         1616    i.roundf            m_ws.l(roundf.o)
    0x0800a036   0x0800a036   0x00000002   PAD
    0x0800a038   0x0800a038   0x00000062   Code   RO         1578    x$fpl$d2f           fz_ws.l(d2f.o)
    0x0800a09a   0x0800a09a   0x00000002   PAD
    0x0800a09c   0x0800a09c   0x0000005e   Code   RO         1580    x$fpl$dfix          fz_ws.l(dfix.o)
    0x0800a0fa   0x0800a0fa   0x0000002e   Code   RO         1585    x$fpl$dflt          fz_ws.l(dflt_clz.o)
    0x0800a128   0x0800a128   0x00000154   Code   RO         1590    x$fpl$dmul          fz_ws.l(dmul.o)
    0x0800a27c   0x0800a27c   0x0000009c   Code   RO         1619    x$fpl$dnaninf       fz_ws.l(dnaninf.o)
    0x0800a318   0x0800a318   0x0000000c   Code   RO         1621    x$fpl$dretinf       fz_ws.l(dretinf.o)
    0x0800a324   0x0800a324   0x000000c4   Code   RO         1592    x$fpl$fadd          fz_ws.l(faddsub_clz.o)
    0x0800a3e8   0x0800a3e8   0x00000054   Code   RO         1598    x$fpl$fcmp          fz_ws.l(fcmp.o)
    0x0800a43c   0x0800a43c   0x00000018   Code   RO         1651    x$fpl$fcmpinf       fz_ws.l(fcmpi.o)
    0x0800a454   0x0800a454   0x00000184   Code   RO         1601    x$fpl$fdiv          fz_ws.l(fdiv.o)
    0x0800a5d8   0x0800a5d8   0x00000068   Code   RO         1623    x$fpl$feqf          fz_ws.l(feqf.o)
    0x0800a640   0x0800a640   0x00000036   Code   RO         1604    x$fpl$ffix          fz_ws.l(ffix.o)
    0x0800a676   0x0800a676   0x00000002   PAD
    0x0800a678   0x0800a678   0x00000030   Code   RO         1609    x$fpl$fflt          fz_ws.l(fflt_clz.o)
    0x0800a6a8   0x0800a6a8   0x00000026   Code   RO         1608    x$fpl$ffltu         fz_ws.l(fflt_clz.o)
    0x0800a6ce   0x0800a6ce   0x00000002   PAD
    0x0800a6d0   0x0800a6d0   0x00000068   Code   RO         1625    x$fpl$fgeqf         fz_ws.l(fgeqf.o)
    0x0800a738   0x0800a738   0x00000068   Code   RO         1627    x$fpl$fleqf         fz_ws.l(fleqf.o)
    0x0800a7a0   0x0800a7a0   0x00000102   Code   RO         1614    x$fpl$fmul          fz_ws.l(fmul.o)
    0x0800a8a2   0x0800a8a2   0x0000008c   Code   RO         1629    x$fpl$fnaninf       fz_ws.l(fnaninf.o)
    0x0800a92e   0x0800a92e   0x0000000a   Code   RO         1631    x$fpl$fretinf       fz_ws.l(fretinf.o)
    0x0800a938   0x0800a938   0x00000060   Code   RO         1633    x$fpl$frnd          fz_ws.l(frnd.o)
    0x0800a998   0x0800a998   0x000000ea   Code   RO         1594    x$fpl$fsub          fz_ws.l(faddsub_clz.o)
    0x0800aa82   0x0800aa82   0x00000000   Code   RO         1635    x$fpl$usenofp       fz_ws.l(usenofp.o)
    0x0800aa82   0x0800aa82   0x00000010   Data   RO         1559    .rodata.AHBPrescTable  system_stm32f1xx.o
    0x0800aa92   0x0800aa92   0x00000008   Data   RO         1560    .rodata.APBPrescTable  system_stm32f1xx.o
    0x0800aa9a   0x0800aa9a   0x00000002   PAD
    0x0800aa9c   0x0800aa9c   0x00000020   Data   RO         1799    Region$$Table       anon$$obj.o


    Execution Region RW_IRAM1 (Exec base: 0x20000000, Load base: 0x0800aac0, Size: 0x00001c20, Max: 0x0000c000, ABSOLUTE)

    Exec Addr    Load Addr    Size         Type   Attr      Idx    E Section Name        Object

    0x20000000   0x0800aac0   0x00000004   Data   RW         1558    .data.SystemCoreClock  system_stm32f1xx.o
    0x20000004   0x0800aac4   0x00000001   Data   RW          561    .data.uwTickFreq    stm32f1xx_hal.o
    0x20000005   0x0800aac5   0x00000003   PAD
    0x20000008   0x0800aac8   0x00000004   Data   RW          560    .data.uwTickPrio    stm32f1xx_hal.o
    0x2000000c   0x0800aacc   0x00000004   PAD
    0x20000010        -       0x00000060   Zero   RW         1664    .bss                c_w.l(libspace.o)
    0x20000070        -       0x00000001   Zero   RW          137    .bss.DeviceID       onewire.o
    0x20000071   0x0800aacc   0x00000001   PAD
    0x20000072        -       0x00000002   Zero   RW          282    .bss.Get_average_pressure_value.counter  main.o
    0x20000074        -       0x00000004   Zero   RW          283    .bss.Get_average_pressure_value.pressure_sum  main.o
    0x20000078        -       0x00000004   Zero   RW          234    .bss.HAL_GPIO_EXTI_Callback.time_point_prev  main.o
    0x2000007c        -       0x00000001   Zero   RW          236    .bss.HAL_SYSTICK_Callback.brightness_dim_already_done  main.o
    0x2000007d   0x0800aacc   0x00000001   PAD
    0x2000007e        -       0x00000002   Zero   RW          237    .bss.HAL_SYSTICK_Callback.control_data_timeout_timer  main.o
    0x20000080        -       0x00000002   Zero   RW          239    .bss.HAL_SYSTICK_Callback.dry_work_timer  main.o
    0x20000082        -       0x00000002   Zero   RW          240    .bss.HAL_SYSTICK_Callback.pump_working_time_at_last_cycle_ms  main.o
    0x20000084        -       0x00000002   Zero   RW          241    .bss.HAL_SYSTICK_Callback.pumped_water_quantity_at_last_cycle_at_zero  main.o
    0x20000086        -       0x00000001   Zero   RW          235    .bss.HAL_SYSTICK_Callback.time_led_timer  main.o
    0x20000087   0x0800aacc   0x00000001   PAD
    0x20000088        -       0x00000002   Zero   RW          238    .bss.HAL_SYSTICK_Callback.timer_1000ms  main.o
    0x2000008a        -       0x00000001   Zero   RW          135    .bss.LastDeviceFlag  onewire.o
    0x2000008b        -       0x00000001   Zero   RW          136    .bss.LastDiscrepancy  onewire.o
    0x2000008c        -       0x00000001   Zero   RW           58    .bss.Make_temperature_statistics.tank_water_temp_already_set  backup.o
    0x2000008d   0x0800aacc   0x00000003   PAD
    0x20000090        -       0x00000004   Zero   RW           59    .bss.Make_temperature_statistics.time_in_seconds_prev  backup.o
    0x20000094        -       0x00000001   Zero   RW           57    .bss.Make_temperature_statistics.well_water_temp_already_set  backup.o
    0x20000095        -       0x00000001   Zero   RW           55    .bss.Make_time_correction_and_day_inc.cal_is_done  backup.o
    0x20000096   0x0800aacc   0x00000002   PAD
    0x20000098        -       0x00000004   Zero   RW           56    .bss.Make_time_correction_and_day_inc.time_in_seconds_prev  backup.o
    0x2000009c        -       0x00000001   Zero   RW           61    .bss.Make_water_using_statistics.pump_previous_state  backup.o
    0x2000009d   0x0800aacc   0x00000003   PAD
    0x200000a0        -       0x00000004   Zero   RW           60    .bss.Make_water_using_statistics.time_in_seconds_prev  backup.o
    0x200000a4        -       0x00000004   Zero   RW          133    .bss.OW_USART       onewire.o
    0x200000a8        -       0x00000004   Zero   RW          132    .bss.OwCom          onewire.o
    0x200000ac        -       0x00000004   Zero   RW          131    .bss.OwUart         onewire.o
    0x200000b0        -       0x00000004   Zero   RW          254    .bss.Parsing_nextion_display_string.key_pressing_time_moment  main.o
    0x200000b4        -       0x00000004   Zero   RW          252    .bss.Parsing_nextion_display_string.source_type  main.o
    0x200000b8        -       0x00000004   Zero   RW          253    .bss.Parsing_nextion_display_string.source_value  main.o
    0x200000bc        -       0x00000001   Zero   RW          255    .bss.Parsing_nextion_display_string.state_machine  main.o
    0x200000bd        -       0x00000001   Zero   RW           84    .bss.Polling_termosensors.termosens_ops_step  ds18b20.o
    0x200000be   0x0800aacc   0x00000002   PAD
    0x200000c0        -       0x00000004   Zero   RW          260    .bss.PumpOn_off.auto_pump_counter_start_point  main.o
    0x200000c4        -       0x00000004   Zero   RW          263    .bss.PumpOn_off.pump_off_by_pressure_delay_timer  main.o
    0x200000c8        -       0x00000001   Zero   RW          259    .bss.PumpOn_off.pump_off_by_pressure_delay_timer_is_set  main.o
    0x200000c9   0x0800aacc   0x00000003   PAD
    0x200000cc        -       0x00000004   Zero   RW          262    .bss.PumpOn_off.pump_on_by_pressure_delay_timer  main.o
    0x200000d0        -       0x00000001   Zero   RW          258    .bss.PumpOn_off.pump_on_by_pressure_delay_timer_is_set  main.o
    0x200000d1        -       0x00000001   Zero   RW          257    .bss.PumpOn_off.pump_start_trigger  main.o
    0x200000d2   0x0800aacc   0x00000002   PAD
    0x200000d4        -       0x00000004   Zero   RW          261    .bss.PumpOn_off.time_in_seconds_prev  main.o
    0x200000d8        -       0x00000008   Zero   RW          138    .bss.ROM_NO         onewire.o
    0x200000e0        -       0x00000004   Zero   RW           54    .bss.Restore_all_data.struct_size  backup.o
    0x200000e4        -       0x00000001   Zero   RW          272    .bss.Watering_outputs_on_off.out1_cycles_counter  main.o
    0x200000e5        -       0x00000001   Zero   RW          264    .bss.Watering_outputs_on_off.out1_watering_is_started  main.o
    0x200000e6        -       0x00000001   Zero   RW          273    .bss.Watering_outputs_on_off.out2_cycles_counter  main.o
    0x200000e7        -       0x00000001   Zero   RW          265    .bss.Watering_outputs_on_off.out2_watering_is_started  main.o
    0x200000e8        -       0x00000001   Zero   RW          274    .bss.Watering_outputs_on_off.out3_cycles_counter  main.o
    0x200000e9        -       0x00000001   Zero   RW          266    .bss.Watering_outputs_on_off.out3_watering_is_started  main.o
    0x200000ea        -       0x00000001   Zero   RW          275    .bss.Watering_outputs_on_off.out4_cycles_counter  main.o
    0x200000eb        -       0x00000001   Zero   RW          267    .bss.Watering_outputs_on_off.out4_watering_is_started  main.o
    0x200000ec        -       0x00000001   Zero   RW          276    .bss.Watering_outputs_on_off.out5_cycles_counter  main.o
    0x200000ed        -       0x00000001   Zero   RW          268    .bss.Watering_outputs_on_off.out5_watering_is_started  main.o
    0x200000ee        -       0x00000001   Zero   RW          277    .bss.Watering_outputs_on_off.out6_cycles_counter  main.o
    0x200000ef        -       0x00000001   Zero   RW          269    .bss.Watering_outputs_on_off.out6_watering_is_started  main.o
    0x200000f0        -       0x00000001   Zero   RW          278    .bss.Watering_outputs_on_off.out7_cycles_counter  main.o
    0x200000f1        -       0x00000001   Zero   RW          270    .bss.Watering_outputs_on_off.out7_watering_is_started  main.o
    0x200000f2        -       0x00000001   Zero   RW          279    .bss.Watering_outputs_on_off.out8_cycles_counter  main.o
    0x200000f3        -       0x00000001   Zero   RW          271    .bss.Watering_outputs_on_off.out8_watering_is_started  main.o
    0x200000f4        -       0x00000004   Zero   RW          280    .bss.Watering_outputs_on_off.time_in_seconds_prev  main.o
    0x200000f8        -       0x00000024   Zero   RW          220    .bss.adc1           main.o
    0x2000011c        -       0x00000018   Zero   RW          247    .bss.calib          main.o
    0x20000134        -       0x0000002c   Zero   RW          221    .bss.com1           main.o
    0x20000160        -       0x0000002c   Zero   RW          225    .bss.com2           main.o
    0x2000018c        -       0x0000002c   Zero   RW          224    .bss.com3           main.o
    0x200001b8        -       0x0000002c   Zero   RW          231    .bss.com4           main.o
    0x200001e4        -       0x0000002c   Zero   RW          230    .bss.com5           main.o
    0x20000210        -       0x00000001   Zero   RW          244    .bss.control_link_is_lost  main.o
    0x20000211   0x0800aacc   0x00000001   PAD
    0x20000212        -       0x00000002   Zero   RW          243    .bss.display_brightness  main.o
    0x20000214        -       0x00000002   Zero   RW          242    .bss.display_brightness_timer  main.o
    0x20000216        -       0x00000009   Zero   RW           82    .bss.ds18_sensors   ds18b20.o
    0x2000021f   0x0800aacc   0x00000001   PAD
    0x20000220        -       0x0000000c   Zero   RW          227    .bss.ds18b20        main.o
    0x2000022c        -       0x00000014   Zero   RW          219    .bss.e2p            main.o
    0x20000240        -       0x00000400   Zero   RW           51    .bss.e2p_temp_buf   backup.o
    0x20000640        -       0x00000030   Zero   RW          249    .bss.hadc1          main.o
    0x20000670        -       0x00000030   Zero   RW          245    .bss.hadc2          main.o
    0x200006a0        -       0x00000008   Zero   RW          216    .bss.hcrc           main.o
    0x200006a8        -       0x00000044   Zero   RW          284    .bss.hdma_adc1      main.o
    0x200006ec        -       0x00000044   Zero   RW          286    .bss.hdma_uart4_rx  main.o
    0x20000730        -       0x00000044   Zero   RW          287    .bss.hdma_uart4_tx  main.o
    0x20000774        -       0x00000044   Zero   RW          288    .bss.hdma_usart1_rx  main.o
    0x200007b8        -       0x00000044   Zero   RW          289    .bss.hdma_usart1_tx  main.o
    0x200007fc        -       0x00000044   Zero   RW          290    .bss.hdma_usart2_rx  main.o
    0x20000840        -       0x00000044   Zero   RW          291    .bss.hdma_usart2_tx  main.o
    0x20000884        -       0x00000044   Zero   RW          292    .bss.hdma_usart3_rx  main.o
    0x200008c8        -       0x00000044   Zero   RW          293    .bss.hdma_usart3_tx  main.o
    0x2000090c        -       0x00000054   Zero   RW          217    .bss.hi2c1          main.o
    0x20000960        -       0x00000014   Zero   RW          218    .bss.hrtc           main.o
    0x20000974        -       0x00000048   Zero   RW          250    .bss.htim4          main.o
    0x200009bc        -       0x00000044   Zero   RW          232    .bss.huart1         main.o
    0x20000a00        -       0x00000044   Zero   RW          233    .bss.huart2         main.o
    0x20000a44        -       0x00000044   Zero   RW          281    .bss.huart3         main.o
    0x20000a88        -       0x00000044   Zero   RW          256    .bss.huart4         main.o
    0x20000acc        -       0x00000044   Zero   RW          229    .bss.huart5         main.o
    0x20000b10        -       0x00000108   Zero   RW          222    .bss.jetson         main.o
    0x20000c18        -       0x00000034   Zero   RW          228    .bss.last_pump_cycle  main.o
    0x20000c4c        -       0x00000344   Zero   RW          223    .bss.nextion        main.o
    0x20000f90        -       0x00000008   Zero   RW          134    .bss.ow_buf         onewire.o
    0x20000f98        -       0x00000001   Zero   RW           83    .bss.owdevices      ds18b20.o
    0x20000f99        -       0x00000001   Zero   RW          215    .bss.power_down_detected  main.o
    0x20000f9a        -       0x00000001   Zero   RW          251    .bss.power_up_detected  main.o
    0x20000f9b   0x0800aacc   0x00000001   PAD
    0x20000f9c        -       0x00000040   Zero   RW          246    .bss.stats          main.o
    0x20000fdc        -       0x00000001   Zero   RW          226    .bss.time_led_is_on  main.o
    0x20000fdd   0x0800aacc   0x00000003   PAD
    0x20000fe0        -       0x00000004   Zero   RW          562    .bss.uwTick         stm32f1xx_hal.o
    0x20000fe4        -       0x00000036   Zero   RW          248    .bss.water_ctrl     main.o
    0x2000101a   0x0800aacc   0x00000006   PAD
    0x20001020        -       0x00000400   Zero   RW            2    HEAP                startup_stm32f103xe.o
    0x20001420        -       0x00000800   Zero   RW            1    STACK               startup_stm32f103xe.o


==============================================================================

Image component sizes


      Code (inc. data)   RO Data    RW Data    ZI Data      Debug   Object Name

      1710          0          0          0       1044      18147   backup.o
       364          0          0          0         11       6028   ds18b20.o
       248          0          0          0          0       4984   hex2ascii.o
     16104        216          0          0       2896      40656   main.o
      1122          6          0          0         31       8027   onewire.o
        64         26        304          0       3072        784   startup_stm32f103xe.o
       156          0          0          5          4       6062   stm32f1xx_hal.o
      1958          0          0          0          0      11044   stm32f1xx_hal_adc.o
       230          0          0          0          0       8643   stm32f1xx_hal_adc_ex.o
       274          0          0          0          0       8666   stm32f1xx_hal_cortex.o
        32          0          0          0          0       3085   stm32f1xx_hal_crc.o
      1384          0          0          0          0       8342   stm32f1xx_hal_dma.o
       762          4          0          0          0       4512   stm32f1xx_hal_gpio.o
      6196          0          0          0          0      38240   stm32f1xx_hal_i2c.o
      2146          0          0          0          0      14064   stm32f1xx_hal_msp.o
        42          0          0          0          0       4172   stm32f1xx_hal_pwr.o
      1412         20          0          0          0       7074   stm32f1xx_hal_rcc.o
       498         28          0          0          0       3715   stm32f1xx_hal_rcc_ex.o
      1274          0          0          0          0      15659   stm32f1xx_hal_rtc.o
        48          0          0          0          0       6121   stm32f1xx_hal_rtc_ex.o
      1594          4          0          0          0      48304   stm32f1xx_hal_tim.o
       140          0          0          0          0      20336   stm32f1xx_hal_tim_ex.o
      2096          0          0          0          0      20933   stm32f1xx_hal_uart.o
       262          0          0          0          0       7905   stm32f1xx_it.o
         2          0         24          4          0       1656   system_stm32f1xx.o

    ----------------------------------------------------------------------
     40174        304        362         12       7092     317159   Object Totals
         0          0         32          0          0          0   (incl. Generated)
        56          0          2          3         34          0   (incl. Padding)

    ----------------------------------------------------------------------

      Code (inc. data)   RO Data    RW Data    ZI Data      Debug   Library Member Name

         8          0          0          0          0         68   __main.o
         0          0          0          0          0          0   __rtentry.o
        12          0          0          0          0          0   __rtentry2.o
         6          0          0          0          0          0   __rtentry4.o
        52          8          0          0          0          0   __scatter.o
        26          0          0          0          0          0   __scatter_copy.o
        28          0          0          0          0          0   __scatter_zi.o
        18          0          0          0          0         80   exit.o
         6          0          0          0          0        152   heapauxi.o
         0          0          0          0          0          0   indicate_semi.o
         2          0          0          0          0          0   libinit.o
         2          0          0          0          0          0   libinit2.o
         2          0          0          0          0          0   libshutdown.o
         2          0          0          0          0          0   libshutdown2.o
         8          4          0          0         96         68   libspace.o
        68          0          0          0          0         68   rt_memclr.o
        78          0          0          0          0         80   rt_memclr_w.o
         2          0          0          0          0          0   rtexit.o
        10          0          0          0          0          0   rtexit2.o
        12          4          0          0          0         68   sys_exit.o
        74          0          0          0          0         80   sys_stackheap_outer.o
         2          0          0          0          0         68   use_no_semi.o
        98          4          0          0          0         92   d2f.o
        94          4          0          0          0         92   dfix.o
        46          0          0          0          0         68   dflt_clz.o
       340         12          0          0          0        104   dmul.o
       156          4          0          0          0         92   dnaninf.o
        12          0          0          0          0         68   dretinf.o
       430          8          0          0          0        168   faddsub_clz.o
        84          0          0          0          0        196   fcmp.o
        24          0          0          0          0         68   fcmpi.o
       388         76          0          0          0         96   fdiv.o
       104          4          0          0          0         84   feqf.o
        54          4          0          0          0         84   ffix.o
        86          0          0          0          0        136   fflt_clz.o
       104          4          0          0          0         84   fgeqf.o
       104          4          0          0          0         84   fleqf.o
       258          4          0          0          0         84   fmul.o
       140          4          0          0          0         84   fnaninf.o
        10          0          0          0          0         68   fretinf.o
        96          4          0          0          0         76   frnd.o
         0          0          0          0          0          0   usenofp.o
       114          0          0          0          0         80   roundf.o

    ----------------------------------------------------------------------
      3172        152          0          0         96       2640   Library Totals
        12          0          0          0          0          0   (incl. Padding)

    ----------------------------------------------------------------------

      Code (inc. data)   RO Data    RW Data    ZI Data      Debug   Library Name

       418         16          0          0         96        732   c_w.l
      2628        136          0          0          0       1828   fz_ws.l
       114          0          0          0          0         80   m_ws.l

    ----------------------------------------------------------------------
      3172        152          0          0         96       2640   Library Totals

    ----------------------------------------------------------------------

==============================================================================


      Code (inc. data)   RO Data    RW Data    ZI Data      Debug   

     43346        456        362         12       7188     317983   Grand Totals
     43346        456        362         12       7188     317983   ELF Image Totals
     43346        456        362         12          0          0   ROM Totals

==============================================================================

    Total RO  Size (Code + RO Data)                43708 (  42.68kB)
    Total RW  Size (RW Data + ZI Data)              7200 (   7.03kB)
    Total ROM Size (Code + RO Data + RW Data)      43720 (  42.70kB)

==============================================================================

